Archive member included to satisfy reference by file (symbol)

/opt/devkitpro/libnds/lib/libmm9.a(mm_comms.o)
                              main.o (mmStart)
/opt/devkitpro/libnds/lib/libmm9.a(mm_memory.o)
                              main.o (mmLoad)
/opt/devkitpro/libnds/lib/libmm9.a(mm_main9.o)
                              /opt/devkitpro/libnds/lib/libmm9.a(mm_memory.o) (mmcbMemory)
/opt/devkitpro/libnds/lib/libmm9.a(mm_soundbank.o)
                              /opt/devkitpro/libnds/lib/libmm9.a(mm_main9.o) (mmSoundBankInMemory)
/opt/devkitpro/libnds/lib/libmm9.a(mm_flusher.o)
                              /opt/devkitpro/libnds/lib/libmm9.a(mm_memory.o) (mmFlushBank)
/opt/devkitpro/libnds/lib/libnds9.a(background.o)
                              main.o (bgUpdate)
/opt/devkitpro/libnds/lib/libnds9.a(console.o)
                              main.o (consoleDemoInit)
/opt/devkitpro/libnds/lib/libnds9.a(gl2d.o)
                              main.o (glBegin2D)
/opt/devkitpro/libnds/lib/libnds9.a(trig.o)
                              main.o (sinLerp)
/opt/devkitpro/libnds/lib/libnds9.a(videoGL.o)
                              main.o (glMaterialf)
/opt/devkitpro/libnds/lib/libnds9.a(keyboard.o)
                              main.o (keyboardUpdate)
/opt/devkitpro/libnds/lib/libnds9.a(keys.o)
                              main.o (scanKeys)
/opt/devkitpro/libnds/lib/libnds9.a(initSystem.o)
                              /opt/devkitpro/devkitARM/lib/gcc/arm-none-eabi/10.1.0/../../../../arm-none-eabi/lib/thumb/ds_arm9_crt0.o (initSystem)
/opt/devkitpro/libnds/lib/libnds9.a(timeSupport.o)
                              /opt/devkitpro/libnds/lib/libnds9.a(initSystem.o) (__libnds_gtod)
/opt/devkitpro/libnds/lib/libnds9.a(securearea.o)
                              /opt/devkitpro/devkitARM/lib/gcc/arm-none-eabi/10.1.0/../../../../arm-none-eabi/lib/thumb/ds_arm9_crt0.o (__secure_area__)
/opt/devkitpro/libnds/lib/libnds9.a(interrupts.o)
                              main.o (irqSet)
/opt/devkitpro/libnds/lib/libnds9.a(libnds_exit.arm.o)
                              /opt/devkitpro/devkitARM/lib/gcc/arm-none-eabi/10.1.0/../../../../arm-none-eabi/lib/thumb/ds_arm9_crt0.o (__libnds_exit)
/opt/devkitpro/libnds/lib/libnds9.a(fifosystem.o)
                              /opt/devkitpro/libnds/lib/libmm9.a(mm_comms.o) (fifoSetValue32Handler)
/opt/devkitpro/libnds/lib/libnds9.a(dcache.o)
                              main.o (DC_FlushAll)
/opt/devkitpro/libnds/lib/libnds9.a(mpu_setup.o)
                              /opt/devkitpro/devkitARM/lib/gcc/arm-none-eabi/10.1.0/../../../../arm-none-eabi/lib/thumb/ds_arm9_crt0.o (__libnds_mpu_setup)
/opt/devkitpro/libnds/lib/libnds9.a(IntrWait.o)
                              main.o (swiWaitForVBlank)
/opt/devkitpro/libnds/lib/libnds9.a(cpu_clock.o)
                              /opt/devkitpro/libnds/lib/libnds9.a(initSystem.o) (setCpuClock)
/opt/devkitpro/libnds/lib/libnds9.a(interruptDispatcher.o)
                              /opt/devkitpro/libnds/lib/libnds9.a(interrupts.o) (IntrMain)
/opt/devkitpro/libnds/lib/libnds9.a(debugprint.o)
                              /opt/devkitpro/libnds/lib/libnds9.a(console.o) (nocashWrite)
/opt/devkitpro/libnds/lib/libnds9.a(swiSoftReset.o)
                              /opt/devkitpro/libnds/lib/libnds9.a(fifosystem.o) (swiSoftReset)
/opt/devkitpro/libnds/lib/libnds9.a(biosCalls.o)
                              /opt/devkitpro/libnds/lib/libnds9.a(videoGL.o) (swiCopy)
/opt/devkitpro/libnds/lib/libnds9.a(default_font.bin.o)
                              /opt/devkitpro/libnds/lib/libnds9.a(console.o) (default_font_bin)
/opt/devkitpro/libnds/lib/libnds9.a(keyboardGfx.o)
                              /opt/devkitpro/libnds/lib/libnds9.a(keyboard.o) (keyboardGfxTiles)
/opt/devkitpro/libnds/lib/libnds9.a(dynamicArray.o)
                              /opt/devkitpro/libnds/lib/libnds9.a(videoGL.o) (DynamicArrayInit)
/opt/devkitpro/libnds/lib/libnds9.a(video.o)
                              /opt/devkitpro/libnds/lib/libnds9.a(videoGL.o) (vramSetBanks_EFG)
/opt/devkitpro/libnds/lib/libnds9.a(touch.o)
                              /opt/devkitpro/libnds/lib/libnds9.a(keyboard.o) (touchRead)
/opt/devkitpro/libnds/lib/libnds9.a(system.o)
                              /opt/devkitpro/libnds/lib/libnds9.a(initSystem.o) (systemValueHandler)
/opt/devkitpro/libnds/lib/libnds9.a(decompress.o)
                              /opt/devkitpro/libnds/lib/libnds9.a(keyboard.o) (decompress)
/opt/devkitpro/libnds/lib/libnds9.a(syscalls.o)
                              /opt/devkitpro/libnds/lib/libnds9.a(decompress.o) (swiDecompressLZSSVram)
/opt/devkitpro/devkitARM/lib/gcc/arm-none-eabi/10.1.0/../../../../arm-none-eabi/lib/thumb/libstdc++.a(del_ops.o)
                              main.o (operator delete(void*, unsigned int))
/opt/devkitpro/devkitARM/lib/gcc/arm-none-eabi/10.1.0/../../../../arm-none-eabi/lib/thumb/libstdc++.a(del_opv.o)
[...]
Memory Configuration

Name             Origin             Length             Attributes
ewram            0x0000000002000000 0x0000000000380000
dtcm             0x0000000002ff0000 0x0000000000004000
vectors          0x0000000001000000 0x0000000000000100
itcm             0x0000000001000100 0x0000000000007f00
*default*        0x0000000000000000 0xffffffffffffffff

Linker script and memory map

                0x0000000002380000                __ewram_end = (ORIGIN (ewram) + LENGTH (ewram))
                0x0000000002380000                __eheap_end = (ORIGIN (ewram) + LENGTH (ewram))
                0x0000000002ff4000                __dtcm_top = (ORIGIN (dtcm) + LENGTH (dtcm))
                0x0000000002ff3ff8                __irq_flags = (__dtcm_top - 0x8)
                0x0000000002ff3ffc                __irq_vector = (__dtcm_top - 0x4)
                0x0000000002ff3f00                __sp_svc = (__dtcm_top - 0x100)
                0x0000000002ff3e00                __sp_irq = (__sp_svc - 0x100)
                0x0000000002ff3d00                __sp_usr = (__sp_irq - 0x100)

.secure         0x0000000002000000      0x800
 *(.secure)
 .secure        0x0000000002000000      0x800 /opt/devkitpro/libnds/lib/libnds9.a(securearea.o)
                0x0000000002000000                __secure_area__

.crt0           0x0000000002000800      0x300
                0x0000000002000800                __text_start = .
 *(.crt0)
 .crt0          0x0000000002000800      0x300 /opt/devkitpro/devkitARM/lib/gcc/arm-none-eabi/10.1.0/../../../../arm-none-eabi/lib/thumb/ds_arm9_crt0.o
                0x0000000002000800                _start
                0x0000000002000b00                . = ALIGN (0x4)

.plt
 *(.plt)

.init           0x0000000002000b00        0xc
 *(SORT_NONE(.init))
 .init          0x0000000002000b00        0x4 /opt/devkitpro/devkitARM/lib/gcc/arm-none-eabi/10.1.0/thumb/crti.o
                0x0000000002000b00                _init
 .init          0x0000000002000b04        0x8 /opt/devkitpro/devkitARM/lib/gcc/arm-none-eabi/10.1.0/thumb/crtn.o

.text           0x0000000002000b10    0x14f80
 *(EXCLUDE_FILE(*.twl* *.vectors* *.itcm*) .text)
 .text          0x0000000002000b10     0x13b8 main.o
                0x0000000002000b10                updateFrame()
                0x0000000002000b24                myEventHandler(unsigned int, unsigned int)
                0x0000000002000b58                Cglfont::~Cglfont()
                0x0000000002000b58                Cglfont::~Cglfont()
                0x0000000002000b6c                Cglfont::Cglfont(unsigned int, unsigned short const*, unsigned char const*)
                0x0000000002000b6c                Cglfont::Cglfont(unsigned int, unsigned short const*, unsigned char const*)
                0x0000000002000bc4                Cglfont::setExtended(bool, bool)
                0x0000000002000bd4                Cglfont::print(int, int, char const*)
                0x0000000002000c14                Cglfont::printOutline(int, int)
                0x0000000002000c28                Cglfont::printRight(int, int, char const*)
                0x0000000002000c98                Cglfont::printCentered(int, char const*)
                0x0000000002000d08                Cglfont::printWidth(char const*)
                0x0000000002000d30                Cglfont::getTextureID()
                0x0000000002000d34                Cglfont::getTexturePack(unsigned int, CORNER, unsigned int)
                0x0000000002000da8                overflowDefault(long*)
                0x0000000002000dac                printValue(long*, bool, unsigned char, void (*)(long*))
                0x0000000002000e90                inFrameCount()
                0x0000000002000eb4                enterFrameWhile()
                0x0000000002000ef8                putMain(int, int, int, int)
                0x0000000002000f4c                putSub(int, int, int, int, int)
                0x0000000002000fbc                clearMain(int)
                0x0000000002001008                clearSub(int)
                0x000000000200109c                loadTitleMain(unsigned int const*, int, unsigned short const*, int)
                0x00000000020011c4                defaultTilesMain()
                0x00000000020012b4                extendedPalettes(unsigned short const*, int)
                0x0000000002001400                setFor2D()
                0x0000000002001418                setFor3D()
                0x0000000002001a8c                drawMain()
                0x0000000002001a90                drawSub()
                0x0000000002001a94                draw3D()
                0x0000000002001bf4                draw2D()
                0x0000000002001c00                drawSubMeta()
                0x0000000002001d04                processInputs(unsigned int)
                0x0000000002001d18                processMotions()
                0x0000000002001d1c                processCollisions()
                0x0000000002001d20                processStateMachine()
                0x0000000002001d24                playMod(unsigned char)
                0x0000000002001d58                playEffect(int, bool)
                0x0000000002001db0                loadMods()
                0x0000000002001dd8                loadEffects()
                0x0000000002001e28                progressMessage(PROGRESS)
                0x0000000002001e5c                cleanUp()
 .text          0x0000000002001ec8      0x24c /opt/devkitpro/libnds/lib/libmm9.a(mm_comms.o)
                0x0000000002001ec8                mmSetupComms
                0x0000000002001f1a                mmSendBank
                0x0000000002001f24                mmLockChannels
                0x0000000002001f2a                mmUnlockChannels
                0x0000000002001f30                mmStart
                0x0000000002001f3a                mmPause
                0x0000000002001f3e                mmResume
                0x0000000002001f42                mmStop
                0x0000000002001f46                mmPosition
                0x0000000002001f4a                mmJingle
                0x0000000002001f4e                mmSetModuleVolume
                0x0000000002001f52                mmSetJingleVolume
                0x0000000002001f56                mmSetModuleTempo
                0x0000000002001f5a                mmSetModulePitch
                0x0000000002001f5e                mmSetEffectsVolume
                0x0000000002001f62                mmSelectMode
                0x0000000002001f66                mmStreamBegin
                0x0000000002001f7a                mmStreamEnd
                0x0000000002001fd0                mmEffect
                0x0000000002001ff4                mmEffectVolume
                0x0000000002001ff8                mmEffectPanning
                0x0000000002001ffc                mmEffectRate
                0x0000000002002006                mmEffectScaleRate
                0x0000000002002010                mmEffectRelease
                0x0000000002002016                mmEffectCancel
                0x000000000200201c                mmEffectEx
                0x000000000200205a                mmEffectCancelAll
                0x000000000200205e                mmReverbEnable
                0x0000000002002062                mmReverbDisable
                0x0000000002002066                mmReverbConfigure
                0x00000000020020c2                mmReverbStart
                0x00000000020020c6                mmReverbStop
 .text          0x0000000002002114      0x120 /opt/devkitpro/libnds/lib/libmm9.a(mm_memory.o)
                0x0000000002002114                mmLoad
                0x0000000002002164                mmUnload
                0x00000000020021bc                mmLoadEffect
                0x00000000020021f4                mmUnloadEffect
 .text          0x0000000002002234      0x108 /opt/devkitpro/libnds/lib/libmm9.a(mm_main9.o)
                0x0000000002002234                mmActive
                0x000000000200223a                mmSetEventHandler
                0x0000000002002240                mmInit
                0x000000000200226a                mmInitDefault
                0x00000000020022b4                mmInitDefaultMem
                0x00000000020022d6                mmSuspendIRQ_t
                0x00000000020022f4                mmRestoreIRQ_t
 .text          0x000000000200233c      0x100 /opt/devkitpro/libnds/lib/libmm9.a(mm_soundbank.o)
                0x000000000200233c                mmSoundBankInMemory
                0x0000000002002344                mmSoundBankInFiles
                0x0000000002002356                mmSetCustomSoundBankHandler
                0x0000000002002382                mmsHandleFileOp
 .text          0x000000000200243c       0x3c /opt/devkitpro/libnds/lib/libmm9.a(mm_flusher.o)
                0x000000000200243c                mmFlushBank
 .text          0x0000000002002478      0x11c /opt/devkitpro/devkitARM/lib/gcc/arm-none-eabi/10.1.0/thumb/libgcc.a(_udivsi3.o)
                0x0000000002002478                __udivsi3
                0x0000000002002478                __aeabi_uidiv
                0x0000000002002574                __aeabi_uidivmod
 .text          0x0000000002002594      0x150 /opt/devkitpro/devkitARM/lib/gcc/arm-none-eabi/10.1.0/thumb/libgcc.a(_divsi3.o)
                0x0000000002002594                __aeabi_idiv
                0x0000000002002594                __divsi3
                0x00000000020026c4                __aeabi_idivmod
 .text          0x00000000020026e4        0x4 /opt/devkitpro/devkitARM/lib/gcc/arm-none-eabi/10.1.0/thumb/libgcc.a(_dvmd_tls.o)
                0x00000000020026e4                __aeabi_ldiv0
                0x00000000020026e4                __aeabi_idiv0
 .text          0x00000000020026e8      0x1d8 /opt/devkitpro/devkitARM/lib/gcc/arm-none-eabi/10.1.0/thumb/libgcc.a(libunwind.o)
                0x00000000020026e8                __restore_core_regs
                0x00000000020026e8                restore_core_regs
                0x0000000002002704                __gnu_Unwind_Restore_VFP
                0x000000000200270c                __gnu_Unwind_Save_VFP
                0x0000000002002714                __gnu_Unwind_Restore_VFP_D
                0x000000000200271c                __gnu_Unwind_Save_VFP_D
                0x0000000002002724                __gnu_Unwind_Restore_VFP_D_16_to_31
                0x000000000200272c                __gnu_Unwind_Save_VFP_D_16_to_31
                0x0000000002002734                __gnu_Unwind_Restore_WMMXD
                0x0000000002002778                __gnu_Unwind_Save_WMMXD
                0x00000000020027bc                __gnu_Unwind_Restore_WMMXC
                0x00000000020027d0                __gnu_Unwind_Save_WMMXC
                0x00000000020027e4                ___Unwind_RaiseException
                0x00000000020027e4                _Unwind_RaiseException
                0x0000000002002810                ___Unwind_Resume
                0x0000000002002810                _Unwind_Resume
                0x000000000200283c                _Unwind_Resume_or_Rethrow
                0x000000000200283c                ___Unwind_Resume_or_Rethrow
                0x0000000002002868                ___Unwind_ForcedUnwind
                0x0000000002002868                _Unwind_ForcedUnwind
                0x0000000002002894                _Unwind_Backtrace
                0x0000000002002894                ___Unwind_Backtrace
 .text          0x00000000020028c0      0x224 /opt/devkitpro/devkitARM/lib/gcc/arm-none-eabi/10.1.0/../../../../arm-none-eabi/lib/thumb/libg.a(lib_a-strcmp.o)
                0x00000000020028c0                strcmp
 .text          0x0000000002002ae4       0x14 /opt/devkitpro/devkitARM/lib/gcc/arm-none-eabi/10.1.0/thumb/libgcc.a(_thumb1_case_uqi.o)
                0x0000000002002ae4                __gnu_thumb1_case_uqi
 .text          0x0000000002002af8       0x14 /opt/devkitpro/devkitARM/lib/gcc/arm-none-eabi/10.1.0/thumb/libgcc.a(_thumb1_case_uhi.o)
                0x0000000002002af8                __gnu_thumb1_case_uhi
 .text          0x0000000002002b0c      0x424 /opt/devkitpro/devkitARM/lib/gcc/arm-none-eabi/10.1.0/thumb/libgcc.a(_arm_addsubdf3.o)
                0x0000000002002b0c                __aeabi_drsub
                0x0000000002002b14                __aeabi_dsub
                0x0000000002002b14                __subdf3
                0x0000000002002b18                __adddf3
                0x0000000002002b18                __aeabi_dadd
                0x0000000002002e28                __aeabi_ui2d
                0x0000000002002e28                __floatunsidf
                0x0000000002002e4c                __floatsidf
                0x0000000002002e4c                __aeabi_i2d
                0x0000000002002e74                __extendsfdf2
                0x0000000002002e74                __aeabi_f2d
                0x0000000002002ebc                __aeabi_ul2d
                0x0000000002002ebc                __floatundidf
                0x0000000002002ed0                __floatdidf
                0x0000000002002ed0                __aeabi_l2d
 .text          0x0000000002002f30      0x49c /opt/devkitpro/devkitARM/lib/gcc/arm-none-eabi/10.1.0/thumb/libgcc.a(_arm_muldivdf3.o)
                0x0000000002002f30                __aeabi_dmul
                0x0000000002002f30                __muldf3
                0x00000000020031c0                __aeabi_ddiv
                0x00000000020031c0                __divdf3
 .text          0x00000000020033cc      0x144 /opt/devkitpro/devkitARM/lib/gcc/arm-none-eabi/10.1.0/thumb/libgcc.a(_arm_cmpdf2.o)
                0x00000000020033cc                __gtdf2
                0x00000000020033cc                __gedf2
                0x00000000020033d4                __ltdf2
                0x00000000020033d4                __ledf2
                0x00000000020033dc                __cmpdf2
                0x00000000020033dc                __eqdf2
                0x00000000020033dc                __nedf2
                0x0000000002003464                __aeabi_cdrcmple
                0x0000000002003480                __aeabi_cdcmple
                0x0000000002003480                __aeabi_cdcmpeq
                0x0000000002003498                __aeabi_dcmpeq
                0x00000000020034b0                __aeabi_dcmplt
                0x00000000020034c8                __aeabi_dcmple
                0x00000000020034e0                __aeabi_dcmpge
                0x00000000020034f8                __aeabi_dcmpgt
 .text          0x0000000002003510       0x38 /opt/devkitpro/devkitARM/lib/gcc/arm-none-eabi/10.1.0/thumb/libgcc.a(_arm_unorddf2.o)
                0x0000000002003510                __aeabi_dcmpun
                0x0000000002003510                __unorddf2
 .text          0x0000000002003548       0x5c /opt/devkitpro/devkitARM/lib/gcc/arm-none-eabi/10.1.0/thumb/libgcc.a(_arm_fixdfsi.o)
                0x0000000002003548                __fixdfsi
                0x0000000002003548                __aeabi_d2iz
 .text          0x00000000020035a4       0x3c /opt/devkitpro/devkitARM/lib/gcc/arm-none-eabi/10.1.0/thumb/libgcc.a(_aeabi_uldivmod.o)
                0x00000000020035a4                __aeabi_uldivmod
 .text          0x00000000020035e0       0x28 /opt/devkitpro/devkitARM/lib/gcc/arm-none-eabi/10.1.0/thumb/libgcc.a(_clzdi2.o)
                0x00000000020035e0                __clzdi2
 .text          0x0000000002003608       0x48 /opt/devkitpro/devkitARM/lib/gcc/arm-none-eabi/10.1.0/thumb/libgcc.a(_clzsi2.o)
                0x0000000002003608                __clzsi2
 *(EXCLUDE_FILE(*.twl* *.vectors* *.itcm*) .stub)
 *(EXCLUDE_FILE(*.twl* *.vectors* *.itcm*) .text.*)
 .text.deregister_tm_clones
                0x0000000002003650       0x2c /opt/devkitpro/devkitARM/lib/gcc/arm-none-eabi/10.1.0/thumb/crtbegin.o
 .text.register_tm_clones
                0x000000000200367c       0x34 /opt/devkitpro/devkitARM/lib/gcc/arm-none-eabi/10.1.0/thumb/crtbegin.o
 .text.__do_global_dtors_aux
                0x00000000020036b0       0x30 /opt/devkitpro/devkitARM/lib/gcc/arm-none-eabi/10.1.0/thumb/crtbegin.o
 .text.frame_dummy
                0x00000000020036e0       0x28 /opt/devkitpro/devkitARM/lib/gcc/arm-none-eabi/10.1.0/thumb/crtbegin.o
 .text.startup  0x0000000002003708      0x30c main.o
                0x0000000002003708                main
 .text.checkIfText
                0x0000000002003a14       0x5c /opt/devkitpro/libnds/lib/libnds9.a(background.o)
                0x0000000002003a14                checkIfText
 .text.bgUpdate
                0x0000000002003a70       0xf4 /opt/devkitpro/libnds/lib/libnds9.a(background.o)
                0x0000000002003a70                bgUpdate
 .text.bgInit_call
                0x0000000002003b64       0xc4 /opt/devkitpro/libnds/lib/libnds9.a(background.o)
                0x0000000002003b64                bgInit_call
 .text.bgInitSub_call
                0x0000000002003c28       0xcc /opt/devkitpro/libnds/lib/libnds9.a(background.o)
                0x0000000002003c28                bgInitSub_call
 .text.newRow   0x0000000002003cf4       0xb0 /opt/devkitpro/libnds/lib/libnds9.a(console.o)
 .text.consolePrintChar
                0x0000000002003da4       0xec /opt/devkitpro/libnds/lib/libnds9.a(console.o)
                0x0000000002003da4                consolePrintChar
 .text.con_write
                0x0000000002003e90      0x374 /opt/devkitpro/libnds/lib/libnds9.a(console.o)
                0x0000000002003e90                con_write
 .text.consoleLoadFont
                0x0000000002004204      0x2a8 /opt/devkitpro/libnds/lib/libnds9.a(console.o)
                0x0000000002004204                consoleLoadFont
 .text.consoleInit
                0x00000000020044ac      0x194 /opt/devkitpro/libnds/lib/libnds9.a(console.o)
                0x00000000020044ac                consoleInit
 .text.consoleDemoInit
                0x0000000002004640       0x40 /opt/devkitpro/libnds/lib/libnds9.a(console.o)
                0x0000000002004640                consoleDemoInit
 .text.consoleSetWindow
                0x0000000002004680       0x20 /opt/devkitpro/libnds/lib/libnds9.a(console.o)
                0x0000000002004680                consoleSetWindow
 .text.SetOrtho
                0x00000000020046a0      0x184 /opt/devkitpro/libnds/lib/libnds9.a(gl2d.o)
                0x00000000020046a0                SetOrtho
 .text.glBegin2D
                0x0000000002004824       0x84 /opt/devkitpro/libnds/lib/libnds9.a(gl2d.o)
                0x0000000002004824                glBegin2D
 .text.glEnd2D  0x00000000020048a8       0x1c /opt/devkitpro/libnds/lib/libnds9.a(gl2d.o)
                0x00000000020048a8                glEnd2D
 .text.glSprite
                0x00000000020048c4      0x108 /opt/devkitpro/libnds/lib/libnds9.a(gl2d.o)
                0x00000000020048c4                glSprite
 .text.glLoadTileSet
                0x00000000020049cc       0xd0 /opt/devkitpro/libnds/lib/libnds9.a(gl2d.o)
                0x00000000020049cc                glLoadTileSet
 .text.sinLutLookup
                0x0000000002004a9c       0x38 /opt/devkitpro/libnds/lib/libnds9.a(trig.o)
                0x0000000002004a9c                sinLutLookup
 .text.sinLerp  0x0000000002004ad4       0x40 /opt/devkitpro/libnds/lib/libnds9.a(trig.o)
                0x0000000002004ad4                sinLerp
 .text.cosLerp  0x0000000002004b14       0x4c /opt/devkitpro/libnds/lib/libnds9.a(trig.o)
                0x0000000002004b14                cosLerp
 .text.tanLerp  0x0000000002004b60       0xa4 /opt/devkitpro/libnds/lib/libnds9.a(trig.o)
                0x0000000002004b60                tanLerp
 .text.vramBlock__deallocateBlock.part.0
                0x0000000002004c04      0x184 /opt/devkitpro/libnds/lib/libnds9.a(videoGL.o)
 .text.glMaterialf
                0x0000000002004d88       0x7c /opt/devkitpro/libnds/lib/libnds9.a(videoGL.o)
                0x0000000002004d88                glMaterialf
 .text.vramBlock_init
                0x0000000002004e04       0x5c /opt/devkitpro/libnds/lib/libnds9.a(videoGL.o)
                0x0000000002004e04                vramBlock_init
 .text.vramBlock__allocateBlock
                0x0000000002004e60      0x178 /opt/devkitpro/libnds/lib/libnds9.a(videoGL.o)
                0x0000000002004e60                vramBlock__allocateBlock
 .text.vramBlock_examineSpecial
                0x0000000002004fd8      0x244 /opt/devkitpro/libnds/lib/libnds9.a(videoGL.o)
                0x0000000002004fd8                vramBlock_examineSpecial
 .text.vramBlock_allocateSpecial
                0x000000000200521c       0x6c /opt/devkitpro/libnds/lib/libnds9.a(videoGL.o)
                0x000000000200521c                vramBlock_allocateSpecial
 .text.vramBlock_allocateBlock
                0x0000000002005288       0x30 /opt/devkitpro/libnds/lib/libnds9.a(videoGL.o)
                0x0000000002005288                vramBlock_allocateBlock
 .text.vramBlock_deallocateBlock
                0x00000000020052b8       0x48 /opt/devkitpro/libnds/lib/libnds9.a(videoGL.o)
                0x00000000020052b8                vramBlock_deallocateBlock
 .text.removePaletteFromTexture.part.0
                0x0000000002005300       0x68 /opt/devkitpro/libnds/lib/libnds9.a(videoGL.o)
 .text.glInit_C
                0x0000000002005368      0x1cc /opt/devkitpro/libnds/lib/libnds9.a(videoGL.o)
                0x0000000002005368                glInit_C
 .text.glResetTextures
                0x0000000002005534       0xd0 /opt/devkitpro/libnds/lib/libnds9.a(videoGL.o)
                0x0000000002005534                glResetTextures
 .text.glGenTextures
                0x0000000002005604       0x80 /opt/devkitpro/libnds/lib/libnds9.a(videoGL.o)
                0x0000000002005604                glGenTextures
 .text.vramGetBank
                0x0000000002005684       0xb8 /opt/devkitpro/libnds/lib/libnds9.a(videoGL.o)
                0x0000000002005684                vramGetBank
 .text.glBindTexture
                0x000000000200573c       0x60 /opt/devkitpro/libnds/lib/libnds9.a(videoGL.o)
                0x000000000200573c                glBindTexture
 .text.glColorTableEXT
                0x000000000200579c      0x1d8 /opt/devkitpro/libnds/lib/libnds9.a(videoGL.o)
                0x000000000200579c                glColorTableEXT
 .text.glTexImage2D
                0x0000000002005974      0x414 /opt/devkitpro/libnds/lib/libnds9.a(videoGL.o)
                0x0000000002005974                glTexImage2D
 .text.swapKeyGfx.part.0
                0x0000000002005d88      0x144 /opt/devkitpro/libnds/lib/libnds9.a(keyboard.o)
 .text.keyboardGetKey
                0x0000000002005ecc       0x4c /opt/devkitpro/libnds/lib/libnds9.a(keyboard.o)
                0x0000000002005ecc                keyboardGetKey
 .text.keyboardShiftState
                0x0000000002005f18       0x98 /opt/devkitpro/libnds/lib/libnds9.a(keyboard.o)
                0x0000000002005f18                keyboardShiftState
 .text.keyboardUpdate
                0x0000000002005fb0      0x138 /opt/devkitpro/libnds/lib/libnds9.a(keyboard.o)
                0x0000000002005fb0                keyboardUpdate
 .text.keyboardInit
                0x00000000020060e8      0x208 /opt/devkitpro/libnds/lib/libnds9.a(keyboard.o)
                0x00000000020060e8                keyboardInit
 .text.keyboardDemoInit
                0x00000000020062f0       0x2c /opt/devkitpro/libnds/lib/libnds9.a(keyboard.o)
                0x00000000020062f0                keyboardDemoInit
 .text.keyboardShow
                0x000000000200631c       0xdc /opt/devkitpro/libnds/lib/libnds9.a(keyboard.o)
                0x000000000200631c                keyboardShow
 .text.keyboardHide
                0x00000000020063f8       0x90 /opt/devkitpro/libnds/lib/libnds9.a(keyboard.o)
                0x00000000020063f8                keyboardHide
 .text.keyboardRead
                0x0000000002006488       0xc0 /opt/devkitpro/libnds/lib/libnds9.a(keyboard.o)
                0x0000000002006488                keyboardRead
 .text.scanKeys
                0x0000000002006548       0x8c /opt/devkitpro/libnds/lib/libnds9.a(keys.o)
                0x0000000002006548                scanKeys
 .text.keysHeld
                0x00000000020065d4        0xc /opt/devkitpro/libnds/lib/libnds9.a(keys.o)
                0x00000000020065d4                keysHeld
 .text.keysDown
                0x00000000020065e0       0x14 /opt/devkitpro/libnds/lib/libnds9.a(keys.o)
                0x00000000020065e0                keysDown
 .text.keysCurrent
                0x00000000020065f4       0x38 /opt/devkitpro/libnds/lib/libnds9.a(keys.o)
                0x00000000020065f4                keysCurrent
 .text.initSystem
                0x000000000200662c      0x198 /opt/devkitpro/libnds/lib/libnds9.a(initSystem.o)
                0x000000000200662c                initSystem
 .text.__libnds_gtod
                0x00000000020067c4       0x28 /opt/devkitpro/libnds/lib/libnds9.a(timeSupport.o)
                0x00000000020067c4                __libnds_gtod
 .text.irqDummy
                0x00000000020067ec        0x4 /opt/devkitpro/libnds/lib/libnds9.a(interrupts.o)
                0x00000000020067ec                irqDummy
 .text.irqSet   0x00000000020067f0       0x6c /opt/devkitpro/libnds/lib/libnds9.a(interrupts.o)
                0x00000000020067f0                irqSet
 .text.irqInit  0x000000000200685c       0x50 /opt/devkitpro/libnds/lib/libnds9.a(interrupts.o)
                0x000000000200685c                irqInit
 .text.irqEnable
                0x00000000020068ac       0x64 /opt/devkitpro/libnds/lib/libnds9.a(interrupts.o)
                0x00000000020068ac                irqEnable
 .text.irqDisable
                0x0000000002006910       0x64 /opt/devkitpro/libnds/lib/libnds9.a(interrupts.o)
                0x0000000002006910                irqDisable
 .text.irqClear
                0x0000000002006974       0x38 /opt/devkitpro/libnds/lib/libnds9.a(interrupts.o)
                0x0000000002006974                irqClear
 .text.systemErrorExit
                0x00000000020069ac        0x4 /opt/devkitpro/libnds/lib/libnds9.a(libnds_exit.arm.o)
                0x00000000020069ac                systemErrorExit
 .text.__libnds_exit
                0x00000000020069b0       0x5c /opt/devkitpro/libnds/lib/libnds9.a(libnds_exit.arm.o)
                0x00000000020069b0                __libnds_exit
 .text.fifo_queueBlock
                0x0000000002006a0c       0x44 /opt/devkitpro/libnds/lib/libnds9.a(fifosystem.o)
 .text.fifo_waitBlock
                0x0000000002006a50       0x80 /opt/devkitpro/libnds/lib/libnds9.a(fifosystem.o)
 .text.fifoInternalSend.part.0
                0x0000000002006ad0       0xd4 /opt/devkitpro/libnds/lib/libnds9.a(fifosystem.o)
 .text.fifoInternalSendInterrupt
                0x0000000002006ba4       0xa8 /opt/devkitpro/libnds/lib/libnds9.a(fifosystem.o)
 .text.fifoSetValue32Handler
                0x0000000002006c4c       0xd8 /opt/devkitpro/libnds/lib/libnds9.a(fifosystem.o)
                0x0000000002006c4c                fifoSetValue32Handler
 .text.fifoSendValue32
                0x0000000002006d24       0x4c /opt/devkitpro/libnds/lib/libnds9.a(fifosystem.o)
                0x0000000002006d24                fifoSendValue32
 .text.fifoSendDatamsg
                0x0000000002006d70       0x90 /opt/devkitpro/libnds/lib/libnds9.a(fifosystem.o)
                0x0000000002006d70                fifoSendDatamsg
 .text.fifoGetDatamsg
                0x0000000002006e00       0xf4 /opt/devkitpro/libnds/lib/libnds9.a(fifosystem.o)
                0x0000000002006e00                fifoGetDatamsg
 .text.fifoInternalRecvInterrupt
                0x0000000002006ef4      0x380 /opt/devkitpro/libnds/lib/libnds9.a(fifosystem.o)
 .text.fifoSetDatamsgHandler
                0x0000000002007274       0x9c /opt/devkitpro/libnds/lib/libnds9.a(fifosystem.o)
                0x0000000002007274                fifoSetDatamsgHandler
 .text.fifoInit
                0x0000000002007310       0xf8 /opt/devkitpro/libnds/lib/libnds9.a(fifosystem.o)
                0x0000000002007310                fifoInit
 .text.DC_FlushAll
                0x0000000002007408       0x2c /opt/devkitpro/libnds/lib/libnds9.a(dcache.o)
                0x0000000002007408                DC_FlushAll
 .text.DC_FlushRange
                0x0000000002007434       0x24 /opt/devkitpro/libnds/lib/libnds9.a(dcache.o)
                0x0000000002007434                DC_FlushRange
 .text.__libnds_mpu_setup
                0x0000000002007458      0x174 /opt/devkitpro/libnds/lib/libnds9.a(mpu_setup.o)
                0x0000000002007458                __libnds_mpu_setup
 .text.memUncached
                0x00000000020075cc       0x20 /opt/devkitpro/libnds/lib/libnds9.a(mpu_setup.o)
                0x00000000020075cc                memUncached
 .text.swiWaitForVBlank
                0x00000000020075ec        0x8 /opt/devkitpro/libnds/lib/libnds9.a(IntrWait.o)
                0x00000000020075ec                swiWaitForVBlank
 .text.swiIntrWait
                0x00000000020075f4       0x70 /opt/devkitpro/libnds/lib/libnds9.a(IntrWait.o)
                0x00000000020075f4                swiIntrWait
 .text.setCpuClock
                0x0000000002007664       0x50 /opt/devkitpro/libnds/lib/libnds9.a(cpu_clock.o)
                0x0000000002007664                setCpuClock
 .text.swiSoftReset
                0x00000000020076b4       0x2c /opt/devkitpro/libnds/lib/libnds9.a(swiSoftReset.o)
                0x00000000020076b4                swiSoftReset
 .text.swiDelay
                0x00000000020076e0        0x4 /opt/devkitpro/libnds/lib/libnds9.a(biosCalls.o)
                0x00000000020076e0                swiDelay
 .text.swiCopy  0x00000000020076e4        0x4 /opt/devkitpro/libnds/lib/libnds9.a(biosCalls.o)
                0x00000000020076e4                swiCopy
 .text.swiDecompressLZSSWram
                0x00000000020076e8        0x4 /opt/devkitpro/libnds/lib/libnds9.a(biosCalls.o)
                0x00000000020076e8                swiDecompressLZSSWram
 .text.swiDecompressLZSSVramNTR
                0x00000000020076ec        0x4 /opt/devkitpro/libnds/lib/libnds9.a(biosCalls.o)
                0x00000000020076ec                swiDecompressLZSSVramNTR
 .text.swiDecompressLZSSVramTWL
                0x00000000020076f0        0x4 /opt/devkitpro/libnds/lib/libnds9.a(biosCalls.o)
                0x00000000020076f0                swiDecompressLZSSVramTWL
 .text.swiDecompressHuffman
                0x00000000020076f4        0x4 /opt/devkitpro/libnds/lib/libnds9.a(biosCalls.o)
                0x00000000020076f4                swiDecompressHuffman
 .text.swiDecompressRLEWram
                0x00000000020076f8        0x4 /opt/devkitpro/libnds/lib/libnds9.a(biosCalls.o)
                0x00000000020076f8                swiDecompressRLEWram
 .text.swiDecompressRLEVram
                0x00000000020076fc        0x4 /opt/devkitpro/libnds/lib/libnds9.a(biosCalls.o)
                0x00000000020076fc                swiDecompressRLEVram
 .text.DynamicArrayInit
                0x0000000002007700       0x18 /opt/devkitpro/libnds/lib/libnds9.a(dynamicArray.o)
                0x0000000002007700                DynamicArrayInit
 .text.DynamicArrayDelete
                0x0000000002007718       0x14 /opt/devkitpro/libnds/lib/libnds9.a(dynamicArray.o)
                0x0000000002007718                DynamicArrayDelete
 .text.DynamicArrayGet
                0x000000000200772c       0x18 /opt/devkitpro/libnds/lib/libnds9.a(dynamicArray.o)
                0x000000000200772c                DynamicArrayGet
 .text.DynamicArraySet
                0x0000000002007744       0x48 /opt/devkitpro/libnds/lib/libnds9.a(dynamicArray.o)
                0x0000000002007744                DynamicArraySet
 .text.vramRestorePrimaryBanks
                0x000000000200778c        0xc /opt/devkitpro/libnds/lib/libnds9.a(video.o)
                0x000000000200778c                vramRestorePrimaryBanks
 .text.vramRestoreBanks_EFG
                0x0000000002007798        0xc /opt/devkitpro/libnds/lib/libnds9.a(video.o)
                0x0000000002007798                vramRestoreBanks_EFG
 .text.vramDefault
                0x00000000020077a4       0xd0 /opt/devkitpro/libnds/lib/libnds9.a(video.o)
                0x00000000020077a4                vramDefault
 .text.touchRead
                0x0000000002007874       0x24 /opt/devkitpro/libnds/lib/libnds9.a(touch.o)
                0x0000000002007874                touchRead
 .text.systemValueHandler
                0x0000000002007898       0x48 /opt/devkitpro/libnds/lib/libnds9.a(system.o)
                0x0000000002007898                systemValueHandler
 .text.systemMsgHandler
                0x00000000020078e0       0x60 /opt/devkitpro/libnds/lib/libnds9.a(system.o)
                0x00000000020078e0                systemMsgHandler
 .text.powerOn  0x0000000002007940       0x2c /opt/devkitpro/libnds/lib/libnds9.a(system.o)
                0x0000000002007940                powerOn
 .text.getHeader
                0x000000000200796c        0x4 /opt/devkitpro/libnds/lib/libnds9.a(decompress.o)
 .text.readByte
                0x0000000002007970        0x4 /opt/devkitpro/libnds/lib/libnds9.a(decompress.o)
 .text.decompress
                0x0000000002007974       0x40 /opt/devkitpro/libnds/lib/libnds9.a(decompress.o)
                0x0000000002007974                decompress
 .text.swiDecompressLZSSVram
                0x00000000020079b4       0x1c /opt/devkitpro/libnds/lib/libnds9.a(syscalls.o)
                0x00000000020079b4                swiDecompressLZSSVram
 .text._ZdlPvj  0x00000000020079d0        0xc /opt/devkitpro/devkitARM/lib/gcc/arm-none-eabi/10.1.0/../../../../arm-none-eabi/lib/thumb/libstdc++.a(del_ops.o)
                0x00000000020079d0                operator delete(void*, unsigned int)
 .text._ZdaPv   0x00000000020079dc        0xc /opt/devkitpro/devkitARM/lib/gcc/arm-none-eabi/10.1.0/../../../../arm-none-eabi/lib/thumb/libstdc++.a(del_opv.o)
                0x00000000020079dc                operator delete[](void*)
 .text._Znwj    0x00000000020079e8       0x48 /opt/devkitpro/devkitARM/lib/gcc/arm-none-eabi/10.1.0/../../../../arm-none-eabi/lib/thumb/libstdc++.a(new_op.o)
                0x00000000020079e8                operator new(unsigned int)
 .text._Znaj    0x0000000002007a30        0xc /opt/devkitpro/devkitARM/lib/gcc/arm-none-eabi/10.1.0/../../../../arm-none-eabi/lib/thumb/libstdc++.a(new_opv.o)
                0x0000000002007a30                operator new[](unsigned int)
 .text._ZNKSt9bad_alloc4whatEv
                0x0000000002007a3c        0x8 /opt/devkitpro/devkitARM/lib/gcc/arm-none-eabi/10.1.0/../../../../arm-none-eabi/lib/thumb/libstdc++.a(bad_alloc.o)
                0x0000000002007a3c                std::bad_alloc::what() const
 .text._ZNSt9bad_allocD2Ev
                0x0000000002007a44       0x1c /opt/devkitpro/devkitARM/lib/gcc/arm-none-eabi/10.1.0/../../../../arm-none-eabi/lib/thumb/libstdc++.a(bad_alloc.o)
                0x0000000002007a44                std::bad_alloc::~bad_alloc()
                0x0000000002007a44                std::bad_alloc::~bad_alloc()
 .text._ZNSt9bad_allocD0Ev
                0x0000000002007a60       0x24 /opt/devkitpro/devkitARM/lib/gcc/arm-none-eabi/10.1.0/../../../../arm-none-eabi/lib/thumb/libstdc++.a(bad_alloc.o)
                0x0000000002007a60                std::bad_alloc::~bad_alloc()
 .text._ZdlPv   0x0000000002007a84        0xc /opt/devkitpro/devkitARM/lib/gcc/arm-none-eabi/10.1.0/../../../../arm-none-eabi/lib/thumb/libstdc++.a(del_op.o)
                0x0000000002007a84                operator delete(void*)
 .text._ZN12_GLOBAL__N_14pool4freeEPv.constprop.0
                0x0000000002007a90       0x80 /opt/devkitpro/devkitARM/lib/gcc/arm-none-eabi/10.1.0/../../../../arm-none-eabi/lib/thumb/libstdc++.a(eh_alloc.o)
 .text._ZN12_GLOBAL__N_14pool8allocateEj.constprop.0
                0x0000000002007b10       0x54 /opt/devkitpro/devkitARM/lib/gcc/arm-none-eabi/10.1.0/../../../../arm-none-eabi/lib/thumb/libstdc++.a(eh_alloc.o)
 .text.__cxa_allocate_exception
                0x0000000002007b64       0x30 /opt/devkitpro/devkitARM/lib/gcc/arm-none-eabi/10.1.0/../../../../arm-none-eabi/lib/thumb/libstdc++.a(eh_alloc.o)
                0x0000000002007b64                __cxa_allocate_exception
 .text.__cxa_free_exception
                0x0000000002007b94       0x28 /opt/devkitpro/devkitARM/lib/gcc/arm-none-eabi/10.1.0/../../../../arm-none-eabi/lib/thumb/libstdc++.a(eh_alloc.o)
                0x0000000002007b94                __cxa_free_exception
 .text.startup._GLOBAL__sub_I__ZN9__gnu_cxx9__freeresEv
                0x0000000002007bbc       0x30 /opt/devkitpro/devkitARM/lib/gcc/arm-none-eabi/10.1.0/../../../../arm-none-eabi/lib/thumb/libstdc++.a(eh_alloc.o)
 .text._ZNSt9exceptionD2Ev
                0x0000000002007bec        0x4 /opt/devkitpro/devkitARM/lib/gcc/arm-none-eabi/10.1.0/../../../../arm-none-eabi/lib/thumb/libstdc++.a(eh_exception.o)
                0x0000000002007bec                std::exception::~exception()
                0x0000000002007bec                std::exception::~exception()
 .text._ZNSt13bad_exceptionD2Ev
                0x0000000002007bf0        0x4 /opt/devkitpro/devkitARM/lib/gcc/arm-none-eabi/10.1.0/../../../../arm-none-eabi/lib/thumb/libstdc++.a(eh_exception.o)
                0x0000000002007bf0                std::bad_exception::~bad_exception()
                0x0000000002007bf0                std::bad_exception::~bad_exception()
 .text._ZNKSt13bad_exception4whatEv
                0x0000000002007bf4        0x8 /opt/devkitpro/devkitARM/lib/gcc/arm-none-eabi/10.1.0/../../../../arm-none-eabi/lib/thumb/libstdc++.a(eh_exception.o)
                0x0000000002007bf4                transaction clone for std::bad_exception::what() const
                0x0000000002007bf4                std::bad_exception::what() const
 .text._ZNSt13bad_exceptionD0Ev
                0x0000000002007bfc       0x14 /opt/devkitpro/devkitARM/lib/gcc/arm-none-eabi/10.1.0/../../../../arm-none-eabi/lib/thumb/libstdc++.a(eh_exception.o)
                0x0000000002007bfc                std::bad_exception::~bad_exception()
 .text._ZN10__cxxabiv111__terminateEPFvvE
                0x0000000002007c10       0x2c /opt/devkitpro/devkitARM/lib/gcc/arm-none-eabi/10.1.0/../../../../arm-none-eabi/lib/thumb/libstdc++.a(eh_terminate.o)
                0x0000000002007c10                __cxxabiv1::__terminate(void (*)())
 .text._ZSt9terminatev
                0x0000000002007c3c       0x10 /opt/devkitpro/devkitARM/lib/gcc/arm-none-eabi/10.1.0/../../../../arm-none-eabi/lib/thumb/libstdc++.a(eh_terminate.o)
                0x0000000002007c3c                std::terminate()
 .text._ZN10__cxxabiv112__unexpectedEPFvvE
                0x0000000002007c4c        0xc /opt/devkitpro/devkitARM/lib/gcc/arm-none-eabi/10.1.0/../../../../arm-none-eabi/lib/thumb/libstdc++.a(eh_terminate.o)
                0x0000000002007c4c                __cxxabiv1::__unexpected(void (*)())
 .text._ZSt10unexpectedv
                0x0000000002007c58       0x10 /opt/devkitpro/devkitARM/lib/gcc/arm-none-eabi/10.1.0/../../../../arm-none-eabi/lib/thumb/libstdc++.a(eh_terminate.o)
                0x0000000002007c58                std::unexpected()
 .text._ZSt13get_terminatev
                0x0000000002007c68        0xc /opt/devkitpro/devkitARM/lib/gcc/arm-none-eabi/10.1.0/../../../../arm-none-eabi/lib/thumb/libstdc++.a(eh_terminate.o)
                0x0000000002007c68                std::get_terminate()
 .text._ZSt14get_unexpectedv
                0x0000000002007c74        0xc /opt/devkitpro/devkitARM/lib/gcc/arm-none-eabi/10.1.0/../../../../arm-none-eabi/lib/thumb/libstdc++.a(eh_terminate.o)
                0x0000000002007c74                std::get_unexpected()
 .text._ZL23__gxx_exception_cleanup19_Unwind_Reason_CodeP21_Unwind_Control_Block
                0x0000000002007c80       0x3c /opt/devkitpro/devkitARM/lib/gcc/arm-none-eabi/10.1.0/../../../../arm-none-eabi/lib/thumb/libstdc++.a(eh_throw.o)
 .text.__cxa_init_primary_exception
                0x0000000002007cbc       0x50 /opt/devkitpro/devkitARM/lib/gcc/arm-none-eabi/10.1.0/../../../../arm-none-eabi/lib/thumb/libstdc++.a(eh_throw.o)
                0x0000000002007cbc                __cxa_init_primary_exception
 .text.__cxa_throw
                0x0000000002007d0c       0x34 /opt/devkitpro/devkitARM/lib/gcc/arm-none-eabi/10.1.0/../../../../arm-none-eabi/lib/thumb/libstdc++.a(eh_throw.o)
                0x0000000002007d0c                __cxa_throw
 .text.__cxa_rethrow
                0x0000000002007d40       0x70 /opt/devkitpro/devkitARM/lib/gcc/arm-none-eabi/10.1.0/../../../../arm-none-eabi/lib/thumb/libstdc++.a(eh_throw.o)
                0x0000000002007d40                __cxa_rethrow
 .text._ZSt15get_new_handlerv
                0x0000000002007db0        0xc /opt/devkitpro/devkitARM/lib/gcc/arm-none-eabi/10.1.0/../../../../arm-none-eabi/lib/thumb/libstdc++.a(new_handler.o)
                0x0000000002007db0                std::get_new_handler()
 .text._ZN10__cxxabiv120__si_class_type_infoD2Ev
                0x0000000002007dbc       0x1c /opt/devkitpro/devkitARM/lib/gcc/arm-none-eabi/10.1.0/../../../../arm-none-eabi/lib/thumb/libstdc++.a(si_class_type_info.o)
                0x0000000002007dbc                __cxxabiv1::__si_class_type_info::~__si_class_type_info()
                0x0000000002007dbc                __cxxabiv1::__si_class_type_info::~__si_class_type_info()
 .text._ZN10__cxxabiv120__si_class_type_infoD0Ev
                0x0000000002007dd8       0x24 /opt/devkitpro/devkitARM/lib/gcc/arm-none-eabi/10.1.0/../../../../arm-none-eabi/lib/thumb/libstdc++.a(si_class_type_info.o)
                0x0000000002007dd8                __cxxabiv1::__si_class_type_info::~__si_class_type_info()
 .text._ZNK10__cxxabiv120__si_class_type_info20__do_find_public_srcEiPKvPKNS_17__class_type_infoES2_
                0x0000000002007dfc       0x40 /opt/devkitpro/devkitARM/lib/gcc/arm-none-eabi/10.1.0/../../../../arm-none-eabi/lib/thumb/libstdc++.a(si_class_type_info.o)
                0x0000000002007dfc                __cxxabiv1::__si_class_type_info::__do_find_public_src(int, void const*, __cxxabiv1::__class_type_info const*, void const*) const
 .text._ZNK10__cxxabiv120__si_class_type_info12__do_dyncastEiNS_17__class_type_info10__sub_kindEPKS1_PKvS4_S6_RNS1_16__dyncast_resultE
                0x0000000002007e3c       0xa4 /opt/devkitpro/devkitARM/lib/gcc/arm-none-eabi/10.1.0/../../../../arm-none-eabi/lib/thumb/libstdc++.a(si_class_type_info.o)
                0x0000000002007e3c                __cxxabiv1::__si_class_type_info::__do_dyncast(int, __cxxabiv1::__class_type_info::__sub_kind, __cxxabiv1::__class_type_info const*, void const*, __cxxabiv1::__class_type_info const*, void const*, __cxxabiv1::__class_type_info::__dyncast_result&) const
 .text._ZNK10__cxxabiv120__si_class_type_info11__do_upcastEPKNS_17__class_type_infoEPKvRNS1_15__upcast_resultE
                0x0000000002007ee0       0x2c /opt/devkitpro/devkitARM/lib/gcc/arm-none-eabi/10.1.0/../../../../arm-none-eabi/lib/thumb/libstdc++.a(si_class_type_info.o)
                0x0000000002007ee0                __cxxabiv1::__si_class_type_info::__do_upcast(__cxxabiv1::__class_type_info const*, void const*, __cxxabiv1::__class_type_info::__upcast_result&) const
 .text._ZNSt9type_infoD2Ev
                0x0000000002007f0c        0x4 /opt/devkitpro/devkitARM/lib/gcc/arm-none-eabi/10.1.0/../../../../arm-none-eabi/lib/thumb/libstdc++.a(tinfo.o)
                0x0000000002007f0c                std::type_info::~type_info()
                0x0000000002007f0c                std::type_info::~type_info()
 .text._ZNKSt9type_info14__is_pointer_pEv
                0x0000000002007f10        0x4 /opt/devkitpro/devkitARM/lib/gcc/arm-none-eabi/10.1.0/../../../../arm-none-eabi/lib/thumb/libstdc++.a(tinfo.o)
                0x0000000002007f10                std::type_info::__is_function_p() const
                0x0000000002007f10                std::type_info::__is_pointer_p() const
 .text._ZNKSt9type_infoeqERKS_
                0x0000000002007f14       0x30 /opt/devkitpro/devkitARM/lib/gcc/arm-none-eabi/10.1.0/../../../../arm-none-eabi/lib/thumb/libstdc++.a(tinfo.o)
                0x0000000002007f14                std::type_info::operator==(std::type_info const&) const
 .text._ZNK10__cxxabiv117__class_type_info11__do_upcastEPKS0_PPv
                0x0000000002007f44       0x3c /opt/devkitpro/devkitARM/lib/gcc/arm-none-eabi/10.1.0/../../../../arm-none-eabi/lib/thumb/libstdc++.a(class_type_info.o)
                0x0000000002007f44                __cxxabiv1::__class_type_info::__do_upcast(__cxxabiv1::__class_type_info const*, void**) const
 .text._ZNK10__cxxabiv117__class_type_info20__do_find_public_srcEiPKvPKS0_S2_
                0x0000000002007f80       0x14 /opt/devkitpro/devkitARM/lib/gcc/arm-none-eabi/10.1.0/../../../../arm-none-eabi/lib/thumb/libstdc++.a(class_type_info.o)
                0x0000000002007f80                __cxxabiv1::__class_type_info::__do_find_public_src(int, void const*, __cxxabiv1::__class_type_info const*, void const*) const
 .text._ZN10__cxxabiv117__class_type_infoD2Ev
                0x0000000002007f94       0x1c /opt/devkitpro/devkitARM/lib/gcc/arm-none-eabi/10.1.0/../../../../arm-none-eabi/lib/thumb/libstdc++.a(class_type_info.o)
                0x0000000002007f94                __cxxabiv1::__class_type_info::~__class_type_info()
                0x0000000002007f94                __cxxabiv1::__class_type_info::~__class_type_info()
 .text._ZN10__cxxabiv117__class_type_infoD0Ev
                0x0000000002007fb0       0x24 /opt/devkitpro/devkitARM/lib/gcc/arm-none-eabi/10.1.0/../../../../arm-none-eabi/lib/thumb/libstdc++.a(class_type_info.o)
                0x0000000002007fb0                __cxxabiv1::__class_type_info::~__class_type_info()
 .text._ZNK10__cxxabiv117__class_type_info12__do_dyncastEiNS0_10__sub_kindEPKS0_PKvS3_S5_RNS0_16__dyncast_resultE
                0x0000000002007fd4       0x44 /opt/devkitpro/devkitARM/lib/gcc/arm-none-eabi/10.1.0/../../../../arm-none-eabi/lib/thumb/libstdc++.a(class_type_info.o)
                0x0000000002007fd4                __cxxabiv1::__class_type_info::__do_dyncast(int, __cxxabiv1::__class_type_info::__sub_kind, __cxxabiv1::__class_type_info const*, void const*, __cxxabiv1::__class_type_info const*, void const*, __cxxabiv1::__class_type_info::__dyncast_result&) const
 .text._ZNK10__cxxabiv117__class_type_info11__do_upcastEPKS0_PKvRNS0_15__upcast_resultE
                0x0000000002008018       0x20 /opt/devkitpro/devkitARM/lib/gcc/arm-none-eabi/10.1.0/../../../../arm-none-eabi/lib/thumb/libstdc++.a(class_type_info.o)
                0x0000000002008018                __cxxabiv1::__class_type_info::__do_upcast(__cxxabiv1::__class_type_info const*, void const*, __cxxabiv1::__class_type_info::__upcast_result&) const
 .text._ZNK10__cxxabiv117__class_type_info10__do_catchEPKSt9type_infoPPvj
                0x0000000002008038       0x2c /opt/devkitpro/devkitARM/lib/gcc/arm-none-eabi/10.1.0/../../../../arm-none-eabi/lib/thumb/libstdc++.a(class_type_info.o)
                0x0000000002008038                __cxxabiv1::__class_type_info::__do_catch(std::type_info const*, void**, unsigned int) const
 .text.__cxa_end_cleanup
                0x0000000002008064        0xc /opt/devkitpro/devkitARM/lib/gcc/arm-none-eabi/10.1.0/../../../../arm-none-eabi/lib/thumb/libstdc++.a(eh_arm.o)
                0x0000000002008064                __cxa_end_cleanup
 .text.__cxa_type_match
                0x0000000002008070       0xcc /opt/devkitpro/devkitARM/lib/gcc/arm-none-eabi/10.1.0/../../../../arm-none-eabi/lib/thumb/libstdc++.a(eh_arm.o)
                0x0000000002008070                __cxa_type_match
 .text.__cxa_begin_cleanup
                0x000000000200813c       0x64 /opt/devkitpro/devkitARM/lib/gcc/arm-none-eabi/10.1.0/../../../../arm-none-eabi/lib/thumb/libstdc++.a(eh_arm.o)
                0x000000000200813c                __cxa_begin_cleanup
 .text.__gnu_end_cleanup
                0x00000000020081a0       0x74 /opt/devkitpro/devkitARM/lib/gcc/arm-none-eabi/10.1.0/../../../../arm-none-eabi/lib/thumb/libstdc++.a(eh_arm.o)
                0x00000000020081a0                __gnu_end_cleanup
 .text._ZN10__cxxabiv1L24__is_gxx_exception_classEPc
                0x0000000002008214       0x3c /opt/devkitpro/devkitARM/lib/gcc/arm-none-eabi/10.1.0/../../../../arm-none-eabi/lib/thumb/libstdc++.a(eh_call.o)
 .text.__cxa_call_terminate
                0x0000000002008250       0x20 /opt/devkitpro/devkitARM/lib/gcc/arm-none-eabi/10.1.0/../../../../arm-none-eabi/lib/thumb/libstdc++.a(eh_call.o)
                0x0000000002008250                __cxa_call_terminate
 .text.unlikely.__cxa_call_unexpected
                0x0000000002008270      0x104 /opt/devkitpro/devkitARM/lib/gcc/arm-none-eabi/10.1.0/../../../../arm-none-eabi/lib/thumb/libstdc++.a(eh_call.o)
                0x0000000002008270                __cxa_call_unexpected
 .text.__cxa_begin_catch
                0x0000000002008374       0x78 /opt/devkitpro/devkitARM/lib/gcc/arm-none-eabi/10.1.0/../../../../arm-none-eabi/lib/thumb/libstdc++.a(eh_catch.o)
                0x0000000002008374                __cxa_begin_catch
 .text.__cxa_end_catch
                0x00000000020083ec       0x94 /opt/devkitpro/devkitARM/lib/gcc/arm-none-eabi/10.1.0/../../../../arm-none-eabi/lib/thumb/libstdc++.a(eh_catch.o)
                0x00000000020083ec                __cxa_end_catch
 .text.__cxa_get_globals_fast
                0x0000000002008480        0x8 /opt/devkitpro/devkitARM/lib/gcc/arm-none-eabi/10.1.0/../../../../arm-none-eabi/lib/thumb/libstdc++.a(eh_globals.o)
                0x0000000002008480                __cxa_get_globals_fast
 .text.__cxa_get_globals
                0x0000000002008488        0x8 /opt/devkitpro/devkitARM/lib/gcc/arm-none-eabi/10.1.0/../../../../arm-none-eabi/lib/thumb/libstdc++.a(eh_globals.o)
                0x0000000002008488                __cxa_get_globals
 .text._ZL28read_encoded_value_with_basehjPKhPj
                0x0000000002008490      0x114 /opt/devkitpro/devkitARM/lib/gcc/arm-none-eabi/10.1.0/../../../../arm-none-eabi/lib/thumb/libstdc++.a(eh_personality.o)
 .text._ZL21base_of_encoded_valuehP15_Unwind_Context
                0x00000000020085a4       0x4c /opt/devkitpro/devkitARM/lib/gcc/arm-none-eabi/10.1.0/../../../../arm-none-eabi/lib/thumb/libstdc++.a(eh_personality.o)
 .text._ZL17parse_lsda_headerP15_Unwind_ContextPKhP16lsda_header_info
                0x00000000020085f0       0x98 /opt/devkitpro/devkitARM/lib/gcc/arm-none-eabi/10.1.0/../../../../arm-none-eabi/lib/thumb/libstdc++.a(eh_personality.o)
 .text.__gxx_personality_v0
                0x0000000002008688      0x4a4 /opt/devkitpro/devkitARM/lib/gcc/arm-none-eabi/10.1.0/../../../../arm-none-eabi/lib/thumb/libstdc++.a(eh_personality.o)
                0x0000000002008688                __gxx_personality_v0
 .text.__muldi3
                0x0000000002008b2c       0x54 /opt/devkitpro/devkitARM/lib/gcc/arm-none-eabi/10.1.0/thumb/libgcc.a(_muldi3.o)
                0x0000000002008b2c                __aeabi_lmul
                0x0000000002008b2c                __muldi3
 .text.selfrel_offset31
                0x0000000002008b80       0x18 /opt/devkitpro/devkitARM/lib/gcc/arm-none-eabi/10.1.0/thumb/libgcc.a(unwind-arm.o)
 .text.search_EIT_table
                0x0000000002008b98       0x74 /opt/devkitpro/devkitARM/lib/gcc/arm-none-eabi/10.1.0/thumb/libgcc.a(unwind-arm.o)
 .text.__gnu_unwind_get_pr_addr
                0x0000000002008c0c       0x2c /opt/devkitpro/devkitARM/lib/gcc/arm-none-eabi/10.1.0/thumb/libgcc.a(unwind-arm.o)
 .text.get_eit_entry
                0x0000000002008c38       0xa0 /opt/devkitpro/devkitARM/lib/gcc/arm-none-eabi/10.1.0/thumb/libgcc.a(unwind-arm.o)
 .text.restore_non_core_regs
                0x0000000002008cd8       0x5c /opt/devkitpro/devkitARM/lib/gcc/arm-none-eabi/10.1.0/thumb/libgcc.a(unwind-arm.o)
 .text._Unwind_decode_typeinfo_ptr.constprop.0
                0x0000000002008d34        0xc /opt/devkitpro/devkitARM/lib/gcc/arm-none-eabi/10.1.0/thumb/libgcc.a(unwind-arm.o)
 .text._Unwind_DebugHook
                0x0000000002008d40        0x4 /opt/devkitpro/devkitARM/lib/gcc/arm-none-eabi/10.1.0/thumb/libgcc.a(unwind-arm.o)
 .text.unwind_phase2
                0x0000000002008d44       0x40 /opt/devkitpro/devkitARM/lib/gcc/arm-none-eabi/10.1.0/thumb/libgcc.a(unwind-arm.o)
 .text.unwind_phase2_forced
                0x0000000002008d84       0xe0 /opt/devkitpro/devkitARM/lib/gcc/arm-none-eabi/10.1.0/thumb/libgcc.a(unwind-arm.o)
 .text.__gnu_Unwind_RaiseException
                0x0000000002008e64       0x5c /opt/devkitpro/devkitARM/lib/gcc/arm-none-eabi/10.1.0/thumb/libgcc.a(unwind-arm.o)
                0x0000000002008e64                __gnu_Unwind_RaiseException
 .text.__gnu_Unwind_ForcedUnwind
                0x0000000002008ec0       0x18 /opt/devkitpro/devkitARM/lib/gcc/arm-none-eabi/10.1.0/thumb/libgcc.a(unwind-arm.o)
                0x0000000002008ec0                __gnu_Unwind_ForcedUnwind
 .text.__gnu_Unwind_Resume
                0x0000000002008ed8       0x4c /opt/devkitpro/devkitARM/lib/gcc/arm-none-eabi/10.1.0/thumb/libgcc.a(unwind-arm.o)
                0x0000000002008ed8                __gnu_Unwind_Resume
 .text.__gnu_Unwind_Resume_or_Rethrow
                0x0000000002008f24       0x20 /opt/devkitpro/devkitARM/lib/gcc/arm-none-eabi/10.1.0/thumb/libgcc.a(unwind-arm.o)
                0x0000000002008f24                __gnu_Unwind_Resume_or_Rethrow
 .text._Unwind_Complete
                0x0000000002008f44        0x4 /opt/devkitpro/devkitARM/lib/gcc/arm-none-eabi/10.1.0/thumb/libgcc.a(unwind-arm.o)
                0x0000000002008f44                _Unwind_Complete
 .text._Unwind_DeleteException
                0x0000000002008f48       0x18 /opt/devkitpro/devkitARM/lib/gcc/arm-none-eabi/10.1.0/thumb/libgcc.a(unwind-arm.o)
                0x0000000002008f48                _Unwind_DeleteException
 .text._Unwind_VRS_Get
                0x0000000002008f60       0x38 /opt/devkitpro/devkitARM/lib/gcc/arm-none-eabi/10.1.0/thumb/libgcc.a(unwind-arm.o)
                0x0000000002008f60                _Unwind_VRS_Get
 .text._Unwind_GetGR
                0x0000000002008f98       0x1c /opt/devkitpro/devkitARM/lib/gcc/arm-none-eabi/10.1.0/thumb/libgcc.a(unwind-arm.o)
 .text._Unwind_VRS_Set
                0x0000000002008fb4       0x38 /opt/devkitpro/devkitARM/lib/gcc/arm-none-eabi/10.1.0/thumb/libgcc.a(unwind-arm.o)
                0x0000000002008fb4                _Unwind_VRS_Set
 .text._Unwind_SetGR
                0x0000000002008fec       0x1c /opt/devkitpro/devkitARM/lib/gcc/arm-none-eabi/10.1.0/thumb/libgcc.a(unwind-arm.o)
 .text.__gnu_Unwind_Backtrace
                0x0000000002009008       0x80 /opt/devkitpro/devkitARM/lib/gcc/arm-none-eabi/10.1.0/thumb/libgcc.a(unwind-arm.o)
                0x0000000002009008                __gnu_Unwind_Backtrace
 .text.__gnu_unwind_pr_common
                0x0000000002009088      0x2d8 /opt/devkitpro/devkitARM/lib/gcc/arm-none-eabi/10.1.0/thumb/libgcc.a(unwind-arm.o)
 .text.__aeabi_unwind_cpp_pr0
                0x0000000002009360       0x10 /opt/devkitpro/devkitARM/lib/gcc/arm-none-eabi/10.1.0/thumb/libgcc.a(unwind-arm.o)
                0x0000000002009360                __aeabi_unwind_cpp_pr0
 .text.__aeabi_unwind_cpp_pr1
                0x0000000002009370       0x10 /opt/devkitpro/devkitARM/lib/gcc/arm-none-eabi/10.1.0/thumb/libgcc.a(unwind-arm.o)
                0x0000000002009370                __aeabi_unwind_cpp_pr1
 .text.__aeabi_unwind_cpp_pr2
                0x0000000002009380       0x10 /opt/devkitpro/devkitARM/lib/gcc/arm-none-eabi/10.1.0/thumb/libgcc.a(unwind-arm.o)
                0x0000000002009380                __aeabi_unwind_cpp_pr2
 .text._Unwind_VRS_Pop
                0x0000000002009390      0x2b8 /opt/devkitpro/devkitARM/lib/gcc/arm-none-eabi/10.1.0/thumb/libgcc.a(unwind-arm.o)
                0x0000000002009390                _Unwind_VRS_Pop
 .text.next_unwind_byte
                0x0000000002009648       0x34 /opt/devkitpro/devkitARM/lib/gcc/arm-none-eabi/10.1.0/thumb/libgcc.a(pr-support.o)
 .text._Unwind_GetGR.constprop.0
                0x000000000200967c       0x1c /opt/devkitpro/devkitARM/lib/gcc/arm-none-eabi/10.1.0/thumb/libgcc.a(pr-support.o)
 .text.unwind_UCB_from_context
                0x0000000002009698        0xc /opt/devkitpro/devkitARM/lib/gcc/arm-none-eabi/10.1.0/thumb/libgcc.a(pr-support.o)
 .text.__gnu_unwind_execute
                0x00000000020096a4      0x2f0 /opt/devkitpro/devkitARM/lib/gcc/arm-none-eabi/10.1.0/thumb/libgcc.a(pr-support.o)
                0x00000000020096a4                __gnu_unwind_execute
 .text.__gnu_unwind_frame
                0x0000000002009994       0x2c /opt/devkitpro/devkitARM/lib/gcc/arm-none-eabi/10.1.0/thumb/libgcc.a(pr-support.o)
                0x0000000002009994                __gnu_unwind_frame
 .text._Unwind_GetRegionStart
                0x00000000020099c0       0x10 /opt/devkitpro/devkitARM/lib/gcc/arm-none-eabi/10.1.0/thumb/libgcc.a(pr-support.o)
                0x00000000020099c0                _Unwind_GetRegionStart
 .text._Unwind_GetLanguageSpecificData
                0x00000000020099d0       0x18 /opt/devkitpro/devkitARM/lib/gcc/arm-none-eabi/10.1.0/thumb/libgcc.a(pr-support.o)
                0x00000000020099d0                _Unwind_GetLanguageSpecificData
 .text.unlikely._Unwind_GetDataRelBase
                0x00000000020099e8        0x6 /opt/devkitpro/devkitARM/lib/gcc/arm-none-eabi/10.1.0/thumb/libgcc.a(pr-support.o)
                0x00000000020099e8                _Unwind_GetDataRelBase
 .text.unlikely._Unwind_GetTextRelBase
                0x00000000020099ee        0x6 /opt/devkitpro/devkitARM/lib/gcc/arm-none-eabi/10.1.0/thumb/libgcc.a(pr-support.o)
                0x00000000020099ee                _Unwind_GetTextRelBase
 .text.abort    0x00000000020099f4       0x10 /opt/devkitpro/devkitARM/lib/gcc/arm-none-eabi/10.1.0/../../../../arm-none-eabi/lib/thumb/libg.a(lib_a-abort.o)
                0x00000000020099f4                abort
 .text.calloc   0x0000000002009a04       0x18 /opt/devkitpro/devkitARM/lib/gcc/arm-none-eabi/10.1.0/../../../../arm-none-eabi/lib/thumb/libg.a(lib_a-calloc.o)
                0x0000000002009a04                calloc
 .text._calloc_r
                0x0000000002009a1c       0x60 /opt/devkitpro/devkitARM/lib/gcc/arm-none-eabi/10.1.0/../../../../arm-none-eabi/lib/thumb/libg.a(lib_a-callocr.o)
                0x0000000002009a1c                _calloc_r
 .text._fclose_r
                0x0000000002009a7c       0xe8 /opt/devkitpro/devkitARM/lib/gcc/arm-none-eabi/10.1.0/../../../../arm-none-eabi/lib/thumb/libg.a(lib_a-fclose.o)
                0x0000000002009a7c                _fclose_r
 .text.fclose   0x0000000002009b64       0x14 /opt/devkitpro/devkitARM/lib/gcc/arm-none-eabi/10.1.0/../../../../arm-none-eabi/lib/thumb/libg.a(lib_a-fclose.o)
                0x0000000002009b64                fclose
 .text.__sflush_r
                0x0000000002009b78      0x1c0 /opt/devkitpro/devkitARM/lib/gcc/arm-none-eabi/10.1.0/../../../../arm-none-eabi/lib/thumb/libg.a(lib_a-fflush.o)
                0x0000000002009b78                __sflush_r
 .text._fflush_r
                0x0000000002009d38       0x70 /opt/devkitpro/devkitARM/lib/gcc/arm-none-eabi/10.1.0/../../../../arm-none-eabi/lib/thumb/libg.a(lib_a-fflush.o)
                0x0000000002009d38                _fflush_r
 .text.fflush   0x0000000002009da8       0x2c /opt/devkitpro/devkitARM/lib/gcc/arm-none-eabi/10.1.0/../../../../arm-none-eabi/lib/thumb/libg.a(lib_a-fflush.o)
                0x0000000002009da8                fflush
 .text._cleanup_r
                0x0000000002009dd4       0x14 /opt/devkitpro/devkitARM/lib/gcc/arm-none-eabi/10.1.0/../../../../arm-none-eabi/lib/thumb/libg.a(lib_a-findfp.o)
                0x0000000002009dd4                _cleanup_r
 .text.__sinit  0x0000000002009de8      0x124 /opt/devkitpro/devkitARM/lib/gcc/arm-none-eabi/10.1.0/../../../../arm-none-eabi/lib/thumb/libg.a(lib_a-findfp.o)
                0x0000000002009de8                __sinit
 .text.__sfp    0x0000000002009f0c       0xdc /opt/devkitpro/devkitARM/lib/gcc/arm-none-eabi/10.1.0/../../../../arm-none-eabi/lib/thumb/libg.a(lib_a-findfp.o)
                0x0000000002009f0c                __sfp
 .text.__sfp_lock_acquire
                0x0000000002009fe8       0x14 /opt/devkitpro/devkitARM/lib/gcc/arm-none-eabi/10.1.0/../../../../arm-none-eabi/lib/thumb/libg.a(lib_a-findfp.o)
                0x0000000002009fe8                __sfp_lock_acquire
 .text.__sfp_lock_release
                0x0000000002009ffc       0x14 /opt/devkitpro/devkitARM/lib/gcc/arm-none-eabi/10.1.0/../../../../arm-none-eabi/lib/thumb/libg.a(lib_a-findfp.o)
                0x0000000002009ffc                __sfp_lock_release
 .text._fopen_r
                0x000000000200a010       0xb8 /opt/devkitpro/devkitARM/lib/gcc/arm-none-eabi/10.1.0/../../../../arm-none-eabi/lib/thumb/libg.a(lib_a-fopen.o)
                0x000000000200a010                _fopen_r
 .text.fopen    0x000000000200a0c8       0x18 /opt/devkitpro/devkitARM/lib/gcc/arm-none-eabi/10.1.0/../../../../arm-none-eabi/lib/thumb/libg.a(lib_a-fopen.o)
                0x000000000200a0c8                fopen
 .text._fread_r
                0x000000000200a0e0      0x1f0 /opt/devkitpro/devkitARM/lib/gcc/arm-none-eabi/10.1.0/../../../../arm-none-eabi/lib/thumb/libg.a(lib_a-fread.o)
                0x000000000200a0e0                _fread_r
 .text.fread    0x000000000200a2d0       0x24 /opt/devkitpro/devkitARM/lib/gcc/arm-none-eabi/10.1.0/../../../../arm-none-eabi/lib/thumb/libg.a(lib_a-fread.o)
                0x000000000200a2d0                fread
 .text._malloc_trim_r
                0x000000000200a2f4       0xa0 /opt/devkitpro/devkitARM/lib/gcc/arm-none-eabi/10.1.0/../../../../arm-none-eabi/lib/thumb/libg.a(lib_a-freer.o)
                0x000000000200a2f4                _malloc_trim_r
 .text._free_r  0x000000000200a394      0x1e0 /opt/devkitpro/devkitARM/lib/gcc/arm-none-eabi/10.1.0/../../../../arm-none-eabi/lib/thumb/libg.a(lib_a-freer.o)
                0x000000000200a394                _free_r
 .text._fseek_r
                0x000000000200a574       0x18 /opt/devkitpro/devkitARM/lib/gcc/arm-none-eabi/10.1.0/../../../../arm-none-eabi/lib/thumb/libg.a(lib_a-fseek.o)
                0x000000000200a574                _fseek_r
 .text.fseek    0x000000000200a58c       0x24 /opt/devkitpro/devkitARM/lib/gcc/arm-none-eabi/10.1.0/../../../../arm-none-eabi/lib/thumb/libg.a(lib_a-fseek.o)
                0x000000000200a58c                fseek
 .text._fseeko_r
                0x000000000200a5b0      0x39c /opt/devkitpro/devkitARM/lib/gcc/arm-none-eabi/10.1.0/../../../../arm-none-eabi/lib/thumb/libg.a(lib_a-fseeko.o)
                0x000000000200a5b0                _fseeko_r
 .text._ftello_r
                0x000000000200a94c      0x118 /opt/devkitpro/devkitARM/lib/gcc/arm-none-eabi/10.1.0/../../../../arm-none-eabi/lib/thumb/libg.a(lib_a-ftello.o)
                0x000000000200a94c                _ftello_r
 .text._fwalk   0x000000000200aa64       0x48 /opt/devkitpro/devkitARM/lib/gcc/arm-none-eabi/10.1.0/../../../../arm-none-eabi/lib/thumb/libg.a(lib_a-fwalk.o)
                0x000000000200aa64                _fwalk
 .text._fwalk_reent
                0x000000000200aaac       0x50 /opt/devkitpro/devkitARM/lib/gcc/arm-none-eabi/10.1.0/../../../../arm-none-eabi/lib/thumb/libg.a(lib_a-fwalk.o)
                0x000000000200aaac                _fwalk_reent
 .text.__libc_init_array
                0x000000000200aafc       0x50 /opt/devkitpro/devkitARM/lib/gcc/arm-none-eabi/10.1.0/../../../../arm-none-eabi/lib/thumb/libg.a(lib_a-init.o)
                0x000000000200aafc                __libc_init_array
 .text.iprintf  0x000000000200ab4c       0x24 /opt/devkitpro/devkitARM/lib/gcc/arm-none-eabi/10.1.0/../../../../arm-none-eabi/lib/thumb/libg.a(lib_a-iprintf.o)
                0x000000000200ab4c                iprintf
 .text.__smakebuf_r
                0x000000000200ab70       0xec /opt/devkitpro/devkitARM/lib/gcc/arm-none-eabi/10.1.0/../../../../arm-none-eabi/lib/thumb/libg.a(lib_a-makebuf.o)
                0x000000000200ab70                __smakebuf_r
 .text.__swhatbuf_r
                0x000000000200ac5c       0x64 /opt/devkitpro/devkitARM/lib/gcc/arm-none-eabi/10.1.0/../../../../arm-none-eabi/lib/thumb/libg.a(lib_a-makebuf.o)
                0x000000000200ac5c                __swhatbuf_r
 .text.malloc   0x000000000200acc0       0x14 /opt/devkitpro/devkitARM/lib/gcc/arm-none-eabi/10.1.0/../../../../arm-none-eabi/lib/thumb/libg.a(lib_a-malloc.o)
                0x000000000200acc0                malloc
 .text.free     0x000000000200acd4       0x14 /opt/devkitpro/devkitARM/lib/gcc/arm-none-eabi/10.1.0/../../../../arm-none-eabi/lib/thumb/libg.a(lib_a-malloc.o)
                0x000000000200acd4                free
 .text._malloc_r
                0x000000000200ace8      0x59c /opt/devkitpro/devkitARM/lib/gcc/arm-none-eabi/10.1.0/../../../../arm-none-eabi/lib/thumb/libg.a(lib_a-mallocr.o)
                0x000000000200ace8                _malloc_r
 .text.memcpy   0x000000000200b284       0xa8 /opt/devkitpro/devkitARM/lib/gcc/arm-none-eabi/10.1.0/../../../../arm-none-eabi/lib/thumb/libg.a(lib_a-memcpy-stub.o)
                0x000000000200b284                memcpy
 .text.memset   0x000000000200b32c       0xb0 /opt/devkitpro/devkitARM/lib/gcc/arm-none-eabi/10.1.0/../../../../arm-none-eabi/lib/thumb/libg.a(lib_a-memset.o)
                0x000000000200b32c                memset
 .text.__malloc_lock
                0x000000000200b3dc       0x14 /opt/devkitpro/devkitARM/lib/gcc/arm-none-eabi/10.1.0/../../../../arm-none-eabi/lib/thumb/libg.a(lib_a-mlock.o)
                0x000000000200b3dc                __malloc_lock
 .text.__malloc_unlock
                0x000000000200b3f0       0x14 /opt/devkitpro/devkitARM/lib/gcc/arm-none-eabi/10.1.0/../../../../arm-none-eabi/lib/thumb/libg.a(lib_a-mlock.o)
                0x000000000200b3f0                __malloc_unlock
 .text.rand     0x000000000200b404       0x34 /opt/devkitpro/devkitARM/lib/gcc/arm-none-eabi/10.1.0/../../../../arm-none-eabi/lib/thumb/libg.a(lib_a-rand.o)
                0x000000000200b404                rand
 .text.realloc  0x000000000200b438       0x18 /opt/devkitpro/devkitARM/lib/gcc/arm-none-eabi/10.1.0/../../../../arm-none-eabi/lib/thumb/libg.a(lib_a-realloc.o)
                0x000000000200b438                realloc
 .text._realloc_r
                0x000000000200b450      0x38c /opt/devkitpro/devkitARM/lib/gcc/arm-none-eabi/10.1.0/../../../../arm-none-eabi/lib/thumb/libg.a(lib_a-reallocr.o)
                0x000000000200b450                _realloc_r
 .text.lflush   0x000000000200b7dc       0x20 /opt/devkitpro/devkitARM/lib/gcc/arm-none-eabi/10.1.0/../../../../arm-none-eabi/lib/thumb/libg.a(lib_a-refill.o)
 .text.__srefill_r
                0x000000000200b7fc      0x118 /opt/devkitpro/devkitARM/lib/gcc/arm-none-eabi/10.1.0/../../../../arm-none-eabi/lib/thumb/libg.a(lib_a-refill.o)
                0x000000000200b7fc                __srefill_r
 .text.setvbuf  0x000000000200b914      0x1ac /opt/devkitpro/devkitARM/lib/gcc/arm-none-eabi/10.1.0/../../../../arm-none-eabi/lib/thumb/libg.a(lib_a-setvbuf.o)
                0x000000000200b914                setvbuf
 .text._raise_r
                0x000000000200bac0       0x64 /opt/devkitpro/devkitARM/lib/gcc/arm-none-eabi/10.1.0/../../../../arm-none-eabi/lib/thumb/libg.a(lib_a-signal.o)
                0x000000000200bac0                _raise_r
 .text.raise    0x000000000200bb24       0x14 /opt/devkitpro/devkitARM/lib/gcc/arm-none-eabi/10.1.0/../../../../arm-none-eabi/lib/thumb/libg.a(lib_a-signal.o)
                0x000000000200bb24                raise
 .text.siscanf  0x000000000200bb38       0x4c /opt/devkitpro/devkitARM/lib/gcc/arm-none-eabi/10.1.0/../../../../arm-none-eabi/lib/thumb/libg.a(lib_a-siscanf.o)
                0x000000000200bb38                siscanf
 .text.sprintf  0x000000000200bb84       0x40 /opt/devkitpro/devkitARM/lib/gcc/arm-none-eabi/10.1.0/../../../../arm-none-eabi/lib/thumb/libg.a(lib_a-sprintf.o)
                0x000000000200bb84                sprintf
 .text.__sread  0x000000000200bbc4       0x34 /opt/devkitpro/devkitARM/lib/gcc/arm-none-eabi/10.1.0/../../../../arm-none-eabi/lib/thumb/libg.a(lib_a-stdio.o)
                0x000000000200bbc4                __sread
 .text.__seofread
                0x000000000200bbf8        0x4 /opt/devkitpro/devkitARM/lib/gcc/arm-none-eabi/10.1.0/../../../../arm-none-eabi/lib/thumb/libg.a(lib_a-stdio.o)
                0x000000000200bbf8                __seofread
 .text.__swrite
                0x000000000200bbfc       0x54 /opt/devkitpro/devkitARM/lib/gcc/arm-none-eabi/10.1.0/../../../../arm-none-eabi/lib/thumb/libg.a(lib_a-stdio.o)
                0x000000000200bbfc                __swrite
 .text.__sseek  0x000000000200bc50       0x40 /opt/devkitpro/devkitARM/lib/gcc/arm-none-eabi/10.1.0/../../../../arm-none-eabi/lib/thumb/libg.a(lib_a-stdio.o)
                0x000000000200bc50                __sseek
 .text.__sclose
                0x000000000200bc90       0x10 /opt/devkitpro/devkitARM/lib/gcc/arm-none-eabi/10.1.0/../../../../arm-none-eabi/lib/thumb/libg.a(lib_a-stdio.o)
                0x000000000200bc90                __sclose
 .text.strlen   0x000000000200bca0       0x60 /opt/devkitpro/devkitARM/lib/gcc/arm-none-eabi/10.1.0/../../../../arm-none-eabi/lib/thumb/libg.a(lib_a-strlen-stub.o)
                0x000000000200bca0                strlen
 .text.get_arg  0x000000000200bd00       0x32 /opt/devkitpro/devkitARM/lib/gcc/arm-none-eabi/10.1.0/../../../../arm-none-eabi/lib/thumb/libg.a(lib_a-svfiscanf.o)
 .text._sungetc_r
                0x000000000200bd32       0x7e /opt/devkitpro/devkitARM/lib/gcc/arm-none-eabi/10.1.0/../../../../arm-none-eabi/lib/thumb/libg.a(lib_a-svfiscanf.o)
                0x000000000200bd32                _sungetc_r
 .text.__ssrefill_r
                0x000000000200bdb0       0x42 /opt/devkitpro/devkitARM/lib/gcc/arm-none-eabi/10.1.0/../../../../arm-none-eabi/lib/thumb/libg.a(lib_a-svfiscanf.o)
                0x000000000200bdb0                __ssrefill_r
 .text._sfread_r
                0x000000000200bdf2       0x8a /opt/devkitpro/devkitARM/lib/gcc/arm-none-eabi/10.1.0/../../../../arm-none-eabi/lib/thumb/libg.a(lib_a-svfiscanf.o)
                0x000000000200bdf2                _sfread_r
 .text.__ssvfiscanf_r
                0x000000000200be7c     0x1b6c /opt/devkitpro/devkitARM/lib/gcc/arm-none-eabi/10.1.0/../../../../arm-none-eabi/lib/thumb/libg.a(lib_a-svfiscanf.o)
                0x000000000200be7c                __ssvfiscanf_r
 .text.get_arg  0x000000000200d9e8      0x3f0 /opt/devkitpro/devkitARM/lib/gcc/arm-none-eabi/10.1.0/../../../../arm-none-eabi/lib/thumb/libg.a(lib_a-svfprintf.o)
 .text._svfprintf_r
                0x000000000200ddd8     0x2498 /opt/devkitpro/devkitARM/lib/gcc/arm-none-eabi/10.1.0/../../../../arm-none-eabi/lib/thumb/libg.a(lib_a-svfprintf.o)
                0x000000000200ddd8                _svfprintf_r
 .text.__submore
                0x0000000002010270       0x88 /opt/devkitpro/devkitARM/lib/gcc/arm-none-eabi/10.1.0/../../../../arm-none-eabi/lib/thumb/libg.a(lib_a-ungetc.o)
                0x0000000002010270                __submore
 .text.get_arg  0x00000000020102f8      0x3f0 /opt/devkitpro/devkitARM/lib/gcc/arm-none-eabi/10.1.0/../../../../arm-none-eabi/lib/thumb/libg.a(lib_a-vfiprintf.o)
 .text.__sprint_r
                0x00000000020106e8       0x20 /opt/devkitpro/devkitARM/lib/gcc/arm-none-eabi/10.1.0/../../../../arm-none-eabi/lib/thumb/libg.a(lib_a-vfiprintf.o)
                0x00000000020106e8                __sprint_r
 .text._vfiprintf_r
                0x0000000002010708     0x1800 /opt/devkitpro/devkitARM/lib/gcc/arm-none-eabi/10.1.0/../../../../arm-none-eabi/lib/thumb/libg.a(lib_a-vfiprintf.o)
                0x0000000002010708                _vfiprintf_r
 .text.__sbprintf
                0x0000000002011f08       0x8c /opt/devkitpro/devkitARM/lib/gcc/arm-none-eabi/10.1.0/../../../../arm-none-eabi/lib/thumb/libg.a(lib_a-vfiprintf.o)
 .text._wcrtomb_r
                0x0000000002011f94       0x5c /opt/devkitpro/devkitARM/lib/gcc/arm-none-eabi/10.1.0/../../../../arm-none-eabi/lib/thumb/libg.a(lib_a-wcrtomb.o)
                0x0000000002011f94                _wcrtomb_r
 .text._wcsrtombs_r
                0x0000000002011ff0       0x1c /opt/devkitpro/devkitARM/lib/gcc/arm-none-eabi/10.1.0/../../../../arm-none-eabi/lib/thumb/libg.a(lib_a-wcsrtombs.o)
                0x0000000002011ff0                _wcsrtombs_r
 .text.__swsetup_r
                0x000000000201200c       0xe4 /opt/devkitpro/devkitARM/lib/gcc/arm-none-eabi/10.1.0/../../../../arm-none-eabi/lib/thumb/libg.a(lib_a-wsetup.o)
                0x000000000201200c                __swsetup_r
 .text.quorem   0x00000000020120f0      0x14c /opt/devkitpro/devkitARM/lib/gcc/arm-none-eabi/10.1.0/../../../../arm-none-eabi/lib/thumb/libg.a(lib_a-dtoa.o)
 .text._dtoa_r  0x000000000201223c      0xff0 /opt/devkitpro/devkitARM/lib/gcc/arm-none-eabi/10.1.0/../../../../arm-none-eabi/lib/thumb/libg.a(lib_a-dtoa.o)
                0x000000000201223c                _dtoa_r
 .text.__sflags
                0x000000000201322c       0xa4 /opt/devkitpro/devkitARM/lib/gcc/arm-none-eabi/10.1.0/../../../../arm-none-eabi/lib/thumb/libg.a(lib_a-flags.o)
                0x000000000201322c                __sflags
 .text.__sfvwrite_r
                0x00000000020132d0      0x324 /opt/devkitpro/devkitARM/lib/gcc/arm-none-eabi/10.1.0/../../../../arm-none-eabi/lib/thumb/libg.a(lib_a-fvwrite.o)
                0x00000000020132d0                __sfvwrite_r
 .text.iswspace
                0x00000000020135f4       0x10 /opt/devkitpro/devkitARM/lib/gcc/arm-none-eabi/10.1.0/../../../../arm-none-eabi/lib/thumb/libg.a(lib_a-iswspace.o)
                0x00000000020135f4                iswspace
 .text._localeconv_r
                0x0000000002013604        0x8 /opt/devkitpro/devkitARM/lib/gcc/arm-none-eabi/10.1.0/../../../../arm-none-eabi/lib/thumb/libg.a(lib_a-localeconv.o)
                0x0000000002013604                _localeconv_r
 .text.__locale_mb_cur_max
                0x000000000201360c       0x10 /opt/devkitpro/devkitARM/lib/gcc/arm-none-eabi/10.1.0/../../../../arm-none-eabi/lib/thumb/libg.a(lib_a-locale.o)
                0x000000000201360c                __locale_mb_cur_max
 .text._mbrtowc_r
                0x000000000201361c       0x60 /opt/devkitpro/devkitARM/lib/gcc/arm-none-eabi/10.1.0/../../../../arm-none-eabi/lib/thumb/libg.a(lib_a-mbrtowc.o)
                0x000000000201361c                _mbrtowc_r
 .text.__utf8_mbtowc
                0x000000000201367c      0x280 /opt/devkitpro/devkitARM/lib/gcc/arm-none-eabi/10.1.0/../../../../arm-none-eabi/lib/thumb/libg.a(lib_a-mbtowc_r.o)
                0x000000000201367c                __utf8_mbtowc
 .text.memchr   0x00000000020138fc       0x78 /opt/devkitpro/devkitARM/lib/gcc/arm-none-eabi/10.1.0/../../../../arm-none-eabi/lib/thumb/libg.a(lib_a-memchr-stub.o)
                0x00000000020138fc                memchr
 .text.memmove  0x0000000002013974       0xbc /opt/devkitpro/devkitARM/lib/gcc/arm-none-eabi/10.1.0/../../../../arm-none-eabi/lib/thumb/libg.a(lib_a-memmove.o)
                0x0000000002013974                memmove
 .text._Balloc  0x0000000002013a30       0x54 /opt/devkitpro/devkitARM/lib/gcc/arm-none-eabi/10.1.0/../../../../arm-none-eabi/lib/thumb/libg.a(lib_a-mprec.o)
                0x0000000002013a30                _Balloc
 .text._Bfree   0x0000000002013a84       0x14 /opt/devkitpro/devkitARM/lib/gcc/arm-none-eabi/10.1.0/../../../../arm-none-eabi/lib/thumb/libg.a(lib_a-mprec.o)
                0x0000000002013a84                _Bfree
 .text.__multadd
                0x0000000002013a98       0xac /opt/devkitpro/devkitARM/lib/gcc/arm-none-eabi/10.1.0/../../../../arm-none-eabi/lib/thumb/libg.a(lib_a-mprec.o)
                0x0000000002013a98                __multadd
 .text.__hi0bits
                0x0000000002013b44       0x38 /opt/devkitpro/devkitARM/lib/gcc/arm-none-eabi/10.1.0/../../../../arm-none-eabi/lib/thumb/libg.a(lib_a-mprec.o)
                0x0000000002013b44                __hi0bits
 .text.__lo0bits
                0x0000000002013b7c       0x5c /opt/devkitpro/devkitARM/lib/gcc/arm-none-eabi/10.1.0/../../../../arm-none-eabi/lib/thumb/libg.a(lib_a-mprec.o)
                0x0000000002013b7c                __lo0bits
 .text.__i2b    0x0000000002013bd8       0x64 /opt/devkitpro/devkitARM/lib/gcc/arm-none-eabi/10.1.0/../../../../arm-none-eabi/lib/thumb/libg.a(lib_a-mprec.o)
                0x0000000002013bd8                __i2b
 .text.__multiply
                0x0000000002013c3c      0x1a8 /opt/devkitpro/devkitARM/lib/gcc/arm-none-eabi/10.1.0/../../../../arm-none-eabi/lib/thumb/libg.a(lib_a-mprec.o)
                0x0000000002013c3c                __multiply
 .text.__pow5mult
                0x0000000002013de4       0xdc /opt/devkitpro/devkitARM/lib/gcc/arm-none-eabi/10.1.0/../../../../arm-none-eabi/lib/thumb/libg.a(lib_a-mprec.o)
                0x0000000002013de4                __pow5mult
 .text.__lshift
                0x0000000002013ec0      0x100 /opt/devkitpro/devkitARM/lib/gcc/arm-none-eabi/10.1.0/../../../../arm-none-eabi/lib/thumb/libg.a(lib_a-mprec.o)
                0x0000000002013ec0                __lshift
 .text.__mcmp   0x0000000002013fc0       0x38 /opt/devkitpro/devkitARM/lib/gcc/arm-none-eabi/10.1.0/../../../../arm-none-eabi/lib/thumb/libg.a(lib_a-mprec.o)
                0x0000000002013fc0                __mcmp
 .text.__mdiff  0x0000000002013ff8      0x190 /opt/devkitpro/devkitARM/lib/gcc/arm-none-eabi/10.1.0/../../../../arm-none-eabi/lib/thumb/libg.a(lib_a-mprec.o)
                0x0000000002013ff8                __mdiff
 .text.__d2b    0x0000000002014188       0xdc /opt/devkitpro/devkitARM/lib/gcc/arm-none-eabi/10.1.0/../../../../arm-none-eabi/lib/thumb/libg.a(lib_a-mprec.o)
                0x0000000002014188                __d2b
 .text.__sccl   0x0000000002014264       0x90 /opt/devkitpro/devkitARM/lib/gcc/arm-none-eabi/10.1.0/../../../../arm-none-eabi/lib/thumb/libg.a(lib_a-sccl.o)
                0x0000000002014264                __sccl
 .text.frexp    0x00000000020142f4       0x68 /opt/devkitpro/devkitARM/lib/gcc/arm-none-eabi/10.1.0/../../../../arm-none-eabi/lib/thumb/libg.a(lib_a-s_frexp.o)
                0x00000000020142f4                frexp
 .text.strchr   0x000000000201435c       0xc8 /opt/devkitpro/devkitARM/lib/gcc/arm-none-eabi/10.1.0/../../../../arm-none-eabi/lib/thumb/libg.a(lib_a-strchr.o)
                0x000000000201435c                strchr
 .text.strncmp  0x0000000002014424       0x78 /opt/devkitpro/devkitARM/lib/gcc/arm-none-eabi/10.1.0/../../../../arm-none-eabi/lib/thumb/libg.a(lib_a-strncmp.o)
                0x0000000002014424                strncmp
 .text.strncpy  0x000000000201449c       0x74 /opt/devkitpro/devkitARM/lib/gcc/arm-none-eabi/10.1.0/../../../../arm-none-eabi/lib/thumb/libg.a(lib_a-strncpy.o)
                0x000000000201449c                strncpy
 .text._strtoll_l.constprop.0
                0x0000000002014510      0x1ac /opt/devkitpro/devkitARM/lib/gcc/arm-none-eabi/10.1.0/../../../../arm-none-eabi/lib/thumb/libg.a(lib_a-strtoll.o)
 .text._strtoll_r
                0x00000000020146bc        0xc /opt/devkitpro/devkitARM/lib/gcc/arm-none-eabi/10.1.0/../../../../arm-none-eabi/lib/thumb/libg.a(lib_a-strtoll.o)
                0x00000000020146bc                _strtoll_r
 .text._strtol_l.part.0
                0x00000000020146c8      0x150 /opt/devkitpro/devkitARM/lib/gcc/arm-none-eabi/10.1.0/../../../../arm-none-eabi/lib/thumb/libg.a(lib_a-strtol.o)
 .text._strtol_r
                0x0000000002014818       0x20 /opt/devkitpro/devkitARM/lib/gcc/arm-none-eabi/10.1.0/../../../../arm-none-eabi/lib/thumb/libg.a(lib_a-strtol.o)
                0x0000000002014818                _strtol_r
 .text._strtoull_l.constprop.0
                0x0000000002014838      0x1c8 /opt/devkitpro/devkitARM/lib/gcc/arm-none-eabi/10.1.0/../../../../arm-none-eabi/lib/thumb/libg.a(lib_a-strtoull.o)
 .text._strtoull_r
                0x0000000002014a00        0xc /opt/devkitpro/devkitARM/lib/gcc/arm-none-eabi/10.1.0/../../../../arm-none-eabi/lib/thumb/libg.a(lib_a-strtoull.o)
                0x0000000002014a00                _strtoull_r
 .text._strtoul_l.constprop.0
                0x0000000002014a0c      0x148 /opt/devkitpro/devkitARM/lib/gcc/arm-none-eabi/10.1.0/../../../../arm-none-eabi/lib/thumb/libg.a(lib_a-strtoul.o)
 .text._strtoul_r
                0x0000000002014b54        0xc /opt/devkitpro/devkitARM/lib/gcc/arm-none-eabi/10.1.0/../../../../arm-none-eabi/lib/thumb/libg.a(lib_a-strtoul.o)
                0x0000000002014b54                _strtoul_r
 .text.__ssprint_r
                0x0000000002014b60      0x124 /opt/devkitpro/devkitARM/lib/gcc/arm-none-eabi/10.1.0/../../../../arm-none-eabi/lib/thumb/libg.a(lib_a-svfiprintf.o)
                0x0000000002014b60                __ssprint_r
 .text._wcsnrtombs_l
                0x0000000002014c84      0x138 /opt/devkitpro/devkitARM/lib/gcc/arm-none-eabi/10.1.0/../../../../arm-none-eabi/lib/thumb/libg.a(lib_a-wcsnrtombs.o)
                0x0000000002014c84                _wcsnrtombs_l
 .text._wcsnrtombs_r
                0x0000000002014dbc       0x30 /opt/devkitpro/devkitARM/lib/gcc/arm-none-eabi/10.1.0/../../../../arm-none-eabi/lib/thumb/libg.a(lib_a-wcsnrtombs.o)
                0x0000000002014dbc                _wcsnrtombs_r
 .text.__utf8_wctomb
                0x0000000002014dec       0xb4 /opt/devkitpro/devkitARM/lib/gcc/arm-none-eabi/10.1.0/../../../../arm-none-eabi/lib/thumb/libg.a(lib_a-wctomb_r.o)
                0x0000000002014dec                __utf8_wctomb
 .text.__assert_func
                0x0000000002014ea0       0x40 /opt/devkitpro/devkitARM/lib/gcc/arm-none-eabi/10.1.0/../../../../arm-none-eabi/lib/thumb/libg.a(lib_a-assert.o)
                0x0000000002014ea0                __assert_func
 .text.__errno  0x0000000002014ee0        0xc /opt/devkitpro/devkitARM/lib/gcc/arm-none-eabi/10.1.0/../../../../arm-none-eabi/lib/thumb/libg.a(lib_a-errno.o)
                0x0000000002014ee0                __errno
 .text.fiprintf
                0x0000000002014eec       0x28 /opt/devkitpro/devkitARM/lib/gcc/arm-none-eabi/10.1.0/../../../../arm-none-eabi/lib/thumb/libg.a(lib_a-fiprintf.o)
                0x0000000002014eec                fiprintf
 .text.iswspace_l
                0x0000000002014f14       0x2c /opt/devkitpro/devkitARM/lib/gcc/arm-none-eabi/10.1.0/../../../../arm-none-eabi/lib/thumb/libg.a(lib_a-iswspace_l.o)
                0x0000000002014f14                iswspace_l
 .text.__jp2uc  0x0000000002014f40      0x164 /opt/devkitpro/devkitARM/lib/gcc/arm-none-eabi/10.1.0/../../../../arm-none-eabi/lib/thumb/libg.a(lib_a-jp2uc.o)
 .text._jp2uc_l
                0x00000000020150a4       0x6c /opt/devkitpro/devkitARM/lib/gcc/arm-none-eabi/10.1.0/../../../../arm-none-eabi/lib/thumb/libg.a(lib_a-jp2uc.o)
                0x00000000020150a4                _jp2uc_l
 .text.category
                0x0000000002015110       0x54 /opt/devkitpro/devkitARM/lib/gcc/arm-none-eabi/10.1.0/../../../../arm-none-eabi/lib/thumb/libg.a(lib_a-categories.o)
                0x0000000002015110                category
 .text.null_write
                0x0000000002015164        0x4 /opt/devkitpro/devkitARM/lib/gcc/arm-none-eabi/10.1.0/../../../../arm-none-eabi/lib/thumb/libsysbase.a(iosupport.o)
 .text.FindDevice
                0x0000000002015168       0x98 /opt/devkitpro/devkitARM/lib/gcc/arm-none-eabi/10.1.0/../../../../arm-none-eabi/lib/thumb/libsysbase.a(iosupport.o)
                0x0000000002015168                FindDevice
 .text._fstat_r
                0x0000000002015200       0x4c /opt/devkitpro/devkitARM/lib/gcc/arm-none-eabi/10.1.0/../../../../arm-none-eabi/lib/thumb/libsysbase.a(fstat.o)
                0x0000000002015200                _fstat_r
 .text._getpid_r
                0x000000000201524c        0xc /opt/devkitpro/devkitARM/lib/gcc/arm-none-eabi/10.1.0/../../../../arm-none-eabi/lib/thumb/libsysbase.a(getpid.o)
                0x000000000201524c                _getpid_r
 .text._isatty_r
                0x0000000002015258        0x4 /opt/devkitpro/devkitARM/lib/gcc/arm-none-eabi/10.1.0/../../../../arm-none-eabi/lib/thumb/libsysbase.a(isatty.o)
                0x0000000002015258                _isatty_r
 .text._kill_r  0x000000000201525c        0xc /opt/devkitpro/devkitARM/lib/gcc/arm-none-eabi/10.1.0/../../../../arm-none-eabi/lib/thumb/libsysbase.a(kill.o)
                0x000000000201525c                _kill_r
 .text._lseek_r
                0x0000000002015268       0x5c /opt/devkitpro/devkitARM/lib/gcc/arm-none-eabi/10.1.0/../../../../arm-none-eabi/lib/thumb/libsysbase.a(lseek.o)
                0x0000000002015268                _lseek_r
 .text._open_r  0x00000000020152c4       0x9c /opt/devkitpro/devkitARM/lib/gcc/arm-none-eabi/10.1.0/../../../../arm-none-eabi/lib/thumb/libsysbase.a(open.o)
                0x00000000020152c4                _open_r
 .text._read_r  0x0000000002015360       0x50 /opt/devkitpro/devkitARM/lib/gcc/arm-none-eabi/10.1.0/../../../../arm-none-eabi/lib/thumb/libsysbase.a(read.o)
                0x0000000002015360                _read_r
 .text._sbrk_r  0x00000000020153b0       0x54 /opt/devkitpro/devkitARM/lib/gcc/arm-none-eabi/10.1.0/../../../../arm-none-eabi/lib/thumb/libsysbase.a(sbrk.o)
                0x00000000020153b0                _sbrk_r
 .text._write_r
                0x0000000002015404       0x50 /opt/devkitpro/devkitARM/lib/gcc/arm-none-eabi/10.1.0/../../../../arm-none-eabi/lib/thumb/libsysbase.a(write.o)
                0x0000000002015404                _write_r
 .text._exit    0x0000000002015454       0x18 /opt/devkitpro/devkitARM/lib/gcc/arm-none-eabi/10.1.0/../../../../arm-none-eabi/lib/thumb/libsysbase.a(_exit.o)
                0x0000000002015454                _exit
 .text.build_argv
                0x000000000201546c       0x4c /opt/devkitpro/devkitARM/lib/gcc/arm-none-eabi/10.1.0/../../../../arm-none-eabi/lib/thumb/libsysbase.a(build_argv.o)
                0x000000000201546c                build_argv
 .text.__flockfile
                0x00000000020154b8       0x10 /opt/devkitpro/devkitARM/lib/gcc/arm-none-eabi/10.1.0/../../../../arm-none-eabi/lib/thumb/libsysbase.a(flock.o)
                0x00000000020154b8                __flockfile
 .text.__funlockfile
                0x00000000020154c8       0x10 /opt/devkitpro/devkitARM/lib/gcc/arm-none-eabi/10.1.0/../../../../arm-none-eabi/lib/thumb/libsysbase.a(flock.o)
                0x00000000020154c8                __funlockfile
 .text.__libc_lock_acquire
                0x00000000020154d8       0x1c /opt/devkitpro/devkitARM/lib/gcc/arm-none-eabi/10.1.0/../../../../arm-none-eabi/lib/thumb/libsysbase.a(syscall_support.o)
                0x00000000020154d8                __libc_lock_acquire
 .text.__libc_lock_release
                0x00000000020154f4       0x1c /opt/devkitpro/devkitARM/lib/gcc/arm-none-eabi/10.1.0/../../../../arm-none-eabi/lib/thumb/libsysbase.a(syscall_support.o)
                0x00000000020154f4                __libc_lock_release
 .text.__libc_lock_init_recursive
                0x0000000002015510       0x1c /opt/devkitpro/devkitARM/lib/gcc/arm-none-eabi/10.1.0/../../../../arm-none-eabi/lib/thumb/libsysbase.a(syscall_support.o)
                0x0000000002015510                __libc_lock_init_recursive
 .text.__libc_lock_acquire_recursive
                0x000000000201552c       0x1c /opt/devkitpro/devkitARM/lib/gcc/arm-none-eabi/10.1.0/../../../../arm-none-eabi/lib/thumb/libsysbase.a(syscall_support.o)
                0x000000000201552c                __libc_lock_acquire_recursive
 .text.__libc_lock_release_recursive
                0x0000000002015548       0x1c /opt/devkitpro/devkitARM/lib/gcc/arm-none-eabi/10.1.0/../../../../arm-none-eabi/lib/thumb/libsysbase.a(syscall_support.o)
                0x0000000002015548                __libc_lock_release_recursive
 .text.__libc_lock_close_recursive
                0x0000000002015564       0x1c /opt/devkitpro/devkitARM/lib/gcc/arm-none-eabi/10.1.0/../../../../arm-none-eabi/lib/thumb/libsysbase.a(syscall_support.o)
                0x0000000002015564                __libc_lock_close_recursive
 .text.__release_handle
                0x0000000002015580       0x68 /opt/devkitpro/devkitARM/lib/gcc/arm-none-eabi/10.1.0/../../../../arm-none-eabi/lib/thumb/libsysbase.a(handle_manager.o)
                0x0000000002015580                __release_handle
 .text.__alloc_handle
                0x00000000020155e8       0x80 /opt/devkitpro/devkitARM/lib/gcc/arm-none-eabi/10.1.0/../../../../arm-none-eabi/lib/thumb/libsysbase.a(handle_manager.o)
                0x00000000020155e8                __alloc_handle
 .text.__get_handle
                0x0000000002015668       0x34 /opt/devkitpro/devkitARM/lib/gcc/arm-none-eabi/10.1.0/../../../../arm-none-eabi/lib/thumb/libsysbase.a(handle_manager.o)
                0x0000000002015668                __get_handle
 .text._close_r
                0x000000000201569c       0xb8 /opt/devkitpro/devkitARM/lib/gcc/arm-none-eabi/10.1.0/../../../../arm-none-eabi/lib/thumb/libsysbase.a(handle_manager.o)
                0x000000000201569c                _close_r
 .text.__getreent
                0x0000000002015754       0x28 /opt/devkitpro/devkitARM/lib/gcc/arm-none-eabi/10.1.0/../../../../arm-none-eabi/lib/thumb/libsysbase.a(getreent.o)
                0x0000000002015754                __getreent
 .text.__udivmoddi4
                0x000000000201577c      0x19c /opt/devkitpro/devkitARM/lib/gcc/arm-none-eabi/10.1.0/thumb/libgcc.a(_udivmoddi4.o)
                0x000000000201577c                __udivmoddi4
 .text.__udivmoddi4.__stub
                0x0000000002015918      0x168 linker stubs
 *(EXCLUDE_FILE(*.twl*) .gnu.warning)
 *(EXCLUDE_FILE(*.twl*) .gnu.linkonce.t*)
 *(.glue_7)
 .glue_7        0x0000000002015a90        0x0 linker stubs
 *(.glue_7t)
 .glue_7t       0x0000000002015a90        0x0 linker stubs
                0x0000000002015a90                . = ALIGN (0x4)

.vfp11_veneer   0x0000000002015a90        0x0
 .vfp11_veneer  0x0000000002015a90        0x0 linker stubs

.v4_bx          0x0000000002015a90        0x0
 .v4_bx         0x0000000002015a90        0x0 linker stubs

.iplt           0x0000000002015a90        0x0
 .iplt          0x0000000002015a90        0x0 /opt/devkitpro/devkitARM/lib/gcc/arm-none-eabi/10.1.0/../../../../arm-none-eabi/lib/thumb/ds_arm9_crt0.o

.fini           0x0000000002015a90        0xc
 *(.fini)
 .fini          0x0000000002015a90        0x4 /opt/devkitpro/devkitARM/lib/gcc/arm-none-eabi/10.1.0/thumb/crti.o
                0x0000000002015a90                _fini
 .fini          0x0000000002015a94        0x8 /opt/devkitpro/devkitARM/lib/gcc/arm-none-eabi/10.1.0/thumb/crtn.o
                0x0000000002015a9c                __text_end = .

.rodata         0x0000000002015aa0   0x2e1650
 *(EXCLUDE_FILE(*.twl*) .rodata)
 .rodata        0x0000000002015aa0     0xc200 mainTiles.o
                0x0000000002015aa0                mainTilesTiles
                0x0000000002021aa0                mainTilesPal
 .rodata        0x0000000002021ca0    0x10200 font_si.o
                0x0000000002021ca0                font_siBitmap
                0x0000000002031ca0                font_siPal
 .rodata        0x0000000002031ea0    0x10200 threeDtex3.o
                0x0000000002031ea0                threeDtex3Bitmap
                0x0000000002041ea0                threeDtex3Pal
 .rodata        0x00000000020420a0    0x10200 font_16x16.o
                0x00000000020420a0                font_16x16Bitmap
                0x00000000020520a0                font_16x16Pal
 .rodata        0x00000000020522a0    0x10200 threeDtex0.o
                0x00000000020522a0                threeDtex0Bitmap
                0x00000000020622a0                threeDtex0Pal
 .rodata        0x00000000020624a0     0xc200 logo.o
                0x00000000020624a0                logoTiles
                0x000000000206e4a0                logoPal
 .rodata        0x000000000206e6a0    0x10200 subTiles.o
                0x000000000206e6a0                subTilesTiles
                0x000000000207e6a0                subTilesPal
 .rodata        0x000000000207e8a0    0x10200 threeDtex2.o
                0x000000000207e8a0                threeDtex2Bitmap
                0x000000000208e8a0                threeDtex2Pal
 .rodata        0x000000000208eaa0    0x10200 threeDtex1.o
                0x000000000208eaa0                threeDtex1Bitmap
                0x000000000209eaa0                threeDtex1Pal
 .rodata        0x000000000209eca0       0x24 /opt/devkitpro/libnds/lib/libnds9.a(videoGL.o)
 .rodata        0x000000000209ecc4     0x2004 /opt/devkitpro/libnds/lib/libnds9.a(default_font.bin.o)
                0x000000000209ecc4                default_font_bin
                0x00000000020a0cc4                default_font_bin_end
                0x00000000020a0cc4                default_font_bin_size
 .rodata        0x00000000020a0cc8     0x2d0c /opt/devkitpro/libnds/lib/libnds9.a(keyboardGfx.o)
                0x00000000020a0cc8                keyboardGfxTiles
                0x00000000020a2fb4                keyboardGfxMap
                0x00000000020a39b4                keyboardGfxPal
 *all.rodata*(*)
 *(EXCLUDE_FILE(*.twl*) .roda)
 *(EXCLUDE_FILE(*.twl*) .rodata.*)
 .rodata.mmsolution_bin
                0x00000000020a39d4   0x24c250 mmsolution.bin.o
                0x00000000020a39d4                mmsolution_bin
                0x00000000022efc20                mmsolution_bin_end
                0x00000000022efc20                mmsolution_bin_size
 .rodata.str1.4
                0x00000000022efc24       0x61 main.o
 *fill*         0x00000000022efc85        0x3 ff
 .rodata.con_write.str1.4