Archive member included to satisfy reference by file (symbol)

/opt/devkitpro/libnds/lib/libmm9.a(mm_comms.o)
                              main.o (mmStart)
/opt/devkitpro/libnds/lib/libmm9.a(mm_memory.o)
                              main.o (mmLoad)
/opt/devkitpro/libnds/lib/libmm9.a(mm_main9.o)
                              /opt/devkitpro/libnds/lib/libmm9.a(mm_memory.o) (mmcbMemory)
/opt/devkitpro/libnds/lib/libmm9.a(mm_soundbank.o)
                              /opt/devkitpro/libnds/lib/libmm9.a(mm_main9.o) (mmSoundBankInMemory)
/opt/devkitpro/libnds/lib/libmm9.a(mm_flusher.o)
                              /opt/devkitpro/libnds/lib/libmm9.a(mm_memory.o) (mmFlushBank)
/opt/devkitpro/libnds/lib/libnds9.a(background.o)
                              main.o (bgState)
/opt/devkitpro/libnds/lib/libnds9.a(console.o)
                              main.o (consoleDemoInit)
/opt/devkitpro/libnds/lib/libnds9.a(gl2d.o)
                              main.o (glBegin2D)
/opt/devkitpro/libnds/lib/libnds9.a(trig.o)
                              main.o (sinLerp)
/opt/devkitpro/libnds/lib/libnds9.a(videoGL.o)
                              main.o (glMaterialf)
/opt/devkitpro/libnds/lib/libnds9.a(keyboard.o)
                              main.o (keyboardDemoInit)
/opt/devkitpro/libnds/lib/libnds9.a(keys.o)
                              main.o (scanKeys)
/opt/devkitpro/libnds/lib/libnds9.a(initSystem.o)
                              /opt/devkitpro/devkitARM/lib/gcc/arm-none-eabi/10.1.0/../../../../arm-none-eabi/lib/thumb/ds_arm9_crt0.o (initSystem)
/opt/devkitpro/libnds/lib/libnds9.a(timeSupport.o)
                              /opt/devkitpro/libnds/lib/libnds9.a(initSystem.o) (__libnds_gtod)
/opt/devkitpro/libnds/lib/libnds9.a(securearea.o)
                              /opt/devkitpro/devkitARM/lib/gcc/arm-none-eabi/10.1.0/../../../../arm-none-eabi/lib/thumb/ds_arm9_crt0.o (__secure_area__)
/opt/devkitpro/libnds/lib/libnds9.a(interrupts.o)
                              main.o (irqSet)
/opt/devkitpro/libnds/lib/libnds9.a(libnds_exit.arm.o)
                              /opt/devkitpro/devkitARM/lib/gcc/arm-none-eabi/10.1.0/../../../../arm-none-eabi/lib/thumb/ds_arm9_crt0.o (__libnds_exit)
/opt/devkitpro/libnds/lib/libnds9.a(fifosystem.o)
                              /opt/devkitpro/libnds/lib/libmm9.a(mm_comms.o) (fifoSetValue32Handler)
/opt/devkitpro/libnds/lib/libnds9.a(dcache.o)
                              main.o (DC_FlushAll)
/opt/devkitpro/libnds/lib/libnds9.a(mpu_setup.o)
                              /opt/devkitpro/devkitARM/lib/gcc/arm-none-eabi/10.1.0/../../../../arm-none-eabi/lib/thumb/ds_arm9_crt0.o (__libnds_mpu_setup)
/opt/devkitpro/libnds/lib/libnds9.a(IntrWait.o)
                              main.o (swiWaitForVBlank)
/opt/devkitpro/libnds/lib/libnds9.a(cpu_clock.o)
                              /opt/devkitpro/libnds/lib/libnds9.a(initSystem.o) (setCpuClock)
/opt/devkitpro/libnds/lib/libnds9.a(interruptDispatcher.o)
                              /opt/devkitpro/libnds/lib/libnds9.a(interrupts.o) (IntrMain)
/opt/devkitpro/libnds/lib/libnds9.a(debugprint.o)
                              /opt/devkitpro/libnds/lib/libnds9.a(console.o) (nocashWrite)
/opt/devkitpro/libnds/lib/libnds9.a(swiSoftReset.o)
                              /opt/devkitpro/libnds/lib/libnds9.a(fifosystem.o) (swiSoftReset)
/opt/devkitpro/libnds/lib/libnds9.a(biosCalls.o)
                              /opt/devkitpro/libnds/lib/libnds9.a(videoGL.o) (swiCopy)
/opt/devkitpro/libnds/lib/libnds9.a(default_font.bin.o)
                              /opt/devkitpro/libnds/lib/libnds9.a(console.o) (default_font_bin)
/opt/devkitpro/libnds/lib/libnds9.a(keyboardGfx.o)
                              /opt/devkitpro/libnds/lib/libnds9.a(keyboard.o) (keyboardGfxTiles)
/opt/devkitpro/libnds/lib/libnds9.a(dynamicArray.o)
                              /opt/devkitpro/libnds/lib/libnds9.a(videoGL.o) (DynamicArrayInit)
/opt/devkitpro/libnds/lib/libnds9.a(video.o)
                              /opt/devkitpro/libnds/lib/libnds9.a(videoGL.o) (vramSetBanks_EFG)
/opt/devkitpro/libnds/lib/libnds9.a(touch.o)
                              /opt/devkitpro/libnds/lib/libnds9.a(keyboard.o) (touchRead)
/opt/devkitpro/libnds/lib/libnds9.a(system.o)
                              /opt/devkitpro/libnds/lib/libnds9.a(initSystem.o) (systemValueHandler)
/opt/devkitpro/libnds/lib/libnds9.a(decompress.o)
                              /opt/devkitpro/libnds/lib/libnds9.a(keyboard.o) (decompress)
/opt/devkitpro/libnds/lib/libnds9.a(syscalls.o)
                              /opt/devkitpro/libnds/lib/libnds9.a(decompress.o) (swiDecompressLZSSVram)
/opt/devkitpro/devkitARM/lib/gcc/arm-none-eabi/10.1.0/../../../../arm-none-eabi/lib/thumb/libstdc++.a(del_ops.o)
                              main.o (operator delete(void*, unsigned int))
/opt/devkitpro/devkitARM/lib/gcc/arm-none-eabi/10.1.0/../../../../arm-none-eabi/lib/thumb/libstdc++.a(del_opv.o)
[...]
Memory Configuration

Name             Origin             Length             Attributes
ewram            0x0000000002000000 0x0000000000380000
dtcm             0x0000000002ff0000 0x0000000000004000
vectors          0x0000000001000000 0x0000000000000100
itcm             0x0000000001000100 0x0000000000007f00
*default*        0x0000000000000000 0xffffffffffffffff

Linker script and memory map

                0x0000000002380000                __ewram_end = (ORIGIN (ewram) + LENGTH (ewram))
                0x0000000002380000                __eheap_end = (ORIGIN (ewram) + LENGTH (ewram))
                0x0000000002ff4000                __dtcm_top = (ORIGIN (dtcm) + LENGTH (dtcm))
                0x0000000002ff3ff8                __irq_flags = (__dtcm_top - 0x8)
                0x0000000002ff3ffc                __irq_vector = (__dtcm_top - 0x4)
                0x0000000002ff3f00                __sp_svc = (__dtcm_top - 0x100)
                0x0000000002ff3e00                __sp_irq = (__sp_svc - 0x100)
                0x0000000002ff3d00                __sp_usr = (__sp_irq - 0x100)

.secure         0x0000000002000000      0x800
 *(.secure)
 .secure        0x0000000002000000      0x800 /opt/devkitpro/libnds/lib/libnds9.a(securearea.o)
                0x0000000002000000                __secure_area__

.crt0           0x0000000002000800      0x300
                0x0000000002000800                __text_start = .
 *(.crt0)
 .crt0          0x0000000002000800      0x300 /opt/devkitpro/devkitARM/lib/gcc/arm-none-eabi/10.1.0/../../../../arm-none-eabi/lib/thumb/ds_arm9_crt0.o
                0x0000000002000800                _start
                0x0000000002000b00                . = ALIGN (0x4)

.plt
 *(.plt)

.init           0x0000000002000b00        0xc
 *(SORT_NONE(.init))
 .init          0x0000000002000b00        0x4 /opt/devkitpro/devkitARM/lib/gcc/arm-none-eabi/10.1.0/thumb/crti.o
                0x0000000002000b00                _init
 .init          0x0000000002000b04        0x8 /opt/devkitpro/devkitARM/lib/gcc/arm-none-eabi/10.1.0/thumb/crtn.o

.text           0x0000000002000b10    0x14b50
 *(EXCLUDE_FILE(*.twl* *.vectors* *.itcm*) .text)
 .text          0x0000000002000b10      0xdf0 main.o
                0x0000000002000cd8                updateFrame()
                0x0000000002000cec                myEventHandler(unsigned int, unsigned int)
                0x0000000002000d78                Cglfont::~Cglfont()
                0x0000000002000d78                Cglfont::~Cglfont()
                0x0000000002000d8c                Cglfont::Cglfont(unsigned int, unsigned short const*, unsigned char const*)
                0x0000000002000d8c                Cglfont::Cglfont(unsigned int, unsigned short const*, unsigned char const*)
                0x0000000002000de4                Cglfont::setExtended(bool, bool)
                0x0000000002000df4                Cglfont::print(int, int, char const*)
                0x0000000002000e34                Cglfont::printOutline(int, int)
                0x0000000002000e48                Cglfont::printRight(int, int, char const*)
                0x0000000002000eb8                Cglfont::printCentered(int, char const*)
                0x0000000002000f28                Cglfont::printWidth(char const*)
                0x0000000002000f50                Cglfont::getTextureID()
                0x0000000002000f54                Cglfont::getTexturePack(unsigned int, CORNER, unsigned int)
                0x0000000002000fc8                overflowDefault(long*)
                0x0000000002000fcc                printValue(long*, bool, unsigned char, void (*)(long*))
                0x00000000020010b0                frameCount()
                0x00000000020010cc                clearSub(int)
                0x0000000002001160                clearMain(int)
                0x00000000020011ac                putMain(int, int, int, int)
                0x0000000002001200                putSub(int, int, int, int, int)
                0x0000000002001270                extendedPalettes(unsigned short const*, int)
                0x00000000020013bc                drawMain()
                0x00000000020013c0                drawSub()
                0x00000000020013e4                draw3D()
                0x0000000002001544                draw2D()
                0x00000000020017b4                processInputs(unsigned int)
                0x00000000020017c8                processMotions()
                0x00000000020017cc                processCollisions()
                0x00000000020017d0                processStateMachine()
                0x00000000020017d4                playMod(unsigned char)
                0x0000000002001808                playEffect(int, bool)
                0x0000000002001854                loadMods()
                0x000000000200187c                loadEffects()
                0x00000000020018c4                cleanUp()
 .text          0x0000000002001900      0x24c /opt/devkitpro/libnds/lib/libmm9.a(mm_comms.o)
                0x0000000002001900                mmSetupComms
                0x0000000002001952                mmSendBank
                0x000000000200195c                mmLockChannels
                0x0000000002001962                mmUnlockChannels
                0x0000000002001968                mmStart
                0x0000000002001972                mmPause
                0x0000000002001976                mmResume
                0x000000000200197a                mmStop
                0x000000000200197e                mmPosition
                0x0000000002001982                mmJingle
                0x0000000002001986                mmSetModuleVolume
                0x000000000200198a                mmSetJingleVolume
                0x000000000200198e                mmSetModuleTempo
                0x0000000002001992                mmSetModulePitch
                0x0000000002001996                mmSetEffectsVolume
                0x000000000200199a                mmSelectMode
                0x000000000200199e                mmStreamBegin
                0x00000000020019b2                mmStreamEnd
                0x0000000002001a08                mmEffect
                0x0000000002001a2c                mmEffectVolume
                0x0000000002001a30                mmEffectPanning
                0x0000000002001a34                mmEffectRate
                0x0000000002001a3e                mmEffectScaleRate
                0x0000000002001a48                mmEffectRelease
                0x0000000002001a4e                mmEffectCancel
                0x0000000002001a54                mmEffectEx
                0x0000000002001a92                mmEffectCancelAll
                0x0000000002001a96                mmReverbEnable
                0x0000000002001a9a                mmReverbDisable
                0x0000000002001a9e                mmReverbConfigure
                0x0000000002001afa                mmReverbStart
                0x0000000002001afe                mmReverbStop
 .text          0x0000000002001b4c      0x120 /opt/devkitpro/libnds/lib/libmm9.a(mm_memory.o)
                0x0000000002001b4c                mmLoad
                0x0000000002001b9c                mmUnload
                0x0000000002001bf4                mmLoadEffect
                0x0000000002001c2c                mmUnloadEffect
 .text          0x0000000002001c6c      0x108 /opt/devkitpro/libnds/lib/libmm9.a(mm_main9.o)
                0x0000000002001c6c                mmActive
                0x0000000002001c72                mmSetEventHandler
                0x0000000002001c78                mmInit
                0x0000000002001ca2                mmInitDefault
                0x0000000002001cec                mmInitDefaultMem
                0x0000000002001d0e                mmSuspendIRQ_t
                0x0000000002001d2c                mmRestoreIRQ_t
 .text          0x0000000002001d74      0x100 /opt/devkitpro/libnds/lib/libmm9.a(mm_soundbank.o)
                0x0000000002001d74                mmSoundBankInMemory
                0x0000000002001d7c                mmSoundBankInFiles
                0x0000000002001d8e                mmSetCustomSoundBankHandler
                0x0000000002001dba                mmsHandleFileOp
 .text          0x0000000002001e74       0x3c /opt/devkitpro/libnds/lib/libmm9.a(mm_flusher.o)
                0x0000000002001e74                mmFlushBank
 .text          0x0000000002001eb0      0x11c /opt/devkitpro/devkitARM/lib/gcc/arm-none-eabi/10.1.0/thumb/libgcc.a(_udivsi3.o)
                0x0000000002001eb0                __udivsi3
                0x0000000002001eb0                __aeabi_uidiv
                0x0000000002001fac                __aeabi_uidivmod
 .text          0x0000000002001fcc      0x150 /opt/devkitpro/devkitARM/lib/gcc/arm-none-eabi/10.1.0/thumb/libgcc.a(_divsi3.o)
                0x0000000002001fcc                __aeabi_idiv
                0x0000000002001fcc                __divsi3
                0x00000000020020fc                __aeabi_idivmod
 .text          0x000000000200211c        0x4 /opt/devkitpro/devkitARM/lib/gcc/arm-none-eabi/10.1.0/thumb/libgcc.a(_dvmd_tls.o)
                0x000000000200211c                __aeabi_ldiv0
                0x000000000200211c                __aeabi_idiv0
 .text          0x0000000002002120      0x1d8 /opt/devkitpro/devkitARM/lib/gcc/arm-none-eabi/10.1.0/thumb/libgcc.a(libunwind.o)
                0x0000000002002120                __restore_core_regs
                0x0000000002002120                restore_core_regs
                0x000000000200213c                __gnu_Unwind_Restore_VFP
                0x0000000002002144                __gnu_Unwind_Save_VFP
                0x000000000200214c                __gnu_Unwind_Restore_VFP_D
                0x0000000002002154                __gnu_Unwind_Save_VFP_D
                0x000000000200215c                __gnu_Unwind_Restore_VFP_D_16_to_31
                0x0000000002002164                __gnu_Unwind_Save_VFP_D_16_to_31
                0x000000000200216c                __gnu_Unwind_Restore_WMMXD
                0x00000000020021b0                __gnu_Unwind_Save_WMMXD
                0x00000000020021f4                __gnu_Unwind_Restore_WMMXC
                0x0000000002002208                __gnu_Unwind_Save_WMMXC
                0x000000000200221c                ___Unwind_RaiseException
                0x000000000200221c                _Unwind_RaiseException
                0x0000000002002248                ___Unwind_Resume
                0x0000000002002248                _Unwind_Resume
                0x0000000002002274                _Unwind_Resume_or_Rethrow
                0x0000000002002274                ___Unwind_Resume_or_Rethrow
                0x00000000020022a0                ___Unwind_ForcedUnwind
                0x00000000020022a0                _Unwind_ForcedUnwind
                0x00000000020022cc                _Unwind_Backtrace
                0x00000000020022cc                ___Unwind_Backtrace
 .text          0x00000000020022f8      0x224 /opt/devkitpro/devkitARM/lib/gcc/arm-none-eabi/10.1.0/../../../../arm-none-eabi/lib/thumb/libg.a(lib_a-strcmp.o)
                0x00000000020022f8                strcmp
 .text          0x000000000200251c       0x14 /opt/devkitpro/devkitARM/lib/gcc/arm-none-eabi/10.1.0/thumb/libgcc.a(_thumb1_case_uqi.o)
                0x000000000200251c                __gnu_thumb1_case_uqi
 .text          0x0000000002002530       0x14 /opt/devkitpro/devkitARM/lib/gcc/arm-none-eabi/10.1.0/thumb/libgcc.a(_thumb1_case_uhi.o)
                0x0000000002002530                __gnu_thumb1_case_uhi
 .text          0x0000000002002544      0x424 /opt/devkitpro/devkitARM/lib/gcc/arm-none-eabi/10.1.0/thumb/libgcc.a(_arm_addsubdf3.o)
                0x0000000002002544                __aeabi_drsub
                0x000000000200254c                __aeabi_dsub
                0x000000000200254c                __subdf3
                0x0000000002002550                __adddf3
                0x0000000002002550                __aeabi_dadd
                0x0000000002002860                __aeabi_ui2d
                0x0000000002002860                __floatunsidf
                0x0000000002002884                __floatsidf
                0x0000000002002884                __aeabi_i2d
                0x00000000020028ac                __extendsfdf2
                0x00000000020028ac                __aeabi_f2d
                0x00000000020028f4                __aeabi_ul2d
                0x00000000020028f4                __floatundidf
                0x0000000002002908                __floatdidf
                0x0000000002002908                __aeabi_l2d
 .text          0x0000000002002968      0x49c /opt/devkitpro/devkitARM/lib/gcc/arm-none-eabi/10.1.0/thumb/libgcc.a(_arm_muldivdf3.o)
                0x0000000002002968                __aeabi_dmul
                0x0000000002002968                __muldf3
                0x0000000002002bf8                __aeabi_ddiv
                0x0000000002002bf8                __divdf3
 .text          0x0000000002002e04      0x144 /opt/devkitpro/devkitARM/lib/gcc/arm-none-eabi/10.1.0/thumb/libgcc.a(_arm_cmpdf2.o)
                0x0000000002002e04                __gtdf2
                0x0000000002002e04                __gedf2
                0x0000000002002e0c                __ltdf2
                0x0000000002002e0c                __ledf2
                0x0000000002002e14                __cmpdf2
                0x0000000002002e14                __eqdf2
                0x0000000002002e14                __nedf2
                0x0000000002002e9c                __aeabi_cdrcmple
                0x0000000002002eb8                __aeabi_cdcmple
                0x0000000002002eb8                __aeabi_cdcmpeq
                0x0000000002002ed0                __aeabi_dcmpeq
                0x0000000002002ee8                __aeabi_dcmplt
                0x0000000002002f00                __aeabi_dcmple
                0x0000000002002f18                __aeabi_dcmpge
                0x0000000002002f30                __aeabi_dcmpgt
 .text          0x0000000002002f48       0x38 /opt/devkitpro/devkitARM/lib/gcc/arm-none-eabi/10.1.0/thumb/libgcc.a(_arm_unorddf2.o)
                0x0000000002002f48                __aeabi_dcmpun
                0x0000000002002f48                __unorddf2
 .text          0x0000000002002f80       0x5c /opt/devkitpro/devkitARM/lib/gcc/arm-none-eabi/10.1.0/thumb/libgcc.a(_arm_fixdfsi.o)
                0x0000000002002f80                __fixdfsi
                0x0000000002002f80                __aeabi_d2iz
 .text          0x0000000002002fdc       0x3c /opt/devkitpro/devkitARM/lib/gcc/arm-none-eabi/10.1.0/thumb/libgcc.a(_aeabi_uldivmod.o)
                0x0000000002002fdc                __aeabi_uldivmod
 .text          0x0000000002003018       0x28 /opt/devkitpro/devkitARM/lib/gcc/arm-none-eabi/10.1.0/thumb/libgcc.a(_clzdi2.o)
                0x0000000002003018                __clzdi2
 .text          0x0000000002003040       0x48 /opt/devkitpro/devkitARM/lib/gcc/arm-none-eabi/10.1.0/thumb/libgcc.a(_clzsi2.o)
                0x0000000002003040                __clzsi2
 *(EXCLUDE_FILE(*.twl* *.vectors* *.itcm*) .stub)
 *(EXCLUDE_FILE(*.twl* *.vectors* *.itcm*) .text.*)
 .text.deregister_tm_clones
                0x0000000002003088       0x2c /opt/devkitpro/devkitARM/lib/gcc/arm-none-eabi/10.1.0/thumb/crtbegin.o
 .text.register_tm_clones
                0x00000000020030b4       0x34 /opt/devkitpro/devkitARM/lib/gcc/arm-none-eabi/10.1.0/thumb/crtbegin.o
 .text.__do_global_dtors_aux
                0x00000000020030e8       0x30 /opt/devkitpro/devkitARM/lib/gcc/arm-none-eabi/10.1.0/thumb/crtbegin.o
 .text.frame_dummy
                0x0000000002003118       0x28 /opt/devkitpro/devkitARM/lib/gcc/arm-none-eabi/10.1.0/thumb/crtbegin.o
 .text.startup  0x0000000002003140      0x5a0 main.o
                0x0000000002003140                main
 .text.checkIfText
                0x00000000020036e0       0x5c /opt/devkitpro/libnds/lib/libnds9.a(background.o)
                0x00000000020036e0                checkIfText
 .text.bgUpdate
                0x000000000200373c       0xf4 /opt/devkitpro/libnds/lib/libnds9.a(background.o)
                0x000000000200373c                bgUpdate
 .text.bgInit_call
                0x0000000002003830       0xc4 /opt/devkitpro/libnds/lib/libnds9.a(background.o)
                0x0000000002003830                bgInit_call
 .text.bgInitSub_call
                0x00000000020038f4       0xcc /opt/devkitpro/libnds/lib/libnds9.a(background.o)
                0x00000000020038f4                bgInitSub_call
 .text.newRow   0x00000000020039c0       0xb0 /opt/devkitpro/libnds/lib/libnds9.a(console.o)
 .text.consolePrintChar
                0x0000000002003a70       0xec /opt/devkitpro/libnds/lib/libnds9.a(console.o)
                0x0000000002003a70                consolePrintChar
 .text.con_write
                0x0000000002003b5c      0x374 /opt/devkitpro/libnds/lib/libnds9.a(console.o)
                0x0000000002003b5c                con_write
 .text.consoleLoadFont
                0x0000000002003ed0      0x2a8 /opt/devkitpro/libnds/lib/libnds9.a(console.o)
                0x0000000002003ed0                consoleLoadFont
 .text.consoleInit
                0x0000000002004178      0x194 /opt/devkitpro/libnds/lib/libnds9.a(console.o)
                0x0000000002004178                consoleInit
 .text.consoleDemoInit
                0x000000000200430c       0x40 /opt/devkitpro/libnds/lib/libnds9.a(console.o)
                0x000000000200430c                consoleDemoInit
 .text.consoleSetWindow
                0x000000000200434c       0x20 /opt/devkitpro/libnds/lib/libnds9.a(console.o)
                0x000000000200434c                consoleSetWindow
 .text.SetOrtho
                0x000000000200436c      0x184 /opt/devkitpro/libnds/lib/libnds9.a(gl2d.o)
                0x000000000200436c                SetOrtho
 .text.glBegin2D
                0x00000000020044f0       0x84 /opt/devkitpro/libnds/lib/libnds9.a(gl2d.o)
                0x00000000020044f0                glBegin2D
 .text.glEnd2D  0x0000000002004574       0x1c /opt/devkitpro/libnds/lib/libnds9.a(gl2d.o)
                0x0000000002004574                glEnd2D
 .text.glBoxFilledGradient
                0x0000000002004590       0xb4 /opt/devkitpro/libnds/lib/libnds9.a(gl2d.o)
                0x0000000002004590                glBoxFilledGradient
 .text.glSprite
                0x0000000002004644      0x108 /opt/devkitpro/libnds/lib/libnds9.a(gl2d.o)
                0x0000000002004644                glSprite
 .text.glLoadTileSet
                0x000000000200474c       0xd0 /opt/devkitpro/libnds/lib/libnds9.a(gl2d.o)
                0x000000000200474c                glLoadTileSet
 .text.sinLutLookup
                0x000000000200481c       0x38 /opt/devkitpro/libnds/lib/libnds9.a(trig.o)
                0x000000000200481c                sinLutLookup
 .text.sinLerp  0x0000000002004854       0x40 /opt/devkitpro/libnds/lib/libnds9.a(trig.o)
                0x0000000002004854                sinLerp
 .text.cosLerp  0x0000000002004894       0x4c /opt/devkitpro/libnds/lib/libnds9.a(trig.o)
                0x0000000002004894                cosLerp
 .text.tanLerp  0x00000000020048e0       0xa4 /opt/devkitpro/libnds/lib/libnds9.a(trig.o)
                0x00000000020048e0                tanLerp
 .text.vramBlock__deallocateBlock.part.0
                0x0000000002004984      0x184 /opt/devkitpro/libnds/lib/libnds9.a(videoGL.o)
 .text.glMaterialf
                0x0000000002004b08       0x7c /opt/devkitpro/libnds/lib/libnds9.a(videoGL.o)
                0x0000000002004b08                glMaterialf
 .text.vramBlock_init
                0x0000000002004b84       0x5c /opt/devkitpro/libnds/lib/libnds9.a(videoGL.o)
                0x0000000002004b84                vramBlock_init
 .text.vramBlock__allocateBlock
                0x0000000002004be0      0x178 /opt/devkitpro/libnds/lib/libnds9.a(videoGL.o)
                0x0000000002004be0                vramBlock__allocateBlock
 .text.vramBlock_examineSpecial
                0x0000000002004d58      0x244 /opt/devkitpro/libnds/lib/libnds9.a(videoGL.o)
                0x0000000002004d58                vramBlock_examineSpecial
 .text.vramBlock_allocateSpecial
                0x0000000002004f9c       0x6c /opt/devkitpro/libnds/lib/libnds9.a(videoGL.o)
                0x0000000002004f9c                vramBlock_allocateSpecial
 .text.vramBlock_allocateBlock
                0x0000000002005008       0x30 /opt/devkitpro/libnds/lib/libnds9.a(videoGL.o)
                0x0000000002005008                vramBlock_allocateBlock
 .text.vramBlock_deallocateBlock
                0x0000000002005038       0x48 /opt/devkitpro/libnds/lib/libnds9.a(videoGL.o)
                0x0000000002005038                vramBlock_deallocateBlock
 .text.removePaletteFromTexture.part.0
                0x0000000002005080       0x68 /opt/devkitpro/libnds/lib/libnds9.a(videoGL.o)
 .text.glInit_C
                0x00000000020050e8      0x1cc /opt/devkitpro/libnds/lib/libnds9.a(videoGL.o)
                0x00000000020050e8                glInit_C
 .text.glGenTextures
                0x00000000020052b4       0x80 /opt/devkitpro/libnds/lib/libnds9.a(videoGL.o)
                0x00000000020052b4                glGenTextures
 .text.vramGetBank
                0x0000000002005334       0xb8 /opt/devkitpro/libnds/lib/libnds9.a(videoGL.o)
                0x0000000002005334                vramGetBank
 .text.glBindTexture
                0x00000000020053ec       0x60 /opt/devkitpro/libnds/lib/libnds9.a(videoGL.o)
                0x00000000020053ec                glBindTexture
 .text.glColorTableEXT
                0x000000000200544c      0x1d8 /opt/devkitpro/libnds/lib/libnds9.a(videoGL.o)
                0x000000000200544c                glColorTableEXT
 .text.glTexImage2D
                0x0000000002005624      0x414 /opt/devkitpro/libnds/lib/libnds9.a(videoGL.o)
                0x0000000002005624                glTexImage2D
 .text.swapKeyGfx.part.0
                0x0000000002005a38      0x144 /opt/devkitpro/libnds/lib/libnds9.a(keyboard.o)
 .text.keyboardGetKey
                0x0000000002005b7c       0x4c /opt/devkitpro/libnds/lib/libnds9.a(keyboard.o)
                0x0000000002005b7c                keyboardGetKey
 .text.keyboardShiftState
                0x0000000002005bc8       0x98 /opt/devkitpro/libnds/lib/libnds9.a(keyboard.o)
                0x0000000002005bc8                keyboardShiftState
 .text.keyboardUpdate
                0x0000000002005c60      0x138 /opt/devkitpro/libnds/lib/libnds9.a(keyboard.o)
                0x0000000002005c60                keyboardUpdate
 .text.keyboardInit
                0x0000000002005d98      0x208 /opt/devkitpro/libnds/lib/libnds9.a(keyboard.o)
                0x0000000002005d98                keyboardInit
 .text.keyboardDemoInit
                0x0000000002005fa0       0x2c /opt/devkitpro/libnds/lib/libnds9.a(keyboard.o)
                0x0000000002005fa0                keyboardDemoInit
 .text.keyboardShow
                0x0000000002005fcc       0xdc /opt/devkitpro/libnds/lib/libnds9.a(keyboard.o)
                0x0000000002005fcc                keyboardShow
 .text.keyboardHide
                0x00000000020060a8       0x90 /opt/devkitpro/libnds/lib/libnds9.a(keyboard.o)
                0x00000000020060a8                keyboardHide
 .text.keyboardRead
                0x0000000002006138       0xc0 /opt/devkitpro/libnds/lib/libnds9.a(keyboard.o)
                0x0000000002006138                keyboardRead
 .text.scanKeys
                0x00000000020061f8       0x8c /opt/devkitpro/libnds/lib/libnds9.a(keys.o)
                0x00000000020061f8                scanKeys
 .text.keysHeld
                0x0000000002006284        0xc /opt/devkitpro/libnds/lib/libnds9.a(keys.o)
                0x0000000002006284                keysHeld
 .text.keysDown
                0x0000000002006290       0x14 /opt/devkitpro/libnds/lib/libnds9.a(keys.o)
                0x0000000002006290                keysDown
 .text.keysCurrent
                0x00000000020062a4       0x38 /opt/devkitpro/libnds/lib/libnds9.a(keys.o)
                0x00000000020062a4                keysCurrent
 .text.initSystem
                0x00000000020062dc      0x198 /opt/devkitpro/libnds/lib/libnds9.a(initSystem.o)
                0x00000000020062dc                initSystem
 .text.__libnds_gtod
                0x0000000002006474       0x28 /opt/devkitpro/libnds/lib/libnds9.a(timeSupport.o)
                0x0000000002006474                __libnds_gtod
 .text.irqDummy
                0x000000000200649c        0x4 /opt/devkitpro/libnds/lib/libnds9.a(interrupts.o)
                0x000000000200649c                irqDummy
 .text.irqSet   0x00000000020064a0       0x6c /opt/devkitpro/libnds/lib/libnds9.a(interrupts.o)
                0x00000000020064a0                irqSet
 .text.irqInit  0x000000000200650c       0x50 /opt/devkitpro/libnds/lib/libnds9.a(interrupts.o)
                0x000000000200650c                irqInit
 .text.irqEnable
                0x000000000200655c       0x64 /opt/devkitpro/libnds/lib/libnds9.a(interrupts.o)
                0x000000000200655c                irqEnable
 .text.systemErrorExit
                0x00000000020065c0        0x4 /opt/devkitpro/libnds/lib/libnds9.a(libnds_exit.arm.o)
                0x00000000020065c0                systemErrorExit
 .text.__libnds_exit
                0x00000000020065c4       0x5c /opt/devkitpro/libnds/lib/libnds9.a(libnds_exit.arm.o)
                0x00000000020065c4                __libnds_exit
 .text.fifo_queueBlock
                0x0000000002006620       0x44 /opt/devkitpro/libnds/lib/libnds9.a(fifosystem.o)
 .text.fifo_waitBlock
                0x0000000002006664       0x80 /opt/devkitpro/libnds/lib/libnds9.a(fifosystem.o)
 .text.fifoInternalSend.part.0
                0x00000000020066e4       0xd4 /opt/devkitpro/libnds/lib/libnds9.a(fifosystem.o)
 .text.fifoInternalSendInterrupt
                0x00000000020067b8       0xa8 /opt/devkitpro/libnds/lib/libnds9.a(fifosystem.o)
 .text.fifoSetValue32Handler
                0x0000000002006860       0xd8 /opt/devkitpro/libnds/lib/libnds9.a(fifosystem.o)
                0x0000000002006860                fifoSetValue32Handler
 .text.fifoSendValue32
                0x0000000002006938       0x4c /opt/devkitpro/libnds/lib/libnds9.a(fifosystem.o)
                0x0000000002006938                fifoSendValue32
 .text.fifoSendDatamsg
                0x0000000002006984       0x90 /opt/devkitpro/libnds/lib/libnds9.a(fifosystem.o)
                0x0000000002006984                fifoSendDatamsg
 .text.fifoGetDatamsg
                0x0000000002006a14       0xf4 /opt/devkitpro/libnds/lib/libnds9.a(fifosystem.o)
                0x0000000002006a14                fifoGetDatamsg
 .text.fifoInternalRecvInterrupt
                0x0000000002006b08      0x380 /opt/devkitpro/libnds/lib/libnds9.a(fifosystem.o)
 .text.fifoSetDatamsgHandler
                0x0000000002006e88       0x9c /opt/devkitpro/libnds/lib/libnds9.a(fifosystem.o)
                0x0000000002006e88                fifoSetDatamsgHandler
 .text.fifoInit
                0x0000000002006f24       0xf8 /opt/devkitpro/libnds/lib/libnds9.a(fifosystem.o)
                0x0000000002006f24                fifoInit
 .text.DC_FlushAll
                0x000000000200701c       0x2c /opt/devkitpro/libnds/lib/libnds9.a(dcache.o)
                0x000000000200701c                DC_FlushAll
 .text.DC_FlushRange
                0x0000000002007048       0x24 /opt/devkitpro/libnds/lib/libnds9.a(dcache.o)
                0x0000000002007048                DC_FlushRange
 .text.__libnds_mpu_setup
                0x000000000200706c      0x174 /opt/devkitpro/libnds/lib/libnds9.a(mpu_setup.o)
                0x000000000200706c                __libnds_mpu_setup
 .text.memUncached
                0x00000000020071e0       0x20 /opt/devkitpro/libnds/lib/libnds9.a(mpu_setup.o)
                0x00000000020071e0                memUncached
 .text.swiWaitForVBlank
                0x0000000002007200        0x8 /opt/devkitpro/libnds/lib/libnds9.a(IntrWait.o)
                0x0000000002007200                swiWaitForVBlank
 .text.swiIntrWait
                0x0000000002007208       0x70 /opt/devkitpro/libnds/lib/libnds9.a(IntrWait.o)
                0x0000000002007208                swiIntrWait
 .text.setCpuClock
                0x0000000002007278       0x50 /opt/devkitpro/libnds/lib/libnds9.a(cpu_clock.o)
                0x0000000002007278                setCpuClock
 .text.swiSoftReset
                0x00000000020072c8       0x2c /opt/devkitpro/libnds/lib/libnds9.a(swiSoftReset.o)
                0x00000000020072c8                swiSoftReset
 .text.swiDelay
                0x00000000020072f4        0x4 /opt/devkitpro/libnds/lib/libnds9.a(biosCalls.o)
                0x00000000020072f4                swiDelay
 .text.swiCopy  0x00000000020072f8        0x4 /opt/devkitpro/libnds/lib/libnds9.a(biosCalls.o)
                0x00000000020072f8                swiCopy
 .text.swiDecompressLZSSWram
                0x00000000020072fc        0x4 /opt/devkitpro/libnds/lib/libnds9.a(biosCalls.o)
                0x00000000020072fc                swiDecompressLZSSWram
 .text.swiDecompressLZSSVramNTR
                0x0000000002007300        0x4 /opt/devkitpro/libnds/lib/libnds9.a(biosCalls.o)
                0x0000000002007300                swiDecompressLZSSVramNTR
 .text.swiDecompressLZSSVramTWL
                0x0000000002007304        0x4 /opt/devkitpro/libnds/lib/libnds9.a(biosCalls.o)
                0x0000000002007304                swiDecompressLZSSVramTWL
 .text.swiDecompressHuffman
                0x0000000002007308        0x4 /opt/devkitpro/libnds/lib/libnds9.a(biosCalls.o)
                0x0000000002007308                swiDecompressHuffman
 .text.swiDecompressRLEWram
                0x000000000200730c        0x4 /opt/devkitpro/libnds/lib/libnds9.a(biosCalls.o)
                0x000000000200730c                swiDecompressRLEWram
 .text.swiDecompressRLEVram
                0x0000000002007310        0x4 /opt/devkitpro/libnds/lib/libnds9.a(biosCalls.o)
                0x0000000002007310                swiDecompressRLEVram
 .text.DynamicArrayInit
                0x0000000002007314       0x18 /opt/devkitpro/libnds/lib/libnds9.a(dynamicArray.o)
                0x0000000002007314                DynamicArrayInit
 .text.DynamicArrayGet
                0x000000000200732c       0x18 /opt/devkitpro/libnds/lib/libnds9.a(dynamicArray.o)
                0x000000000200732c                DynamicArrayGet
 .text.DynamicArraySet
                0x0000000002007344       0x48 /opt/devkitpro/libnds/lib/libnds9.a(dynamicArray.o)
                0x0000000002007344                DynamicArraySet
 .text.vramRestorePrimaryBanks
                0x000000000200738c        0xc /opt/devkitpro/libnds/lib/libnds9.a(video.o)
                0x000000000200738c                vramRestorePrimaryBanks
 .text.vramRestoreBanks_EFG
                0x0000000002007398        0xc /opt/devkitpro/libnds/lib/libnds9.a(video.o)
                0x0000000002007398                vramRestoreBanks_EFG
 .text.vramDefault
                0x00000000020073a4       0xd0 /opt/devkitpro/libnds/lib/libnds9.a(video.o)
                0x00000000020073a4                vramDefault
 .text.touchRead
                0x0000000002007474       0x24 /opt/devkitpro/libnds/lib/libnds9.a(touch.o)
                0x0000000002007474                touchRead
 .text.systemValueHandler
                0x0000000002007498       0x48 /opt/devkitpro/libnds/lib/libnds9.a(system.o)
                0x0000000002007498                systemValueHandler
 .text.systemMsgHandler
                0x00000000020074e0       0x60 /opt/devkitpro/libnds/lib/libnds9.a(system.o)
                0x00000000020074e0                systemMsgHandler
 .text.powerOn  0x0000000002007540       0x2c /opt/devkitpro/libnds/lib/libnds9.a(system.o)
                0x0000000002007540                powerOn
 .text.getHeader
                0x000000000200756c        0x4 /opt/devkitpro/libnds/lib/libnds9.a(decompress.o)
 .text.readByte
                0x0000000002007570        0x4 /opt/devkitpro/libnds/lib/libnds9.a(decompress.o)
 .text.decompress
                0x0000000002007574       0x40 /opt/devkitpro/libnds/lib/libnds9.a(decompress.o)
                0x0000000002007574                decompress
 .text.swiDecompressLZSSVram
                0x00000000020075b4       0x1c /opt/devkitpro/libnds/lib/libnds9.a(syscalls.o)
                0x00000000020075b4                swiDecompressLZSSVram
 .text._ZdlPvj  0x00000000020075d0        0xc /opt/devkitpro/devkitARM/lib/gcc/arm-none-eabi/10.1.0/../../../../arm-none-eabi/lib/thumb/libstdc++.a(del_ops.o)
                0x00000000020075d0                operator delete(void*, unsigned int)
 .text._ZdaPv   0x00000000020075dc        0xc /opt/devkitpro/devkitARM/lib/gcc/arm-none-eabi/10.1.0/../../../../arm-none-eabi/lib/thumb/libstdc++.a(del_opv.o)
                0x00000000020075dc                operator delete[](void*)
 .text._Znwj    0x00000000020075e8       0x48 /opt/devkitpro/devkitARM/lib/gcc/arm-none-eabi/10.1.0/../../../../arm-none-eabi/lib/thumb/libstdc++.a(new_op.o)
                0x00000000020075e8                operator new(unsigned int)
 .text._Znaj    0x0000000002007630        0xc /opt/devkitpro/devkitARM/lib/gcc/arm-none-eabi/10.1.0/../../../../arm-none-eabi/lib/thumb/libstdc++.a(new_opv.o)
                0x0000000002007630                operator new[](unsigned int)
 .text._ZNKSt9bad_alloc4whatEv
                0x000000000200763c        0x8 /opt/devkitpro/devkitARM/lib/gcc/arm-none-eabi/10.1.0/../../../../arm-none-eabi/lib/thumb/libstdc++.a(bad_alloc.o)
                0x000000000200763c                std::bad_alloc::what() const
 .text._ZNSt9bad_allocD2Ev
                0x0000000002007644       0x1c /opt/devkitpro/devkitARM/lib/gcc/arm-none-eabi/10.1.0/../../../../arm-none-eabi/lib/thumb/libstdc++.a(bad_alloc.o)
                0x0000000002007644                std::bad_alloc::~bad_alloc()
                0x0000000002007644                std::bad_alloc::~bad_alloc()
 .text._ZNSt9bad_allocD0Ev
                0x0000000002007660       0x24 /opt/devkitpro/devkitARM/lib/gcc/arm-none-eabi/10.1.0/../../../../arm-none-eabi/lib/thumb/libstdc++.a(bad_alloc.o)
                0x0000000002007660                std::bad_alloc::~bad_alloc()
 .text._ZdlPv   0x0000000002007684        0xc /opt/devkitpro/devkitARM/lib/gcc/arm-none-eabi/10.1.0/../../../../arm-none-eabi/lib/thumb/libstdc++.a(del_op.o)
                0x0000000002007684                operator delete(void*)
 .text._ZN12_GLOBAL__N_14pool4freeEPv.constprop.0
                0x0000000002007690       0x80 /opt/devkitpro/devkitARM/lib/gcc/arm-none-eabi/10.1.0/../../../../arm-none-eabi/lib/thumb/libstdc++.a(eh_alloc.o)
 .text._ZN12_GLOBAL__N_14pool8allocateEj.constprop.0
                0x0000000002007710       0x54 /opt/devkitpro/devkitARM/lib/gcc/arm-none-eabi/10.1.0/../../../../arm-none-eabi/lib/thumb/libstdc++.a(eh_alloc.o)
 .text.__cxa_allocate_exception
                0x0000000002007764       0x30 /opt/devkitpro/devkitARM/lib/gcc/arm-none-eabi/10.1.0/../../../../arm-none-eabi/lib/thumb/libstdc++.a(eh_alloc.o)
                0x0000000002007764                __cxa_allocate_exception
 .text.__cxa_free_exception
                0x0000000002007794       0x28 /opt/devkitpro/devkitARM/lib/gcc/arm-none-eabi/10.1.0/../../../../arm-none-eabi/lib/thumb/libstdc++.a(eh_alloc.o)
                0x0000000002007794                __cxa_free_exception
 .text.startup._GLOBAL__sub_I__ZN9__gnu_cxx9__freeresEv
                0x00000000020077bc       0x30 /opt/devkitpro/devkitARM/lib/gcc/arm-none-eabi/10.1.0/../../../../arm-none-eabi/lib/thumb/libstdc++.a(eh_alloc.o)
 .text._ZNSt9exceptionD2Ev
                0x00000000020077ec        0x4 /opt/devkitpro/devkitARM/lib/gcc/arm-none-eabi/10.1.0/../../../../arm-none-eabi/lib/thumb/libstdc++.a(eh_exception.o)
                0x00000000020077ec                std::exception::~exception()
                0x00000000020077ec                std::exception::~exception()
 .text._ZNSt13bad_exceptionD2Ev
                0x00000000020077f0        0x4 /opt/devkitpro/devkitARM/lib/gcc/arm-none-eabi/10.1.0/../../../../arm-none-eabi/lib/thumb/libstdc++.a(eh_exception.o)
                0x00000000020077f0                std::bad_exception::~bad_exception()
                0x00000000020077f0                std::bad_exception::~bad_exception()
 .text._ZNKSt13bad_exception4whatEv
                0x00000000020077f4        0x8 /opt/devkitpro/devkitARM/lib/gcc/arm-none-eabi/10.1.0/../../../../arm-none-eabi/lib/thumb/libstdc++.a(eh_exception.o)
                0x00000000020077f4                transaction clone for std::bad_exception::what() const
                0x00000000020077f4                std::bad_exception::what() const
 .text._ZNSt13bad_exceptionD0Ev
                0x00000000020077fc       0x14 /opt/devkitpro/devkitARM/lib/gcc/arm-none-eabi/10.1.0/../../../../arm-none-eabi/lib/thumb/libstdc++.a(eh_exception.o)
                0x00000000020077fc                std::bad_exception::~bad_exception()
 .text._ZN10__cxxabiv111__terminateEPFvvE
                0x0000000002007810       0x2c /opt/devkitpro/devkitARM/lib/gcc/arm-none-eabi/10.1.0/../../../../arm-none-eabi/lib/thumb/libstdc++.a(eh_terminate.o)
                0x0000000002007810                __cxxabiv1::__terminate(void (*)())
 .text._ZSt9terminatev
                0x000000000200783c       0x10 /opt/devkitpro/devkitARM/lib/gcc/arm-none-eabi/10.1.0/../../../../arm-none-eabi/lib/thumb/libstdc++.a(eh_terminate.o)
                0x000000000200783c                std::terminate()
 .text._ZN10__cxxabiv112__unexpectedEPFvvE
                0x000000000200784c        0xc /opt/devkitpro/devkitARM/lib/gcc/arm-none-eabi/10.1.0/../../../../arm-none-eabi/lib/thumb/libstdc++.a(eh_terminate.o)
                0x000000000200784c                __cxxabiv1::__unexpected(void (*)())
 .text._ZSt10unexpectedv
                0x0000000002007858       0x10 /opt/devkitpro/devkitARM/lib/gcc/arm-none-eabi/10.1.0/../../../../arm-none-eabi/lib/thumb/libstdc++.a(eh_terminate.o)
                0x0000000002007858                std::unexpected()
 .text._ZSt13get_terminatev
                0x0000000002007868        0xc /opt/devkitpro/devkitARM/lib/gcc/arm-none-eabi/10.1.0/../../../../arm-none-eabi/lib/thumb/libstdc++.a(eh_terminate.o)
                0x0000000002007868                std::get_terminate()
 .text._ZSt14get_unexpectedv
                0x0000000002007874        0xc /opt/devkitpro/devkitARM/lib/gcc/arm-none-eabi/10.1.0/../../../../arm-none-eabi/lib/thumb/libstdc++.a(eh_terminate.o)
                0x0000000002007874                std::get_unexpected()
 .text._ZL23__gxx_exception_cleanup19_Unwind_Reason_CodeP21_Unwind_Control_Block
                0x0000000002007880       0x3c /opt/devkitpro/devkitARM/lib/gcc/arm-none-eabi/10.1.0/../../../../arm-none-eabi/lib/thumb/libstdc++.a(eh_throw.o)
 .text.__cxa_init_primary_exception
                0x00000000020078bc       0x50 /opt/devkitpro/devkitARM/lib/gcc/arm-none-eabi/10.1.0/../../../../arm-none-eabi/lib/thumb/libstdc++.a(eh_throw.o)
                0x00000000020078bc                __cxa_init_primary_exception
 .text.__cxa_throw
                0x000000000200790c       0x34 /opt/devkitpro/devkitARM/lib/gcc/arm-none-eabi/10.1.0/../../../../arm-none-eabi/lib/thumb/libstdc++.a(eh_throw.o)
                0x000000000200790c                __cxa_throw
 .text.__cxa_rethrow
                0x0000000002007940       0x70 /opt/devkitpro/devkitARM/lib/gcc/arm-none-eabi/10.1.0/../../../../arm-none-eabi/lib/thumb/libstdc++.a(eh_throw.o)
                0x0000000002007940                __cxa_rethrow
 .text._ZSt15get_new_handlerv
                0x00000000020079b0        0xc /opt/devkitpro/devkitARM/lib/gcc/arm-none-eabi/10.1.0/../../../../arm-none-eabi/lib/thumb/libstdc++.a(new_handler.o)
                0x00000000020079b0                std::get_new_handler()
 .text._ZN10__cxxabiv120__si_class_type_infoD2Ev
                0x00000000020079bc       0x1c /opt/devkitpro/devkitARM/lib/gcc/arm-none-eabi/10.1.0/../../../../arm-none-eabi/lib/thumb/libstdc++.a(si_class_type_info.o)
                0x00000000020079bc                __cxxabiv1::__si_class_type_info::~__si_class_type_info()
                0x00000000020079bc                __cxxabiv1::__si_class_type_info::~__si_class_type_info()
 .text._ZN10__cxxabiv120__si_class_type_infoD0Ev
                0x00000000020079d8       0x24 /opt/devkitpro/devkitARM/lib/gcc/arm-none-eabi/10.1.0/../../../../arm-none-eabi/lib/thumb/libstdc++.a(si_class_type_info.o)
                0x00000000020079d8                __cxxabiv1::__si_class_type_info::~__si_class_type_info()
 .text._ZNK10__cxxabiv120__si_class_type_info20__do_find_public_srcEiPKvPKNS_17__class_type_infoES2_
                0x00000000020079fc       0x40 /opt/devkitpro/devkitARM/lib/gcc/arm-none-eabi/10.1.0/../../../../arm-none-eabi/lib/thumb/libstdc++.a(si_class_type_info.o)
                0x00000000020079fc                __cxxabiv1::__si_class_type_info::__do_find_public_src(int, void const*, __cxxabiv1::__class_type_info const*, void const*) const
 .text._ZNK10__cxxabiv120__si_class_type_info12__do_dyncastEiNS_17__class_type_info10__sub_kindEPKS1_PKvS4_S6_RNS1_16__dyncast_resultE
                0x0000000002007a3c       0xa4 /opt/devkitpro/devkitARM/lib/gcc/arm-none-eabi/10.1.0/../../../../arm-none-eabi/lib/thumb/libstdc++.a(si_class_type_info.o)
                0x0000000002007a3c                __cxxabiv1::__si_class_type_info::__do_dyncast(int, __cxxabiv1::__class_type_info::__sub_kind, __cxxabiv1::__class_type_info const*, void const*, __cxxabiv1::__class_type_info const*, void const*, __cxxabiv1::__class_type_info::__dyncast_result&) const
 .text._ZNK10__cxxabiv120__si_class_type_info11__do_upcastEPKNS_17__class_type_infoEPKvRNS1_15__upcast_resultE
                0x0000000002007ae0       0x2c /opt/devkitpro/devkitARM/lib/gcc/arm-none-eabi/10.1.0/../../../../arm-none-eabi/lib/thumb/libstdc++.a(si_class_type_info.o)
                0x0000000002007ae0                __cxxabiv1::__si_class_type_info::__do_upcast(__cxxabiv1::__class_type_info const*, void const*, __cxxabiv1::__class_type_info::__upcast_result&) const
 .text._ZNSt9type_infoD2Ev
                0x0000000002007b0c        0x4 /opt/devkitpro/devkitARM/lib/gcc/arm-none-eabi/10.1.0/../../../../arm-none-eabi/lib/thumb/libstdc++.a(tinfo.o)
                0x0000000002007b0c                std::type_info::~type_info()
                0x0000000002007b0c                std::type_info::~type_info()
 .text._ZNKSt9type_info14__is_pointer_pEv
                0x0000000002007b10        0x4 /opt/devkitpro/devkitARM/lib/gcc/arm-none-eabi/10.1.0/../../../../arm-none-eabi/lib/thumb/libstdc++.a(tinfo.o)
                0x0000000002007b10                std::type_info::__is_function_p() const
                0x0000000002007b10                std::type_info::__is_pointer_p() const
 .text._ZNKSt9type_infoeqERKS_
                0x0000000002007b14       0x30 /opt/devkitpro/devkitARM/lib/gcc/arm-none-eabi/10.1.0/../../../../arm-none-eabi/lib/thumb/libstdc++.a(tinfo.o)
                0x0000000002007b14                std::type_info::operator==(std::type_info const&) const
 .text._ZNK10__cxxabiv117__class_type_info11__do_upcastEPKS0_PPv
                0x0000000002007b44       0x3c /opt/devkitpro/devkitARM/lib/gcc/arm-none-eabi/10.1.0/../../../../arm-none-eabi/lib/thumb/libstdc++.a(class_type_info.o)
                0x0000000002007b44                __cxxabiv1::__class_type_info::__do_upcast(__cxxabiv1::__class_type_info const*, void**) const
 .text._ZNK10__cxxabiv117__class_type_info20__do_find_public_srcEiPKvPKS0_S2_
                0x0000000002007b80       0x14 /opt/devkitpro/devkitARM/lib/gcc/arm-none-eabi/10.1.0/../../../../arm-none-eabi/lib/thumb/libstdc++.a(class_type_info.o)
                0x0000000002007b80                __cxxabiv1::__class_type_info::__do_find_public_src(int, void const*, __cxxabiv1::__class_type_info const*, void const*) const
 .text._ZN10__cxxabiv117__class_type_infoD2Ev
                0x0000000002007b94       0x1c /opt/devkitpro/devkitARM/lib/gcc/arm-none-eabi/10.1.0/../../../../arm-none-eabi/lib/thumb/libstdc++.a(class_type_info.o)
                0x0000000002007b94                __cxxabiv1::__class_type_info::~__class_type_info()
                0x0000000002007b94                __cxxabiv1::__class_type_info::~__class_type_info()
 .text._ZN10__cxxabiv117__class_type_infoD0Ev
                0x0000000002007bb0       0x24 /opt/devkitpro/devkitARM/lib/gcc/arm-none-eabi/10.1.0/../../../../arm-none-eabi/lib/thumb/libstdc++.a(class_type_info.o)
                0x0000000002007bb0                __cxxabiv1::__class_type_info::~__class_type_info()
 .text._ZNK10__cxxabiv117__class_type_info12__do_dyncastEiNS0_10__sub_kindEPKS0_PKvS3_S5_RNS0_16__dyncast_resultE
                0x0000000002007bd4       0x44 /opt/devkitpro/devkitARM/lib/gcc/arm-none-eabi/10.1.0/../../../../arm-none-eabi/lib/thumb/libstdc++.a(class_type_info.o)
                0x0000000002007bd4                __cxxabiv1::__class_type_info::__do_dyncast(int, __cxxabiv1::__class_type_info::__sub_kind, __cxxabiv1::__class_type_info const*, void const*, __cxxabiv1::__class_type_info const*, void const*, __cxxabiv1::__class_type_info::__dyncast_result&) const
 .text._ZNK10__cxxabiv117__class_type_info11__do_upcastEPKS0_PKvRNS0_15__upcast_resultE
                0x0000000002007c18       0x20 /opt/devkitpro/devkitARM/lib/gcc/arm-none-eabi/10.1.0/../../../../arm-none-eabi/lib/thumb/libstdc++.a(class_type_info.o)
                0x0000000002007c18                __cxxabiv1::__class_type_info::__do_upcast(__cxxabiv1::__class_type_info const*, void const*, __cxxabiv1::__class_type_info::__upcast_result&) const
 .text._ZNK10__cxxabiv117__class_type_info10__do_catchEPKSt9type_infoPPvj
                0x0000000002007c38       0x2c /opt/devkitpro/devkitARM/lib/gcc/arm-none-eabi/10.1.0/../../../../arm-none-eabi/lib/thumb/libstdc++.a(class_type_info.o)
                0x0000000002007c38                __cxxabiv1::__class_type_info::__do_catch(std::type_info const*, void**, unsigned int) const
 .text.__cxa_end_cleanup
                0x0000000002007c64        0xc /opt/devkitpro/devkitARM/lib/gcc/arm-none-eabi/10.1.0/../../../../arm-none-eabi/lib/thumb/libstdc++.a(eh_arm.o)
                0x0000000002007c64                __cxa_end_cleanup
 .text.__cxa_type_match
                0x0000000002007c70       0xcc /opt/devkitpro/devkitARM/lib/gcc/arm-none-eabi/10.1.0/../../../../arm-none-eabi/lib/thumb/libstdc++.a(eh_arm.o)
                0x0000000002007c70                __cxa_type_match
 .text.__cxa_begin_cleanup
                0x0000000002007d3c       0x64 /opt/devkitpro/devkitARM/lib/gcc/arm-none-eabi/10.1.0/../../../../arm-none-eabi/lib/thumb/libstdc++.a(eh_arm.o)
                0x0000000002007d3c                __cxa_begin_cleanup
 .text.__gnu_end_cleanup
                0x0000000002007da0       0x74 /opt/devkitpro/devkitARM/lib/gcc/arm-none-eabi/10.1.0/../../../../arm-none-eabi/lib/thumb/libstdc++.a(eh_arm.o)
                0x0000000002007da0                __gnu_end_cleanup
 .text._ZN10__cxxabiv1L24__is_gxx_exception_classEPc
                0x0000000002007e14       0x3c /opt/devkitpro/devkitARM/lib/gcc/arm-none-eabi/10.1.0/../../../../arm-none-eabi/lib/thumb/libstdc++.a(eh_call.o)
 .text.__cxa_call_terminate
                0x0000000002007e50       0x20 /opt/devkitpro/devkitARM/lib/gcc/arm-none-eabi/10.1.0/../../../../arm-none-eabi/lib/thumb/libstdc++.a(eh_call.o)
                0x0000000002007e50                __cxa_call_terminate
 .text.unlikely.__cxa_call_unexpected
                0x0000000002007e70      0x104 /opt/devkitpro/devkitARM/lib/gcc/arm-none-eabi/10.1.0/../../../../arm-none-eabi/lib/thumb/libstdc++.a(eh_call.o)
                0x0000000002007e70                __cxa_call_unexpected
 .text.__cxa_begin_catch
                0x0000000002007f74       0x78 /opt/devkitpro/devkitARM/lib/gcc/arm-none-eabi/10.1.0/../../../../arm-none-eabi/lib/thumb/libstdc++.a(eh_catch.o)
                0x0000000002007f74                __cxa_begin_catch
 .text.__cxa_end_catch
                0x0000000002007fec       0x94 /opt/devkitpro/devkitARM/lib/gcc/arm-none-eabi/10.1.0/../../../../arm-none-eabi/lib/thumb/libstdc++.a(eh_catch.o)
                0x0000000002007fec                __cxa_end_catch
 .text.__cxa_get_globals_fast
                0x0000000002008080        0x8 /opt/devkitpro/devkitARM/lib/gcc/arm-none-eabi/10.1.0/../../../../arm-none-eabi/lib/thumb/libstdc++.a(eh_globals.o)
                0x0000000002008080                __cxa_get_globals_fast
 .text.__cxa_get_globals
                0x0000000002008088        0x8 /opt/devkitpro/devkitARM/lib/gcc/arm-none-eabi/10.1.0/../../../../arm-none-eabi/lib/thumb/libstdc++.a(eh_globals.o)
                0x0000000002008088                __cxa_get_globals
 .text._ZL28read_encoded_value_with_basehjPKhPj
                0x0000000002008090      0x114 /opt/devkitpro/devkitARM/lib/gcc/arm-none-eabi/10.1.0/../../../../arm-none-eabi/lib/thumb/libstdc++.a(eh_personality.o)
 .text._ZL21base_of_encoded_valuehP15_Unwind_Context
                0x00000000020081a4       0x4c /opt/devkitpro/devkitARM/lib/gcc/arm-none-eabi/10.1.0/../../../../arm-none-eabi/lib/thumb/libstdc++.a(eh_personality.o)
 .text._ZL17parse_lsda_headerP15_Unwind_ContextPKhP16lsda_header_info
                0x00000000020081f0       0x98 /opt/devkitpro/devkitARM/lib/gcc/arm-none-eabi/10.1.0/../../../../arm-none-eabi/lib/thumb/libstdc++.a(eh_personality.o)
 .text.__gxx_personality_v0
                0x0000000002008288      0x4a4 /opt/devkitpro/devkitARM/lib/gcc/arm-none-eabi/10.1.0/../../../../arm-none-eabi/lib/thumb/libstdc++.a(eh_personality.o)
                0x0000000002008288                __gxx_personality_v0
 .text.__muldi3
                0x000000000200872c       0x54 /opt/devkitpro/devkitARM/lib/gcc/arm-none-eabi/10.1.0/thumb/libgcc.a(_muldi3.o)
                0x000000000200872c                __aeabi_lmul
                0x000000000200872c                __muldi3
 .text.selfrel_offset31
                0x0000000002008780       0x18 /opt/devkitpro/devkitARM/lib/gcc/arm-none-eabi/10.1.0/thumb/libgcc.a(unwind-arm.o)
 .text.search_EIT_table
                0x0000000002008798       0x74 /opt/devkitpro/devkitARM/lib/gcc/arm-none-eabi/10.1.0/thumb/libgcc.a(unwind-arm.o)
 .text.__gnu_unwind_get_pr_addr
                0x000000000200880c       0x2c /opt/devkitpro/devkitARM/lib/gcc/arm-none-eabi/10.1.0/thumb/libgcc.a(unwind-arm.o)
 .text.get_eit_entry
                0x0000000002008838       0xa0 /opt/devkitpro/devkitARM/lib/gcc/arm-none-eabi/10.1.0/thumb/libgcc.a(unwind-arm.o)
 .text.restore_non_core_regs
                0x00000000020088d8       0x5c /opt/devkitpro/devkitARM/lib/gcc/arm-none-eabi/10.1.0/thumb/libgcc.a(unwind-arm.o)
 .text._Unwind_decode_typeinfo_ptr.constprop.0
                0x0000000002008934        0xc /opt/devkitpro/devkitARM/lib/gcc/arm-none-eabi/10.1.0/thumb/libgcc.a(unwind-arm.o)
 .text._Unwind_DebugHook
                0x0000000002008940        0x4 /opt/devkitpro/devkitARM/lib/gcc/arm-none-eabi/10.1.0/thumb/libgcc.a(unwind-arm.o)
 .text.unwind_phase2
                0x0000000002008944       0x40 /opt/devkitpro/devkitARM/lib/gcc/arm-none-eabi/10.1.0/thumb/libgcc.a(unwind-arm.o)
 .text.unwind_phase2_forced
                0x0000000002008984       0xe0 /opt/devkitpro/devkitARM/lib/gcc/arm-none-eabi/10.1.0/thumb/libgcc.a(unwind-arm.o)
 .text.__gnu_Unwind_RaiseException
                0x0000000002008a64       0x5c /opt/devkitpro/devkitARM/lib/gcc/arm-none-eabi/10.1.0/thumb/libgcc.a(unwind-arm.o)
                0x0000000002008a64                __gnu_Unwind_RaiseException
 .text.__gnu_Unwind_ForcedUnwind
                0x0000000002008ac0       0x18 /opt/devkitpro/devkitARM/lib/gcc/arm-none-eabi/10.1.0/thumb/libgcc.a(unwind-arm.o)
                0x0000000002008ac0                __gnu_Unwind_ForcedUnwind
 .text.__gnu_Unwind_Resume
                0x0000000002008ad8       0x4c /opt/devkitpro/devkitARM/lib/gcc/arm-none-eabi/10.1.0/thumb/libgcc.a(unwind-arm.o)
                0x0000000002008ad8                __gnu_Unwind_Resume
 .text.__gnu_Unwind_Resume_or_Rethrow
                0x0000000002008b24       0x20 /opt/devkitpro/devkitARM/lib/gcc/arm-none-eabi/10.1.0/thumb/libgcc.a(unwind-arm.o)
                0x0000000002008b24                __gnu_Unwind_Resume_or_Rethrow
 .text._Unwind_Complete
                0x0000000002008b44        0x4 /opt/devkitpro/devkitARM/lib/gcc/arm-none-eabi/10.1.0/thumb/libgcc.a(unwind-arm.o)
                0x0000000002008b44                _Unwind_Complete
 .text._Unwind_DeleteException
                0x0000000002008b48       0x18 /opt/devkitpro/devkitARM/lib/gcc/arm-none-eabi/10.1.0/thumb/libgcc.a(unwind-arm.o)
                0x0000000002008b48                _Unwind_DeleteException
 .text._Unwind_VRS_Get
                0x0000000002008b60       0x38 /opt/devkitpro/devkitARM/lib/gcc/arm-none-eabi/10.1.0/thumb/libgcc.a(unwind-arm.o)
                0x0000000002008b60                _Unwind_VRS_Get
 .text._Unwind_GetGR
                0x0000000002008b98       0x1c /opt/devkitpro/devkitARM/lib/gcc/arm-none-eabi/10.1.0/thumb/libgcc.a(unwind-arm.o)
 .text._Unwind_VRS_Set
                0x0000000002008bb4       0x38 /opt/devkitpro/devkitARM/lib/gcc/arm-none-eabi/10.1.0/thumb/libgcc.a(unwind-arm.o)
                0x0000000002008bb4                _Unwind_VRS_Set
 .text._Unwind_SetGR
                0x0000000002008bec       0x1c /opt/devkitpro/devkitARM/lib/gcc/arm-none-eabi/10.1.0/thumb/libgcc.a(unwind-arm.o)
 .text.__gnu_Unwind_Backtrace
                0x0000000002008c08       0x80 /opt/devkitpro/devkitARM/lib/gcc/arm-none-eabi/10.1.0/thumb/libgcc.a(unwind-arm.o)
                0x0000000002008c08                __gnu_Unwind_Backtrace
 .text.__gnu_unwind_pr_common
                0x0000000002008c88      0x2d8 /opt/devkitpro/devkitARM/lib/gcc/arm-none-eabi/10.1.0/thumb/libgcc.a(unwind-arm.o)
 .text.__aeabi_unwind_cpp_pr0
                0x0000000002008f60       0x10 /opt/devkitpro/devkitARM/lib/gcc/arm-none-eabi/10.1.0/thumb/libgcc.a(unwind-arm.o)
                0x0000000002008f60                __aeabi_unwind_cpp_pr0
 .text.__aeabi_unwind_cpp_pr1
                0x0000000002008f70       0x10 /opt/devkitpro/devkitARM/lib/gcc/arm-none-eabi/10.1.0/thumb/libgcc.a(unwind-arm.o)
                0x0000000002008f70                __aeabi_unwind_cpp_pr1
 .text.__aeabi_unwind_cpp_pr2
                0x0000000002008f80       0x10 /opt/devkitpro/devkitARM/lib/gcc/arm-none-eabi/10.1.0/thumb/libgcc.a(unwind-arm.o)
                0x0000000002008f80                __aeabi_unwind_cpp_pr2
 .text._Unwind_VRS_Pop
                0x0000000002008f90      0x2b8 /opt/devkitpro/devkitARM/lib/gcc/arm-none-eabi/10.1.0/thumb/libgcc.a(unwind-arm.o)
                0x0000000002008f90                _Unwind_VRS_Pop
 .text.next_unwind_byte
                0x0000000002009248       0x34 /opt/devkitpro/devkitARM/lib/gcc/arm-none-eabi/10.1.0/thumb/libgcc.a(pr-support.o)
 .text._Unwind_GetGR.constprop.0
                0x000000000200927c       0x1c /opt/devkitpro/devkitARM/lib/gcc/arm-none-eabi/10.1.0/thumb/libgcc.a(pr-support.o)
 .text.unwind_UCB_from_context
                0x0000000002009298        0xc /opt/devkitpro/devkitARM/lib/gcc/arm-none-eabi/10.1.0/thumb/libgcc.a(pr-support.o)
 .text.__gnu_unwind_execute
                0x00000000020092a4      0x2f0 /opt/devkitpro/devkitARM/lib/gcc/arm-none-eabi/10.1.0/thumb/libgcc.a(pr-support.o)
                0x00000000020092a4                __gnu_unwind_execute
 .text.__gnu_unwind_frame
                0x0000000002009594       0x2c /opt/devkitpro/devkitARM/lib/gcc/arm-none-eabi/10.1.0/thumb/libgcc.a(pr-support.o)
                0x0000000002009594                __gnu_unwind_frame
 .text._Unwind_GetRegionStart
                0x00000000020095c0       0x10 /opt/devkitpro/devkitARM/lib/gcc/arm-none-eabi/10.1.0/thumb/libgcc.a(pr-support.o)
                0x00000000020095c0                _Unwind_GetRegionStart
 .text._Unwind_GetLanguageSpecificData
                0x00000000020095d0       0x18 /opt/devkitpro/devkitARM/lib/gcc/arm-none-eabi/10.1.0/thumb/libgcc.a(pr-support.o)
                0x00000000020095d0                _Unwind_GetLanguageSpecificData
 .text.unlikely._Unwind_GetDataRelBase
                0x00000000020095e8        0x6 /opt/devkitpro/devkitARM/lib/gcc/arm-none-eabi/10.1.0/thumb/libgcc.a(pr-support.o)
                0x00000000020095e8                _Unwind_GetDataRelBase
 .text.unlikely._Unwind_GetTextRelBase
                0x00000000020095ee        0x6 /opt/devkitpro/devkitARM/lib/gcc/arm-none-eabi/10.1.0/thumb/libgcc.a(pr-support.o)
                0x00000000020095ee                _Unwind_GetTextRelBase
 .text.abort    0x00000000020095f4       0x10 /opt/devkitpro/devkitARM/lib/gcc/arm-none-eabi/10.1.0/../../../../arm-none-eabi/lib/thumb/libg.a(lib_a-abort.o)
                0x00000000020095f4                abort
 .text.calloc   0x0000000002009604       0x18 /opt/devkitpro/devkitARM/lib/gcc/arm-none-eabi/10.1.0/../../../../arm-none-eabi/lib/thumb/libg.a(lib_a-calloc.o)
                0x0000000002009604                calloc
 .text._calloc_r
                0x000000000200961c       0x60 /opt/devkitpro/devkitARM/lib/gcc/arm-none-eabi/10.1.0/../../../../arm-none-eabi/lib/thumb/libg.a(lib_a-callocr.o)
                0x000000000200961c                _calloc_r
 .text._fclose_r
                0x000000000200967c       0xe8 /opt/devkitpro/devkitARM/lib/gcc/arm-none-eabi/10.1.0/../../../../arm-none-eabi/lib/thumb/libg.a(lib_a-fclose.o)
                0x000000000200967c                _fclose_r
 .text.fclose   0x0000000002009764       0x14 /opt/devkitpro/devkitARM/lib/gcc/arm-none-eabi/10.1.0/../../../../arm-none-eabi/lib/thumb/libg.a(lib_a-fclose.o)
                0x0000000002009764                fclose
 .text.__sflush_r
                0x0000000002009778      0x1c0 /opt/devkitpro/devkitARM/lib/gcc/arm-none-eabi/10.1.0/../../../../arm-none-eabi/lib/thumb/libg.a(lib_a-fflush.o)
                0x0000000002009778                __sflush_r
 .text._fflush_r
                0x0000000002009938       0x70 /opt/devkitpro/devkitARM/lib/gcc/arm-none-eabi/10.1.0/../../../../arm-none-eabi/lib/thumb/libg.a(lib_a-fflush.o)
                0x0000000002009938                _fflush_r
 .text.fflush   0x00000000020099a8       0x2c /opt/devkitpro/devkitARM/lib/gcc/arm-none-eabi/10.1.0/../../../../arm-none-eabi/lib/thumb/libg.a(lib_a-fflush.o)
                0x00000000020099a8                fflush
 .text._cleanup_r
                0x00000000020099d4       0x14 /opt/devkitpro/devkitARM/lib/gcc/arm-none-eabi/10.1.0/../../../../arm-none-eabi/lib/thumb/libg.a(lib_a-findfp.o)
                0x00000000020099d4                _cleanup_r
 .text.__sinit  0x00000000020099e8      0x124 /opt/devkitpro/devkitARM/lib/gcc/arm-none-eabi/10.1.0/../../../../arm-none-eabi/lib/thumb/libg.a(lib_a-findfp.o)
                0x00000000020099e8                __sinit
 .text.__sfp    0x0000000002009b0c       0xdc /opt/devkitpro/devkitARM/lib/gcc/arm-none-eabi/10.1.0/../../../../arm-none-eabi/lib/thumb/libg.a(lib_a-findfp.o)
                0x0000000002009b0c                __sfp
 .text.__sfp_lock_acquire
                0x0000000002009be8       0x14 /opt/devkitpro/devkitARM/lib/gcc/arm-none-eabi/10.1.0/../../../../arm-none-eabi/lib/thumb/libg.a(lib_a-findfp.o)
                0x0000000002009be8                __sfp_lock_acquire
 .text.__sfp_lock_release
                0x0000000002009bfc       0x14 /opt/devkitpro/devkitARM/lib/gcc/arm-none-eabi/10.1.0/../../../../arm-none-eabi/lib/thumb/libg.a(lib_a-findfp.o)
                0x0000000002009bfc                __sfp_lock_release
 .text._fopen_r
                0x0000000002009c10       0xb8 /opt/devkitpro/devkitARM/lib/gcc/arm-none-eabi/10.1.0/../../../../arm-none-eabi/lib/thumb/libg.a(lib_a-fopen.o)
                0x0000000002009c10                _fopen_r
 .text.fopen    0x0000000002009cc8       0x18 /opt/devkitpro/devkitARM/lib/gcc/arm-none-eabi/10.1.0/../../../../arm-none-eabi/lib/thumb/libg.a(lib_a-fopen.o)
                0x0000000002009cc8                fopen
 .text._fread_r
                0x0000000002009ce0      0x1f0 /opt/devkitpro/devkitARM/lib/gcc/arm-none-eabi/10.1.0/../../../../arm-none-eabi/lib/thumb/libg.a(lib_a-fread.o)
                0x0000000002009ce0                _fread_r
 .text.fread    0x0000000002009ed0       0x24 /opt/devkitpro/devkitARM/lib/gcc/arm-none-eabi/10.1.0/../../../../arm-none-eabi/lib/thumb/libg.a(lib_a-fread.o)
                0x0000000002009ed0                fread
 .text._malloc_trim_r
                0x0000000002009ef4       0xa0 /opt/devkitpro/devkitARM/lib/gcc/arm-none-eabi/10.1.0/../../../../arm-none-eabi/lib/thumb/libg.a(lib_a-freer.o)
                0x0000000002009ef4                _malloc_trim_r
 .text._free_r  0x0000000002009f94      0x1e0 /opt/devkitpro/devkitARM/lib/gcc/arm-none-eabi/10.1.0/../../../../arm-none-eabi/lib/thumb/libg.a(lib_a-freer.o)
                0x0000000002009f94                _free_r
 .text._fseek_r
                0x000000000200a174       0x18 /opt/devkitpro/devkitARM/lib/gcc/arm-none-eabi/10.1.0/../../../../arm-none-eabi/lib/thumb/libg.a(lib_a-fseek.o)
                0x000000000200a174                _fseek_r
 .text.fseek    0x000000000200a18c       0x24 /opt/devkitpro/devkitARM/lib/gcc/arm-none-eabi/10.1.0/../../../../arm-none-eabi/lib/thumb/libg.a(lib_a-fseek.o)
                0x000000000200a18c                fseek
 .text._fseeko_r
                0x000000000200a1b0      0x39c /opt/devkitpro/devkitARM/lib/gcc/arm-none-eabi/10.1.0/../../../../arm-none-eabi/lib/thumb/libg.a(lib_a-fseeko.o)
                0x000000000200a1b0                _fseeko_r
 .text._ftello_r
                0x000000000200a54c      0x118 /opt/devkitpro/devkitARM/lib/gcc/arm-none-eabi/10.1.0/../../../../arm-none-eabi/lib/thumb/libg.a(lib_a-ftello.o)
                0x000000000200a54c                _ftello_r
 .text._fwalk   0x000000000200a664       0x48 /opt/devkitpro/devkitARM/lib/gcc/arm-none-eabi/10.1.0/../../../../arm-none-eabi/lib/thumb/libg.a(lib_a-fwalk.o)
                0x000000000200a664                _fwalk
 .text._fwalk_reent
                0x000000000200a6ac       0x50 /opt/devkitpro/devkitARM/lib/gcc/arm-none-eabi/10.1.0/../../../../arm-none-eabi/lib/thumb/libg.a(lib_a-fwalk.o)
                0x000000000200a6ac                _fwalk_reent
 .text.__libc_init_array
                0x000000000200a6fc       0x50 /opt/devkitpro/devkitARM/lib/gcc/arm-none-eabi/10.1.0/../../../../arm-none-eabi/lib/thumb/libg.a(lib_a-init.o)
                0x000000000200a6fc                __libc_init_array
 .text.iprintf  0x000000000200a74c       0x24 /opt/devkitpro/devkitARM/lib/gcc/arm-none-eabi/10.1.0/../../../../arm-none-eabi/lib/thumb/libg.a(lib_a-iprintf.o)
                0x000000000200a74c                iprintf
 .text.__smakebuf_r
                0x000000000200a770       0xec /opt/devkitpro/devkitARM/lib/gcc/arm-none-eabi/10.1.0/../../../../arm-none-eabi/lib/thumb/libg.a(lib_a-makebuf.o)
                0x000000000200a770                __smakebuf_r
 .text.__swhatbuf_r
                0x000000000200a85c       0x64 /opt/devkitpro/devkitARM/lib/gcc/arm-none-eabi/10.1.0/../../../../arm-none-eabi/lib/thumb/libg.a(lib_a-makebuf.o)
                0x000000000200a85c                __swhatbuf_r
 .text.malloc   0x000000000200a8c0       0x14 /opt/devkitpro/devkitARM/lib/gcc/arm-none-eabi/10.1.0/../../../../arm-none-eabi/lib/thumb/libg.a(lib_a-malloc.o)
                0x000000000200a8c0                malloc
 .text.free     0x000000000200a8d4       0x14 /opt/devkitpro/devkitARM/lib/gcc/arm-none-eabi/10.1.0/../../../../arm-none-eabi/lib/thumb/libg.a(lib_a-malloc.o)
                0x000000000200a8d4                free
 .text._malloc_r
                0x000000000200a8e8      0x59c /opt/devkitpro/devkitARM/lib/gcc/arm-none-eabi/10.1.0/../../../../arm-none-eabi/lib/thumb/libg.a(lib_a-mallocr.o)
                0x000000000200a8e8                _malloc_r
 .text.memcpy   0x000000000200ae84       0xa8 /opt/devkitpro/devkitARM/lib/gcc/arm-none-eabi/10.1.0/../../../../arm-none-eabi/lib/thumb/libg.a(lib_a-memcpy-stub.o)
                0x000000000200ae84                memcpy
 .text.memset   0x000000000200af2c       0xb0 /opt/devkitpro/devkitARM/lib/gcc/arm-none-eabi/10.1.0/../../../../arm-none-eabi/lib/thumb/libg.a(lib_a-memset.o)
                0x000000000200af2c                memset
 .text.__malloc_lock
                0x000000000200afdc       0x14 /opt/devkitpro/devkitARM/lib/gcc/arm-none-eabi/10.1.0/../../../../arm-none-eabi/lib/thumb/libg.a(lib_a-mlock.o)
                0x000000000200afdc                __malloc_lock
 .text.__malloc_unlock
                0x000000000200aff0       0x14 /opt/devkitpro/devkitARM/lib/gcc/arm-none-eabi/10.1.0/../../../../arm-none-eabi/lib/thumb/libg.a(lib_a-mlock.o)
                0x000000000200aff0                __malloc_unlock
 .text.realloc  0x000000000200b004       0x18 /opt/devkitpro/devkitARM/lib/gcc/arm-none-eabi/10.1.0/../../../../arm-none-eabi/lib/thumb/libg.a(lib_a-realloc.o)
                0x000000000200b004                realloc
 .text._realloc_r
                0x000000000200b01c      0x38c /opt/devkitpro/devkitARM/lib/gcc/arm-none-eabi/10.1.0/../../../../arm-none-eabi/lib/thumb/libg.a(lib_a-reallocr.o)
                0x000000000200b01c                _realloc_r
 .text.lflush   0x000000000200b3a8       0x20 /opt/devkitpro/devkitARM/lib/gcc/arm-none-eabi/10.1.0/../../../../arm-none-eabi/lib/thumb/libg.a(lib_a-refill.o)
 .text.__srefill_r
                0x000000000200b3c8      0x118 /opt/devkitpro/devkitARM/lib/gcc/arm-none-eabi/10.1.0/../../../../arm-none-eabi/lib/thumb/libg.a(lib_a-refill.o)
                0x000000000200b3c8                __srefill_r
 .text.setvbuf  0x000000000200b4e0      0x1ac /opt/devkitpro/devkitARM/lib/gcc/arm-none-eabi/10.1.0/../../../../arm-none-eabi/lib/thumb/libg.a(lib_a-setvbuf.o)
                0x000000000200b4e0                setvbuf
 .text._raise_r
                0x000000000200b68c       0x64 /opt/devkitpro/devkitARM/lib/gcc/arm-none-eabi/10.1.0/../../../../arm-none-eabi/lib/thumb/libg.a(lib_a-signal.o)
                0x000000000200b68c                _raise_r
 .text.raise    0x000000000200b6f0       0x14 /opt/devkitpro/devkitARM/lib/gcc/arm-none-eabi/10.1.0/../../../../arm-none-eabi/lib/thumb/libg.a(lib_a-signal.o)
                0x000000000200b6f0                raise
 .text.siscanf  0x000000000200b704       0x4c /opt/devkitpro/devkitARM/lib/gcc/arm-none-eabi/10.1.0/../../../../arm-none-eabi/lib/thumb/libg.a(lib_a-siscanf.o)
                0x000000000200b704                siscanf
 .text.sprintf  0x000000000200b750       0x40 /opt/devkitpro/devkitARM/lib/gcc/arm-none-eabi/10.1.0/../../../../arm-none-eabi/lib/thumb/libg.a(lib_a-sprintf.o)
                0x000000000200b750                sprintf
 .text.__sread  0x000000000200b790       0x34 /opt/devkitpro/devkitARM/lib/gcc/arm-none-eabi/10.1.0/../../../../arm-none-eabi/lib/thumb/libg.a(lib_a-stdio.o)
                0x000000000200b790                __sread
 .text.__seofread
                0x000000000200b7c4        0x4 /opt/devkitpro/devkitARM/lib/gcc/arm-none-eabi/10.1.0/../../../../arm-none-eabi/lib/thumb/libg.a(lib_a-stdio.o)
                0x000000000200b7c4                __seofread
 .text.__swrite
                0x000000000200b7c8       0x54 /opt/devkitpro/devkitARM/lib/gcc/arm-none-eabi/10.1.0/../../../../arm-none-eabi/lib/thumb/libg.a(lib_a-stdio.o)
                0x000000000200b7c8                __swrite
 .text.__sseek  0x000000000200b81c       0x40 /opt/devkitpro/devkitARM/lib/gcc/arm-none-eabi/10.1.0/../../../../arm-none-eabi/lib/thumb/libg.a(lib_a-stdio.o)
                0x000000000200b81c                __sseek
 .text.__sclose
                0x000000000200b85c       0x10 /opt/devkitpro/devkitARM/lib/gcc/arm-none-eabi/10.1.0/../../../../arm-none-eabi/lib/thumb/libg.a(lib_a-stdio.o)
                0x000000000200b85c                __sclose
 .text.strlen   0x000000000200b86c       0x60 /opt/devkitpro/devkitARM/lib/gcc/arm-none-eabi/10.1.0/../../../../arm-none-eabi/lib/thumb/libg.a(lib_a-strlen-stub.o)
                0x000000000200b86c                strlen
 .text.get_arg  0x000000000200b8cc       0x32 /opt/devkitpro/devkitARM/lib/gcc/arm-none-eabi/10.1.0/../../../../arm-none-eabi/lib/thumb/libg.a(lib_a-svfiscanf.o)
 .text._sungetc_r
                0x000000000200b8fe       0x7e /opt/devkitpro/devkitARM/lib/gcc/arm-none-eabi/10.1.0/../../../../arm-none-eabi/lib/thumb/libg.a(lib_a-svfiscanf.o)
                0x000000000200b8fe                _sungetc_r
 .text.__ssrefill_r
                0x000000000200b97c       0x42 /opt/devkitpro/devkitARM/lib/gcc/arm-none-eabi/10.1.0/../../../../arm-none-eabi/lib/thumb/libg.a(lib_a-svfiscanf.o)
                0x000000000200b97c                __ssrefill_r
 .text._sfread_r
                0x000000000200b9be       0x8a /opt/devkitpro/devkitARM/lib/gcc/arm-none-eabi/10.1.0/../../../../arm-none-eabi/lib/thumb/libg.a(lib_a-svfiscanf.o)
                0x000000000200b9be                _sfread_r
 .text.__ssvfiscanf_r
                0x000000000200ba48     0x1b6c /opt/devkitpro/devkitARM/lib/gcc/arm-none-eabi/10.1.0/../../../../arm-none-eabi/lib/thumb/libg.a(lib_a-svfiscanf.o)
                0x000000000200ba48                __ssvfiscanf_r
 .text.get_arg  0x000000000200d5b4      0x3f0 /opt/devkitpro/devkitARM/lib/gcc/arm-none-eabi/10.1.0/../../../../arm-none-eabi/lib/thumb/libg.a(lib_a-svfprintf.o)
 .text._svfprintf_r
                0x000000000200d9a4     0x2498 /opt/devkitpro/devkitARM/lib/gcc/arm-none-eabi/10.1.0/../../../../arm-none-eabi/lib/thumb/libg.a(lib_a-svfprintf.o)
                0x000000000200d9a4                _svfprintf_r
 .text.__submore
                0x000000000200fe3c       0x88 /opt/devkitpro/devkitARM/lib/gcc/arm-none-eabi/10.1.0/../../../../arm-none-eabi/lib/thumb/libg.a(lib_a-ungetc.o)
                0x000000000200fe3c                __submore
 .text.get_arg  0x000000000200fec4      0x3f0 /opt/devkitpro/devkitARM/lib/gcc/arm-none-eabi/10.1.0/../../../../arm-none-eabi/lib/thumb/libg.a(lib_a-vfiprintf.o)
 .text.__sprint_r
                0x00000000020102b4       0x20 /opt/devkitpro/devkitARM/lib/gcc/arm-none-eabi/10.1.0/../../../../arm-none-eabi/lib/thumb/libg.a(lib_a-vfiprintf.o)
                0x00000000020102b4                __sprint_r
 .text._vfiprintf_r
                0x00000000020102d4     0x1800 /opt/devkitpro/devkitARM/lib/gcc/arm-none-eabi/10.1.0/../../../../arm-none-eabi/lib/thumb/libg.a(lib_a-vfiprintf.o)
                0x00000000020102d4                _vfiprintf_r
 .text.__sbprintf
                0x0000000002011ad4       0x8c /opt/devkitpro/devkitARM/lib/gcc/arm-none-eabi/10.1.0/../../../../arm-none-eabi/lib/thumb/libg.a(lib_a-vfiprintf.o)
 .text._wcrtomb_r
                0x0000000002011b60       0x5c /opt/devkitpro/devkitARM/lib/gcc/arm-none-eabi/10.1.0/../../../../arm-none-eabi/lib/thumb/libg.a(lib_a-wcrtomb.o)
                0x0000000002011b60                _wcrtomb_r
 .text._wcsrtombs_r
                0x0000000002011bbc       0x1c /opt/devkitpro/devkitARM/lib/gcc/arm-none-eabi/10.1.0/../../../../arm-none-eabi/lib/thumb/libg.a(lib_a-wcsrtombs.o)
                0x0000000002011bbc                _wcsrtombs_r
 .text.__swsetup_r
                0x0000000002011bd8       0xe4 /opt/devkitpro/devkitARM/lib/gcc/arm-none-eabi/10.1.0/../../../../arm-none-eabi/lib/thumb/libg.a(lib_a-wsetup.o)
                0x0000000002011bd8                __swsetup_r
 .text.quorem   0x0000000002011cbc      0x14c /opt/devkitpro/devkitARM/lib/gcc/arm-none-eabi/10.1.0/../../../../arm-none-eabi/lib/thumb/libg.a(lib_a-dtoa.o)
 .text._dtoa_r  0x0000000002011e08      0xff0 /opt/devkitpro/devkitARM/lib/gcc/arm-none-eabi/10.1.0/../../../../arm-none-eabi/lib/thumb/libg.a(lib_a-dtoa.o)
                0x0000000002011e08                _dtoa_r
 .text.__sflags
                0x0000000002012df8       0xa4 /opt/devkitpro/devkitARM/lib/gcc/arm-none-eabi/10.1.0/../../../../arm-none-eabi/lib/thumb/libg.a(lib_a-flags.o)
                0x0000000002012df8                __sflags
 .text.__sfvwrite_r
                0x0000000002012e9c      0x324 /opt/devkitpro/devkitARM/lib/gcc/arm-none-eabi/10.1.0/../../../../arm-none-eabi/lib/thumb/libg.a(lib_a-fvwrite.o)
                0x0000000002012e9c                __sfvwrite_r
 .text.iswspace
                0x00000000020131c0       0x10 /opt/devkitpro/devkitARM/lib/gcc/arm-none-eabi/10.1.0/../../../../arm-none-eabi/lib/thumb/libg.a(lib_a-iswspace.o)
                0x00000000020131c0                iswspace
 .text._localeconv_r
                0x00000000020131d0        0x8 /opt/devkitpro/devkitARM/lib/gcc/arm-none-eabi/10.1.0/../../../../arm-none-eabi/lib/thumb/libg.a(lib_a-localeconv.o)
                0x00000000020131d0                _localeconv_r
 .text.__locale_mb_cur_max
                0x00000000020131d8       0x10 /opt/devkitpro/devkitARM/lib/gcc/arm-none-eabi/10.1.0/../../../../arm-none-eabi/lib/thumb/libg.a(lib_a-locale.o)
                0x00000000020131d8                __locale_mb_cur_max
 .text._mbrtowc_r
                0x00000000020131e8       0x60 /opt/devkitpro/devkitARM/lib/gcc/arm-none-eabi/10.1.0/../../../../arm-none-eabi/lib/thumb/libg.a(lib_a-mbrtowc.o)
                0x00000000020131e8                _mbrtowc_r
 .text.__utf8_mbtowc
                0x0000000002013248      0x280 /opt/devkitpro/devkitARM/lib/gcc/arm-none-eabi/10.1.0/../../../../arm-none-eabi/lib/thumb/libg.a(lib_a-mbtowc_r.o)
                0x0000000002013248                __utf8_mbtowc
 .text.memchr   0x00000000020134c8       0x78 /opt/devkitpro/devkitARM/lib/gcc/arm-none-eabi/10.1.0/../../../../arm-none-eabi/lib/thumb/libg.a(lib_a-memchr-stub.o)
                0x00000000020134c8                memchr
 .text.memmove  0x0000000002013540       0xbc /opt/devkitpro/devkitARM/lib/gcc/arm-none-eabi/10.1.0/../../../../arm-none-eabi/lib/thumb/libg.a(lib_a-memmove.o)
                0x0000000002013540                memmove
 .text._Balloc  0x00000000020135fc       0x54 /opt/devkitpro/devkitARM/lib/gcc/arm-none-eabi/10.1.0/../../../../arm-none-eabi/lib/thumb/libg.a(lib_a-mprec.o)
                0x00000000020135fc                _Balloc
 .text._Bfree   0x0000000002013650       0x14 /opt/devkitpro/devkitARM/lib/gcc/arm-none-eabi/10.1.0/../../../../arm-none-eabi/lib/thumb/libg.a(lib_a-mprec.o)
                0x0000000002013650                _Bfree
 .text.__multadd
                0x0000000002013664       0xac /opt/devkitpro/devkitARM/lib/gcc/arm-none-eabi/10.1.0/../../../../arm-none-eabi/lib/thumb/libg.a(lib_a-mprec.o)
                0x0000000002013664                __multadd
 .text.__hi0bits
                0x0000000002013710       0x38 /opt/devkitpro/devkitARM/lib/gcc/arm-none-eabi/10.1.0/../../../../arm-none-eabi/lib/thumb/libg.a(lib_a-mprec.o)
                0x0000000002013710                __hi0bits
 .text.__lo0bits
                0x0000000002013748       0x5c /opt/devkitpro/devkitARM/lib/gcc/arm-none-eabi/10.1.0/../../../../arm-none-eabi/lib/thumb/libg.a(lib_a-mprec.o)
                0x0000000002013748                __lo0bits
 .text.__i2b    0x00000000020137a4       0x64 /opt/devkitpro/devkitARM/lib/gcc/arm-none-eabi/10.1.0/../../../../arm-none-eabi/lib/thumb/libg.a(lib_a-mprec.o)
                0x00000000020137a4                __i2b
 .text.__multiply
                0x0000000002013808      0x1a8 /opt/devkitpro/devkitARM/lib/gcc/arm-none-eabi/10.1.0/../../../../arm-none-eabi/lib/thumb/libg.a(lib_a-mprec.o)
                0x0000000002013808                __multiply
 .text.__pow5mult
                0x00000000020139b0       0xdc /opt/devkitpro/devkitARM/lib/gcc/arm-none-eabi/10.1.0/../../../../arm-none-eabi/lib/thumb/libg.a(lib_a-mprec.o)
                0x00000000020139b0                __pow5mult
 .text.__lshift
                0x0000000002013a8c      0x100 /opt/devkitpro/devkitARM/lib/gcc/arm-none-eabi/10.1.0/../../../../arm-none-eabi/lib/thumb/libg.a(lib_a-mprec.o)
                0x0000000002013a8c                __lshift
 .text.__mcmp   0x0000000002013b8c       0x38 /opt/devkitpro/devkitARM/lib/gcc/arm-none-eabi/10.1.0/../../../../arm-none-eabi/lib/thumb/libg.a(lib_a-mprec.o)
                0x0000000002013b8c                __mcmp
 .text.__mdiff  0x0000000002013bc4      0x190 /opt/devkitpro/devkitARM/lib/gcc/arm-none-eabi/10.1.0/../../../../arm-none-eabi/lib/thumb/libg.a(lib_a-mprec.o)
                0x0000000002013bc4                __mdiff
 .text.__d2b    0x0000000002013d54       0xdc /opt/devkitpro/devkitARM/lib/gcc/arm-none-eabi/10.1.0/../../../../arm-none-eabi/lib/thumb/libg.a(lib_a-mprec.o)
                0x0000000002013d54                __d2b
 .text.__sccl   0x0000000002013e30       0x90 /opt/devkitpro/devkitARM/lib/gcc/arm-none-eabi/10.1.0/../../../../arm-none-eabi/lib/thumb/libg.a(lib_a-sccl.o)
                0x0000000002013e30                __sccl
 .text.frexp    0x0000000002013ec0       0x68 /opt/devkitpro/devkitARM/lib/gcc/arm-none-eabi/10.1.0/../../../../arm-none-eabi/lib/thumb/libg.a(lib_a-s_frexp.o)
                0x0000000002013ec0                frexp
 .text.strchr   0x0000000002013f28       0xc8 /opt/devkitpro/devkitARM/lib/gcc/arm-none-eabi/10.1.0/../../../../arm-none-eabi/lib/thumb/libg.a(lib_a-strchr.o)
                0x0000000002013f28                strchr
 .text.strncmp  0x0000000002013ff0       0x78 /opt/devkitpro/devkitARM/lib/gcc/arm-none-eabi/10.1.0/../../../../arm-none-eabi/lib/thumb/libg.a(lib_a-strncmp.o)
                0x0000000002013ff0                strncmp
 .text.strncpy  0x0000000002014068       0x74 /opt/devkitpro/devkitARM/lib/gcc/arm-none-eabi/10.1.0/../../../../arm-none-eabi/lib/thumb/libg.a(lib_a-strncpy.o)
                0x0000000002014068                strncpy
 .text._strtoll_l.constprop.0
                0x00000000020140dc      0x1ac /opt/devkitpro/devkitARM/lib/gcc/arm-none-eabi/10.1.0/../../../../arm-none-eabi/lib/thumb/libg.a(lib_a-strtoll.o)
 .text._strtoll_r
                0x0000000002014288        0xc /opt/devkitpro/devkitARM/lib/gcc/arm-none-eabi/10.1.0/../../../../arm-none-eabi/lib/thumb/libg.a(lib_a-strtoll.o)
                0x0000000002014288                _strtoll_r
 .text._strtol_l.part.0
                0x0000000002014294      0x150 /opt/devkitpro/devkitARM/lib/gcc/arm-none-eabi/10.1.0/../../../../arm-none-eabi/lib/thumb/libg.a(lib_a-strtol.o)
 .text._strtol_r
                0x00000000020143e4       0x20 /opt/devkitpro/devkitARM/lib/gcc/arm-none-eabi/10.1.0/../../../../arm-none-eabi/lib/thumb/libg.a(lib_a-strtol.o)
                0x00000000020143e4                _strtol_r
 .text._strtoull_l.constprop.0
                0x0000000002014404      0x1c8 /opt/devkitpro/devkitARM/lib/gcc/arm-none-eabi/10.1.0/../../../../arm-none-eabi/lib/thumb/libg.a(lib_a-strtoull.o)
 .text._strtoull_r
                0x00000000020145cc        0xc /opt/devkitpro/devkitARM/lib/gcc/arm-none-eabi/10.1.0/../../../../arm-none-eabi/lib/thumb/libg.a(lib_a-strtoull.o)
                0x00000000020145cc                _strtoull_r
 .text._strtoul_l.constprop.0
                0x00000000020145d8      0x148 /opt/devkitpro/devkitARM/lib/gcc/arm-none-eabi/10.1.0/../../../../arm-none-eabi/lib/thumb/libg.a(lib_a-strtoul.o)
 .text._strtoul_r
                0x0000000002014720        0xc /opt/devkitpro/devkitARM/lib/gcc/arm-none-eabi/10.1.0/../../../../arm-none-eabi/lib/thumb/libg.a(lib_a-strtoul.o)
                0x0000000002014720                _strtoul_r
 .text.__ssprint_r
                0x000000000201472c      0x124 /opt/devkitpro/devkitARM/lib/gcc/arm-none-eabi/10.1.0/../../../../arm-none-eabi/lib/thumb/libg.a(lib_a-svfiprintf.o)
                0x000000000201472c                __ssprint_r
 .text._wcsnrtombs_l
                0x0000000002014850      0x138 /opt/devkitpro/devkitARM/lib/gcc/arm-none-eabi/10.1.0/../../../../arm-none-eabi/lib/thumb/libg.a(lib_a-wcsnrtombs.o)
                0x0000000002014850                _wcsnrtombs_l
 .text._wcsnrtombs_r
                0x0000000002014988       0x30 /opt/devkitpro/devkitARM/lib/gcc/arm-none-eabi/10.1.0/../../../../arm-none-eabi/lib/thumb/libg.a(lib_a-wcsnrtombs.o)
                0x0000000002014988                _wcsnrtombs_r
 .text.__utf8_wctomb
                0x00000000020149b8       0xb4 /opt/devkitpro/devkitARM/lib/gcc/arm-none-eabi/10.1.0/../../../../arm-none-eabi/lib/thumb/libg.a(lib_a-wctomb_r.o)
                0x00000000020149b8                __utf8_wctomb
 .text.__assert_func
                0x0000000002014a6c       0x40 /opt/devkitpro/devkitARM/lib/gcc/arm-none-eabi/10.1.0/../../../../arm-none-eabi/lib/thumb/libg.a(lib_a-assert.o)
                0x0000000002014a6c                __assert_func
 .text.__errno  0x0000000002014aac        0xc /opt/devkitpro/devkitARM/lib/gcc/arm-none-eabi/10.1.0/../../../../arm-none-eabi/lib/thumb/libg.a(lib_a-errno.o)
                0x0000000002014aac                __errno
 .text.fiprintf
                0x0000000002014ab8       0x28 /opt/devkitpro/devkitARM/lib/gcc/arm-none-eabi/10.1.0/../../../../arm-none-eabi/lib/thumb/libg.a(lib_a-fiprintf.o)
                0x0000000002014ab8                fiprintf
 .text.iswspace_l
                0x0000000002014ae0       0x2c /opt/devkitpro/devkitARM/lib/gcc/arm-none-eabi/10.1.0/../../../../arm-none-eabi/lib/thumb/libg.a(lib_a-iswspace_l.o)
                0x0000000002014ae0                iswspace_l
 .text.__jp2uc  0x0000000002014b0c      0x164 /opt/devkitpro/devkitARM/lib/gcc/arm-none-eabi/10.1.0/../../../../arm-none-eabi/lib/thumb/libg.a(lib_a-jp2uc.o)
 .text._jp2uc_l
                0x0000000002014c70       0x6c /opt/devkitpro/devkitARM/lib/gcc/arm-none-eabi/10.1.0/../../../../arm-none-eabi/lib/thumb/libg.a(lib_a-jp2uc.o)
                0x0000000002014c70                _jp2uc_l
 .text.category
                0x0000000002014cdc       0x54 /opt/devkitpro/devkitARM/lib/gcc/arm-none-eabi/10.1.0/../../../../arm-none-eabi/lib/thumb/libg.a(lib_a-categories.o)
                0x0000000002014cdc                category
 .text.null_write
                0x0000000002014d30        0x4 /opt/devkitpro/devkitARM/lib/gcc/arm-none-eabi/10.1.0/../../../../arm-none-eabi/lib/thumb/libsysbase.a(iosupport.o)
 .text.FindDevice
                0x0000000002014d34       0x98 /opt/devkitpro/devkitARM/lib/gcc/arm-none-eabi/10.1.0/../../../../arm-none-eabi/lib/thumb/libsysbase.a(iosupport.o)
                0x0000000002014d34                FindDevice
 .text._fstat_r
                0x0000000002014dcc       0x4c /opt/devkitpro/devkitARM/lib/gcc/arm-none-eabi/10.1.0/../../../../arm-none-eabi/lib/thumb/libsysbase.a(fstat.o)
                0x0000000002014dcc                _fstat_r
 .text._getpid_r
                0x0000000002014e18        0xc /opt/devkitpro/devkitARM/lib/gcc/arm-none-eabi/10.1.0/../../../../arm-none-eabi/lib/thumb/libsysbase.a(getpid.o)
                0x0000000002014e18                _getpid_r
 .text._isatty_r
                0x0000000002014e24        0x4 /opt/devkitpro/devkitARM/lib/gcc/arm-none-eabi/10.1.0/../../../../arm-none-eabi/lib/thumb/libsysbase.a(isatty.o)
                0x0000000002014e24                _isatty_r
 .text._kill_r  0x0000000002014e28        0xc /opt/devkitpro/devkitARM/lib/gcc/arm-none-eabi/10.1.0/../../../../arm-none-eabi/lib/thumb/libsysbase.a(kill.o)
                0x0000000002014e28                _kill_r
 .text._lseek_r
                0x0000000002014e34       0x5c /opt/devkitpro/devkitARM/lib/gcc/arm-none-eabi/10.1.0/../../../../arm-none-eabi/lib/thumb/libsysbase.a(lseek.o)
                0x0000000002014e34                _lseek_r
 .text._open_r  0x0000000002014e90       0x9c /opt/devkitpro/devkitARM/lib/gcc/arm-none-eabi/10.1.0/../../../../arm-none-eabi/lib/thumb/libsysbase.a(open.o)
                0x0000000002014e90                _open_r
 .text._read_r  0x0000000002014f2c       0x50 /opt/devkitpro/devkitARM/lib/gcc/arm-none-eabi/10.1.0/../../../../arm-none-eabi/lib/thumb/libsysbase.a(read.o)
                0x0000000002014f2c                _read_r
 .text._sbrk_r  0x0000000002014f7c       0x54 /opt/devkitpro/devkitARM/lib/gcc/arm-none-eabi/10.1.0/../../../../arm-none-eabi/lib/thumb/libsysbase.a(sbrk.o)
                0x0000000002014f7c                _sbrk_r
 .text._write_r
                0x0000000002014fd0       0x50 /opt/devkitpro/devkitARM/lib/gcc/arm-none-eabi/10.1.0/../../../../arm-none-eabi/lib/thumb/libsysbase.a(write.o)
                0x0000000002014fd0                _write_r
 .text._exit    0x0000000002015020       0x18 /opt/devkitpro/devkitARM/lib/gcc/arm-none-eabi/10.1.0/../../../../arm-none-eabi/lib/thumb/libsysbase.a(_exit.o)
                0x0000000002015020                _exit
 .text.build_argv
                0x0000000002015038       0x4c /opt/devkitpro/devkitARM/lib/gcc/arm-none-eabi/10.1.0/../../../../arm-none-eabi/lib/thumb/libsysbase.a(build_argv.o)
                0x0000000002015038                build_argv
 .text.__flockfile
                0x0000000002015084       0x10 /opt/devkitpro/devkitARM/lib/gcc/arm-none-eabi/10.1.0/../../../../arm-none-eabi/lib/thumb/libsysbase.a(flock.o)
                0x0000000002015084                __flockfile
 .text.__funlockfile
                0x0000000002015094       0x10 /opt/devkitpro/devkitARM/lib/gcc/arm-none-eabi/10.1.0/../../../../arm-none-eabi/lib/thumb/libsysbase.a(flock.o)
                0x0000000002015094                __funlockfile
 .text.__libc_lock_acquire
                0x00000000020150a4       0x1c /opt/devkitpro/devkitARM/lib/gcc/arm-none-eabi/10.1.0/../../../../arm-none-eabi/lib/thumb/libsysbase.a(syscall_support.o)
                0x00000000020150a4                __libc_lock_acquire
 .text.__libc_lock_release
                0x00000000020150c0       0x1c /opt/devkitpro/devkitARM/lib/gcc/arm-none-eabi/10.1.0/../../../../arm-none-eabi/lib/thumb/libsysbase.a(syscall_support.o)
                0x00000000020150c0                __libc_lock_release
 .text.__libc_lock_init_recursive
                0x00000000020150dc       0x1c /opt/devkitpro/devkitARM/lib/gcc/arm-none-eabi/10.1.0/../../../../arm-none-eabi/lib/thumb/libsysbase.a(syscall_support.o)
                0x00000000020150dc                __libc_lock_init_recursive
 .text.__libc_lock_acquire_recursive
                0x00000000020150f8       0x1c /opt/devkitpro/devkitARM/lib/gcc/arm-none-eabi/10.1.0/../../../../arm-none-eabi/lib/thumb/libsysbase.a(syscall_support.o)
                0x00000000020150f8                __libc_lock_acquire_recursive
 .text.__libc_lock_release_recursive
                0x0000000002015114       0x1c /opt/devkitpro/devkitARM/lib/gcc/arm-none-eabi/10.1.0/../../../../arm-none-eabi/lib/thumb/libsysbase.a(syscall_support.o)
                0x0000000002015114                __libc_lock_release_recursive
 .text.__libc_lock_close_recursive
                0x0000000002015130       0x1c /opt/devkitpro/devkitARM/lib/gcc/arm-none-eabi/10.1.0/../../../../arm-none-eabi/lib/thumb/libsysbase.a(syscall_support.o)
                0x0000000002015130                __libc_lock_close_recursive
 .text.__release_handle
                0x000000000201514c       0x68 /opt/devkitpro/devkitARM/lib/gcc/arm-none-eabi/10.1.0/../../../../arm-none-eabi/lib/thumb/libsysbase.a(handle_manager.o)
                0x000000000201514c                __release_handle
 .text.__alloc_handle
                0x00000000020151b4       0x80 /opt/devkitpro/devkitARM/lib/gcc/arm-none-eabi/10.1.0/../../../../arm-none-eabi/lib/thumb/libsysbase.a(handle_manager.o)
                0x00000000020151b4                __alloc_handle
 .text.__get_handle
                0x0000000002015234       0x34 /opt/devkitpro/devkitARM/lib/gcc/arm-none-eabi/10.1.0/../../../../arm-none-eabi/lib/thumb/libsysbase.a(handle_manager.o)
                0x0000000002015234                __get_handle
 .text._close_r
                0x0000000002015268       0xb8 /opt/devkitpro/devkitARM/lib/gcc/arm-none-eabi/10.1.0/../../../../arm-none-eabi/lib/thumb/libsysbase.a(handle_manager.o)
                0x0000000002015268                _close_r
 .text.__getreent
                0x0000000002015320       0x28 /opt/devkitpro/devkitARM/lib/gcc/arm-none-eabi/10.1.0/../../../../arm-none-eabi/lib/thumb/libsysbase.a(getreent.o)
                0x0000000002015320                __getreent
 .text.__udivmoddi4
                0x0000000002015348      0x19c /opt/devkitpro/devkitARM/lib/gcc/arm-none-eabi/10.1.0/thumb/libgcc.a(_udivmoddi4.o)
                0x0000000002015348                __udivmoddi4
 *fill*         0x00000000020154e4        0x4 ff
 .text.__udivmoddi4.__stub
                0x00000000020154e8      0x168 linker stubs
 *(EXCLUDE_FILE(*.twl*) .gnu.warning)
 *(EXCLUDE_FILE(*.twl*) .gnu.linkonce.t*)
 *(.glue_7)
 .glue_7        0x0000000002015660        0x0 linker stubs
 *(.glue_7t)
 .glue_7t       0x0000000002015660        0x0 linker stubs
                0x0000000002015660                . = ALIGN (0x4)

.vfp11_veneer   0x0000000002015660        0x0
 .vfp11_veneer  0x0000000002015660        0x0 linker stubs

.v4_bx          0x0000000002015660        0x0
 .v4_bx         0x0000000002015660        0x0 linker stubs

.iplt           0x0000000002015660        0x0
 .iplt          0x0000000002015660        0x0 /opt/devkitpro/devkitARM/lib/gcc/arm-none-eabi/10.1.0/../../../../arm-none-eabi/lib/thumb/ds_arm9_crt0.o

.fini           0x0000000002015660        0xc
 *(.fini)
 .fini          0x0000000002015660        0x4 /opt/devkitpro/devkitARM/lib/gcc/arm-none-eabi/10.1.0/thumb/crti.o
                0x0000000002015660                _fini
 .fini          0x0000000002015664        0x8 /opt/devkitpro/devkitARM/lib/gcc/arm-none-eabi/10.1.0/thumb/crtn.o
                0x000000000201566c                __text_end = .

.rodata         0x0000000002015670   0x2cc358
 *(EXCLUDE_FILE(*.twl*) .rodata)
 .rodata        0x0000000002015670     0xc200 mainTiles.o
                0x0000000002015670                mainTilesTiles
                0x0000000002021670                mainTilesPal
 .rodata        0x0000000002021870    0x10200 font_si.o
                0x0000000002021870                font_siBitmap
                0x0000000002031870                font_siPal
 .rodata        0x0000000002031a70    0x10200 threeDtex3.o
                0x0000000002031a70                threeDtex3Bitmap
                0x0000000002041a70                threeDtex3Pal
 .rodata        0x0000000002041c70    0x10200 font_16x16.o
                0x0000000002041c70                font_16x16Bitmap
                0x0000000002051c70                font_16x16Pal
 .rodata        0x0000000002051e70    0x10200 threeDtex0.o
                0x0000000002051e70                threeDtex0Bitmap
                0x0000000002061e70                threeDtex0Pal
 .rodata        0x0000000002062070    0x10200 threeDtex1.o
                0x0000000002062070                threeDtex1Bitmap
                0x0000000002072070                threeDtex1Pal
 .rodata        0x0000000002072270    0x10200 subTiles.o
                0x0000000002072270                subTilesTiles
                0x0000000002082270                subTilesPal
 .rodata        0x0000000002082470    0x10200 threeDtex2.o
                0x0000000002082470                threeDtex2Bitmap
                0x0000000002092470                threeDtex2Pal
 .rodata        0x0000000002092670   0x24309c mmsolution.bin.o
                0x0000000002092670                mmsolution_bin
                0x00000000022d5708                mmsolution_bin_end
                0x00000000022d5708                mmsolution_bin_size
 .rodata        0x00000000022d570c       0x24 /opt/devkitpro/libnds/lib/libnds9.a(videoGL.o)
 .rodata        0x00000000022d5730     0x2004 /opt/devkitpro/libnds/lib/libnds9.a(default_font.bin.o)
                0x00000000022d5730                default_font_bin
                0x00000000022d7730                default_font_bin_end
                0x00000000022d7730                default_font_bin_size
 .rodata        0x00000000022d7734     0x2d0c /opt/devkitpro/libnds/lib/libnds9.a(keyboardGfx.o)
                0x00000000022d7734                keyboardGfxTiles
                0x00000000022d9a20                keyboardGfxMap
                0x00000000022da420                keyboardGfxPal
 *all.rodata*(*)
 *(EXCLUDE_FILE(*.twl*) .roda)
 *(EXCLUDE_FILE(*.twl*) .rodata.*)
 .rodata.str1.4
                0x00000000022da440      0x11d main.o
 *fill*         0x00000000022da55d        0x3 ff
 .rodata.con_write.str1.4
                0x00000000022da560       0x30 /opt/devkitpro/libnds/lib/libnds9.a(console.o)
 .rodata.con_write
                0x00000000022da590       0xd4 /opt/devkitpro/libnds/lib/libnds9.a(console.o)
 .rodata.str1.4
                0x00000000022da664       0x14 /opt/devkitpro/libnds/lib/libnds9.a(console.o)
 .rodata.dotab_stdout
                0x00000000022da678       0x70 /opt/devkitpro/libnds/lib/libnds9.a(console.o)
 .rodata.SIN_LUT
                0x00000000022da6e8      0x102 /opt/devkitpro/libnds/lib/libnds9.a(trig.o)
                0x00000000022da6e8                SIN_LUT
 *fill*         0x00000000022da7ea        0x2 ff
 .rodata.TAN_LUT
                0x00000000022da7ec      0x204 /opt/devkitpro/libnds/lib/libnds9.a(trig.o)
                0x00000000022da7ec                TAN_LUT
 .rodata.glMaterialf
                0x00000000022da9f0       0x44 /opt/devkitpro/libnds/lib/libnds9.a(videoGL.o)
 .rodata.str1.4
                0x00000000022daa34        0x6 /opt/devkitpro/libnds/lib/libnds9.a(keyboard.o)
 *fill*         0x00000000022daa3a        0x2 ff
 .rodata.std_in
                0x00000000022daa3c       0x70 /opt/devkitpro/libnds/lib/libnds9.a(keyboard.o)
                0x00000000022daa3c                std_in
 .rodata.decompress
                0x00000000022daaac       0x14 /opt/devkitpro/libnds/lib/libnds9.a(decompress.o)
 .rodata._ZNKSt9bad_alloc4whatEv.str1.4